Archive member included to satisfy reference by file (symbol)

c:/program files (x86)/embitz/2.64/share/armgcc/bin/../lib/gcc/arm-none-eabi/9.3.1/thumb/v7-m/nofp\libgcc.a(_arm_muldf3.o)
                              obj\debug\application\driversmcuperipherals\usart.o (__aeabi_dmul)
c:/program files (x86)/embitz/2.64/share/armgcc/bin/../lib/gcc/arm-none-eabi/9.3.1/thumb/v7-m/nofp\libgcc.a(_arm_mulsf3.o)
                              obj\debug\application\driversmcuperipherals\usart.o (__aeabi_fmul)
c:/program files (x86)/embitz/2.64/share/armgcc/bin/../lib/gcc/arm-none-eabi/9.3.1/thumb/v7-m/nofp\libgcc.a(_arm_addsubdf3.o)
                              obj\debug\application\driversmcuperipherals\usart.o (__aeabi_dadd)
c:/program files (x86)/embitz/2.64/share/armgcc/bin/../lib/gcc/arm-none-eabi/9.3.1/thumb/v7-m/nofp\libgcc.a(_arm_muldivdf3.o)
                              obj\debug\application\driversmcuperipherals\usart.o (__aeabi_ddiv)
c:/program files (x86)/embitz/2.64/share/armgcc/bin/../lib/gcc/arm-none-eabi/9.3.1/thumb/v7-m/nofp\libgcc.a(_arm_fixunsdfsi.o)
                              obj\debug\application\system\systime.o (__aeabi_d2uiz)
c:/program files (x86)/embitz/2.64/share/armgcc/bin/../lib/gcc/arm-none-eabi/9.3.1/thumb/v7-m/nofp\libgcc.a(_arm_truncdfsf2.o)
                              obj\debug\application\driversmcuperipherals\usart.o (__aeabi_d2f)
c:/program files (x86)/embitz/2.64/share/armgcc/bin/../lib/gcc/arm-none-eabi/9.3.1/thumb/v7-m/nofp\libgcc.a(_arm_addsubsf3.o)
                              obj\debug\application\driversmcuperipherals\adc.o (__aeabi_fsub)
c:/program files (x86)/embitz/2.64/share/armgcc/bin/../lib/gcc/arm-none-eabi/9.3.1/thumb/v7-m/nofp\libgcc.a(_arm_muldivsf3.o)
                              obj\debug\application\driversmcuperipherals\adc.o (__aeabi_fdiv)
c:/program files (x86)/embitz/2.64/share/armgcc/bin/../lib/gcc/arm-none-eabi/9.3.1/thumb/v7-m/nofp\libgcc.a(_arm_cmpsf2.o)
                              obj\debug\application\driversmcuperipherals\adc.o (__aeabi_fcmplt)
c:/program files (x86)/embitz/2.64/share/armgcc/bin/../lib/gcc/arm-none-eabi/9.3.1/thumb/v7-m/nofp\libgcc.a(_arm_fixsfsi.o)
                              obj\debug\application\driversmcuperipherals\adc.o (__aeabi_f2iz)
c:/program files (x86)/embitz/2.64/share/armgcc/bin/../lib/gcc/arm-none-eabi/9.3.1/thumb/v7-m/nofp\libgcc.a(_arm_fixunssfsi.o)
                              obj\debug\application\driversmcuperipherals\usart.o (__aeabi_f2uiz)
c:/program files (x86)/embitz/2.64/share/armgcc/bin/../lib/gcc/arm-none-eabi/9.3.1/../../../../arm-none-eabi/lib/thumb/v7-m/nofp\libg_nano.a(lib_a-atoi.o)
                              obj\debug\application\console\command\command.o (atoi)
c:/program files (x86)/embitz/2.64/share/armgcc/bin/../lib/gcc/arm-none-eabi/9.3.1/../../../../arm-none-eabi/lib/thumb/v7-m/nofp\libg_nano.a(lib_a-errno.o)
                              obj\debug\application\utils\stringutils.o (__errno)
c:/program files (x86)/embitz/2.64/share/armgcc/bin/../lib/gcc/arm-none-eabi/9.3.1/../../../../arm-none-eabi/lib/thumb/v7-m/nofp\libg_nano.a(lib_a-exit.o)
                              c:/program files (x86)/embitz/2.64/share/armgcc/bin/../lib/gcc/arm-none-eabi/9.3.1/../../../../arm-none-eabi/lib/thumb/v7-m/nofp/rdimon-crt0.o (exit)
c:/program files (x86)/embitz/2.64/share/armgcc/bin/../lib/gcc/arm-none-eabi/9.3.1/../../../../arm-none-eabi/lib/thumb/v7-m/nofp\libg_nano.a(lib_a-impure.o)
                              c:/program files (x86)/embitz/2.64/share/armgcc/bin/../lib/gcc/arm-none-eabi/9.3.1/../../../../arm-none-eabi/lib/thumb/v7-m/nofp\libg_nano.a(lib_a-exit.o) (_global_impure_ptr)
c:/program files (x86)/embitz/2.64/share/armgcc/bin/../lib/gcc/arm-none-eabi/9.3.1/../../../../arm-none-eabi/lib/thumb/v7-m/nofp\libg_nano.a(lib_a-init.o)
                              c:/program files (x86)/embitz/2.64/share/armgcc/bin/../lib/gcc/arm-none-eabi/9.3.1/../../../../arm-none-eabi/lib/thumb/v7-m/nofp/rdimon-crt0.o (__libc_init_array)
c:/program files (x86)/embitz/2.64/share/armgcc/bin/../lib/gcc/arm-none-eabi/9.3.1/../../../../arm-none-eabi/lib/thumb/v7-m/nofp\libg_nano.a(lib_a-lcltime.o)
                              obj\debug\application\driversmcuperipherals\rtc.o (localtime)
c:/program files (x86)/embitz/2.64/share/armgcc/bin/../lib/gcc/arm-none-eabi/9.3.1/../../../../arm-none-eabi/lib/thumb/v7-m/nofp\libg_nano.a(lib_a-lcltime_r.o)
                              c:/program files (x86)/embitz/2.64/share/armgcc/bin/../lib/gcc/arm-none-eabi/9.3.1/../../../../arm-none-eabi/lib/thumb/v7-m/nofp\libg_nano.a(lib_a-lcltime.o) (localtime_r)
c:/program files (x86)/embitz/2.64/share/armgcc/bin/../lib/gcc/arm-none-eabi/9.3.1/../../../../arm-none-eabi/lib/thumb/v7-m/nofp\libg_nano.a(lib_a-malloc.o)
                              c:/program files (x86)/embitz/2.64/share/armgcc/bin/../lib/gcc/arm-none-eabi/9.3.1/../../../../arm-none-eabi/lib/thumb/v7-m/nofp\libg_nano.a(lib_a-lcltime.o) (malloc)
[...]
Memory Configuration

Name             Origin             Length             Attributes
ROM              0x08000000         0x00040000         xr
RAM              0x20000000         0x00020000         xrw
*default*        0x00000000         0xffffffff

Linker script and memory map

LOAD c:/program files (x86)/embitz/2.64/share/armgcc/bin/../lib/gcc/arm-none-eabi/9.3.1/thumb/v7-m/nofp/crti.o
LOAD c:/program files (x86)/embitz/2.64/share/armgcc/bin/../lib/gcc/arm-none-eabi/9.3.1/thumb/v7-m/nofp/crtbegin.o
LOAD c:/program files (x86)/embitz/2.64/share/armgcc/bin/../lib/gcc/arm-none-eabi/9.3.1/../../../../arm-none-eabi/lib/thumb/v7-m/nofp/rdimon-crt0.o
                0x00002000                __HEAP_SIZE = 0x2000
                0x00001000                __STACK_SIZE = 0x1000

.text           0x08000000    0x1609c
 *(.isr_vector)
 .isr_vector    0x08000000      0x184 obj\debug\src\startup_stm32f2xx.o
                0x08000000                __isr_vector
 *(.text*)
 .text          0x08000184       0x40 c:/program files (x86)/embitz/2.64/share/armgcc/bin/../lib/gcc/arm-none-eabi/9.3.1/thumb/v7-m/nofp/crtbegin.o
 .text          0x080001c4       0xf8 c:/program files (x86)/embitz/2.64/share/armgcc/bin/../lib/gcc/arm-none-eabi/9.3.1/../../../../arm-none-eabi/lib/thumb/v7-m/nofp/rdimon-crt0.o
                0x080001c4                _stack_init
                0x080001d0                _start
                0x080001d0                _mainCRTStartup
 .text.CommandDictionaryGetPointer
                0x080002bc       0x30 obj\debug\application\console\command\command.o
                0x080002bc                CommandDictionaryGetPointer
 .text.CommandResultGetStringPrt
                0x080002ec       0x30 obj\debug\application\console\command\command.o
                0x080002ec                CommandResultGetStringPrt
 .text.CommandIsCommandValid
                0x0800031c       0x7e obj\debug\application\console\command\command.o
                0x0800031c                CommandIsCommandValid
 .text.CommandHandlerComment
                0x0800039a       0x14 obj\debug\application\console\command\command.o
 *fill*         0x080003ae        0x2 
 .text.CommandHandlerHelp
                0x080003b0      0x488 obj\debug\application\console\command\command.o
 .text.CommandHandlerGpio
                0x08000838      0x274 obj\debug\application\console\command\command.o
 .text.CommandHandlerAdc
                0x08000aac      0x2b4 obj\debug\application\console\command\command.o
 .text.CommandHandlerUsart
                0x08000d60      0x1c0 obj\debug\application\console\command\command.o
 .text.CommandHandlerSerial
                0x08000f20      0x17c obj\debug\application\console\command\command.o
 .text.CommandHandlerSram
                0x0800109c      0x3d0 obj\debug\application\console\command\command.o
 .text.CommandHandlerFile
                0x0800146c       0x9c obj\debug\application\console\command\command.o
 .text.CommandHandlerFlashNand
                0x08001508      0x2e0 obj\debug\application\console\command\command.o
 .text.CommandHandlerRtcBackupReg
                0x080017e8      0x1b8 obj\debug\application\console\command\command.o
 .text.CommandHandlerSystem
                0x080019a0      0x74c obj\debug\application\console\command\command.o
 .text.CommandHandlerYModem
                0x080020ec      0x1d8 obj\debug\application\console\command\command.o
 .text.CommandHandlerSpi
                0x080022c4      0x59c obj\debug\application\console\command\command.o
 .text.ConsoleModuleInit
                0x08002860       0x20 obj\debug\application\console\console.o
                0x08002860                ConsoleModuleInit
 .text.ConsoleCommandDictionarySet
                0x08002880       0x44 obj\debug\application\console\console.o
                0x08002880                ConsoleCommandDictionarySet
 .text.ConsoleCommandDictionaryGet
                0x080028c4       0x3c obj\debug\application\console\console.o
                0x080028c4                ConsoleCommandDictionaryGet
 .text.ConsoleEnable
                0x08002900       0x40 obj\debug\application\console\console.o
                0x08002900                ConsoleEnable
 .text.ConsoleInputGetChar
                0x08002940       0x70 obj\debug\application\console\console.o
                0x08002940                ConsoleInputGetChar
 .text.ConsoleInputProcessingAutoUpdateEnable
                0x080029b0       0x44 obj\debug\application\console\console.o
                0x080029b0                ConsoleInputProcessingAutoUpdateEnable
 .text.ConsoleInputProcessingAutoUpdate
                0x080029f4       0x64 obj\debug\application\console\console.o
                0x080029f4                ConsoleInputProcessingAutoUpdate
 .text.ConsoleInputProcessingManualUpdate
                0x08002a58      0x3fc obj\debug\application\console\console.o
                0x08002a58                ConsoleInputProcessingManualUpdate
 .text.ConsoleCommandClearCurrent
                0x08002e54       0x6c obj\debug\application\console\console.o
 .text.ConsoleLineBufferAppendChar
                0x08002ec0       0x64 obj\debug\application\console\console.o
 .text.ConsoleLineBufferUnAppendChar
                0x08002f24       0x60 obj\debug\application\console\console.o
 .text.ConsoleCommandProcess
                0x08002f84      0x288 obj\debug\application\console\console.o
 .text.ConsoleCommandDisplayNext
                0x0800320c      0x114 obj\debug\application\console\console.o
 .text.ConsoleCommandDisplayPrevious
                0x08003320      0x114 obj\debug\application\console\console.o
 .text.PrintSetBuffer
                0x08003434       0x40 obj\debug\application\console\print.o
                0x08003434                PrintSetBuffer
 .text.Printf   0x08003474       0x9c obj\debug\application\console\print.o
                0x08003474                Printf
 .text.PrintIsCharPrintable
                0x08003510       0x26 obj\debug\application\console\print.o
 *fill*         0x08003536        0x2 
 .text.PrintChar
                0x08003538       0x50 obj\debug\application\console\print.o
                0x08003538                PrintChar
 .text.PrintDebugfEnable
                0x08003588       0x20 obj\debug\application\console\print.o
                0x08003588                PrintDebugfEnable
 .text.StrLineEditorModuleInit
                0x080035a8       0x1a obj\debug\application\console\strlineeditor.o
                0x080035a8                StrLineEditorModuleInit
 *fill*         0x080035c2        0x2 
 .text.StrLineEditorBufferReset
                0x080035c4       0x70 obj\debug\application\console\strlineeditor.o
                0x080035c4                StrLineEditorBufferReset
 .text.StrLineEditorIsCharValid
                0x08003634       0x26 obj\debug\application\console\strlineeditor.o
                0x08003634                StrLineEditorIsCharValid
 *fill*         0x0800365a        0x2 
 .text.StrLineEditorBufferInsertChar
                0x0800365c      0x144 obj\debug\application\console\strlineeditor.o
                0x0800365c                StrLineEditorBufferInsertChar
 .text.StrLineEditorBufferDeleteChar
                0x080037a0       0xf0 obj\debug\application\console\strlineeditor.o
                0x080037a0                StrLineEditorBufferDeleteChar
 .text.StrLineEditorEditedStringGetPointer
                0x08003890       0x2c obj\debug\application\console\strlineeditor.o
                0x08003890                StrLineEditorEditedStringGetPointer
 .text.StrQueueCirModuleInit
                0x080038bc       0x3e obj\debug\application\console\strqueuecir.o
                0x080038bc                StrQueueCirModuleInit
 *fill*         0x080038fa        0x2 
 .text.StrQueueCirResetQueue
                0x080038fc       0x8c obj\debug\application\console\strqueuecir.o
                0x080038fc                StrQueueCirResetQueue
 .text.StrQueueCirInsertString
                0x08003988      0x2dc obj\debug\application\console\strqueuecir.o
                0x08003988                StrQueueCirInsertString
 .text.StrQueueCirGetCharFromCurrentString
                0x08003c64       0xb8 obj\debug\application\console\strqueuecir.o
                0x08003c64                StrQueueCirGetCharFromCurrentString
 .text.StrQueueCirBufferGetNextIndex
                0x08003d1c       0x4c obj\debug\application\console\strqueuecir.o
 .text.StrQueueCirBufferGetPreviousIndex
                0x08003d68       0x4c obj\debug\application\console\strqueuecir.o
 .text.StrQueueCirIndexMoveToPrevious
                0x08003db4      0x104 obj\debug\application\console\strqueuecir.o
                0x08003db4                StrQueueCirIndexMoveToPrevious
 .text.StrQueueCirIndexMoveToNext
                0x08003eb8       0xcc obj\debug\application\console\strqueuecir.o
                0x08003eb8                StrQueueCirIndexMoveToNext
 .text.NandSimuModuleInit
                0x08003f84       0x16 obj\debug\application\driversexternaldevices\flashmem\nandsimu.o
                0x08003f84                NandSimuModuleInit
 *fill*         0x08003f9a        0x2 
 .text.NandSimuWriteAtPageOffset
                0x08003f9c       0xf8 obj\debug\application\driversexternaldevices\flashmem\nandsimu.o
                0x08003f9c                NandSimuWriteAtPageOffset
 .text.NandSimuReadAtByteAddress
                0x08004094       0xa8 obj\debug\application\driversexternaldevices\flashmem\nandsimu.o
                0x08004094                NandSimuReadAtByteAddress
 .text.NandSimuEraseAll
                0x0800413c       0x7c obj\debug\application\driversexternaldevices\flashmem\nandsimu.o
                0x0800413c                NandSimuEraseAll
 .text.NandSimuEraseSubsector
                0x080041b8       0x98 obj\debug\application\driversexternaldevices\flashmem\nandsimu.o
                0x080041b8                NandSimuEraseSubsector
 .text.AdcModuleInit
                0x08004250       0x1a obj\debug\application\driversmcuperipherals\adc.o
                0x08004250                AdcModuleInit
 *fill*         0x0800426a        0x2 
 .text.AdcEnable
                0x0800426c      0x270 obj\debug\application\driversmcuperipherals\adc.o
                0x0800426c                AdcEnable
 .text.AdcIsEnable
                0x080044dc       0x48 obj\debug\application\driversmcuperipherals\adc.o
                0x080044dc                AdcIsEnable
 .text.AdcReadRaw
                0x08004524      0x1cc obj\debug\application\driversmcuperipherals\adc.o
                0x08004524                AdcReadRaw
 .text.AdcMilliVoltsToToDegC
                0x080046f0       0xac obj\debug\application\driversmcuperipherals\adc.o
                0x080046f0                AdcMilliVoltsToToDegC
 .text.AdcGetName
                0x0800479c       0x34 obj\debug\application\driversmcuperipherals\adc.o
                0x0800479c                AdcGetName
 .text.AdcGetGpioPort
                0x080047d0       0x64 obj\debug\application\driversmcuperipherals\adc.o
                0x080047d0                AdcGetGpioPort
 .text.BkpSramEnable
                0x08004834       0x46 obj\debug\application\driversmcuperipherals\bkpsram.o
                0x08004834                BkpSramEnable
 *fill*         0x0800487a        0x2 
 .text.BkpSramIsEnabled
                0x0800487c       0x48 obj\debug\application\driversmcuperipherals\bkpsram.o
                0x0800487c                BkpSramIsEnabled
 .text.BkpSramRead
                0x080048c4       0x94 obj\debug\application\driversmcuperipherals\bkpsram.o
                0x080048c4                BkpSramRead
 .text.BkpSramWrite
                0x08004958       0x88 obj\debug\application\driversmcuperipherals\bkpsram.o
                0x08004958                BkpSramWrite
 .text.BkpSramErase
                0x080049e0       0x7c obj\debug\application\driversmcuperipherals\bkpsram.o
                0x080049e0                BkpSramErase
 .text.GpioModuleInit
                0x08004a5c        0xe obj\debug\application\driversmcuperipherals\gpio.o
                0x08004a5c                GpioModuleInit
 *fill*         0x08004a6a        0x2 
 .text.GpioGetPortPointer
                0x08004a6c       0x30 obj\debug\application\driversmcuperipherals\gpio.o
                0x08004a6c                GpioGetPortPointer
 .text.GpioPortClockEnable
                0x08004a9c       0x56 obj\debug\application\driversmcuperipherals\gpio.o
                0x08004a9c                GpioPortClockEnable
 *fill*         0x08004af2        0x2 
 .text.GpioPortGetAhbx
                0x08004af4       0x88 obj\debug\application\driversmcuperipherals\gpio.o
 .text.GpioPortClockIsEnabled
                0x08004b7c       0x44 obj\debug\application\driversmcuperipherals\gpio.o
                0x08004b7c                GpioPortClockIsEnabled
 .text.GpioOTypeSetVal
                0x08004bc0       0x82 obj\debug\application\driversmcuperipherals\gpio.o
                0x08004bc0                GpioOTypeSetVal
 .text.GpioOTypeGetVal
                0x08004c42       0x6c obj\debug\application\driversmcuperipherals\gpio.o
                0x08004c42                GpioOTypeGetVal
 *fill*         0x08004cae        0x2 
 .text.GpioOTypeGetName
                0x08004cb0       0x2c obj\debug\application\driversmcuperipherals\gpio.o
                0x08004cb0                GpioOTypeGetName
 .text.GpioPuPdSetVal
                0x08004cdc       0x7a obj\debug\application\driversmcuperipherals\gpio.o
                0x08004cdc                GpioPuPdSetVal
 .text.GpioPuPdGetVal
                0x08004d56       0x6c obj\debug\application\driversmcuperipherals\gpio.o
                0x08004d56                GpioPuPdGetVal
 *fill*         0x08004dc2        0x2 
 .text.GpioPuPdGetName
                0x08004dc4       0x2c obj\debug\application\driversmcuperipherals\gpio.o
                0x08004dc4                GpioPuPdGetName
 .text.GpioSpeedSetVal
                0x08004df0       0x7a obj\debug\application\driversmcuperipherals\gpio.o
                0x08004df0                GpioSpeedSetVal
 .text.GpioSpeedGetVal
                0x08004e6a       0x6c obj\debug\application\driversmcuperipherals\gpio.o
                0x08004e6a                GpioSpeedGetVal
 *fill*         0x08004ed6        0x2 
 .text.GpioSpeedGetName
                0x08004ed8       0x2c obj\debug\application\driversmcuperipherals\gpio.o
                0x08004ed8                GpioSpeedGetName
 .text.GpioInputRegRead
                0x08004f04       0x60 obj\debug\application\driversmcuperipherals\gpio.o
                0x08004f04                GpioInputRegRead
 .text.GpioOutputRegRead
                0x08004f64       0x60 obj\debug\application\driversmcuperipherals\gpio.o
                0x08004f64                GpioOutputRegRead
 .text.GpioOutputRegWrite
                0x08004fc4       0x5c obj\debug\application\driversmcuperipherals\gpio.o
                0x08004fc4                GpioOutputRegWrite
 .text.GpioModeGetVal
                0x08005020       0x64 obj\debug\application\driversmcuperipherals\gpio.o
                0x08005020                GpioModeGetVal
 .text.GpioModeGetName
                0x08005084       0x2c obj\debug\application\driversmcuperipherals\gpio.o
                0x08005084                GpioModeGetName
 .text.GpioModeSet
                0x080050b0       0x7a obj\debug\application\driversmcuperipherals\gpio.o
 .text.GpioModeSetInput
                0x0800512a       0x2e obj\debug\application\driversmcuperipherals\gpio.o
                0x0800512a                GpioModeSetInput
 .text.GpioModeSetOutput
                0x08005158       0x2e obj\debug\application\driversmcuperipherals\gpio.o
                0x08005158                GpioModeSetOutput
 .text.GpioModeSetAnalog
                0x08005186       0x2e obj\debug\application\driversmcuperipherals\gpio.o
                0x08005186                GpioModeSetAnalog
 .text.GpioModeSetAf
                0x080051b4       0xd2 obj\debug\application\driversmcuperipherals\gpio.o
                0x080051b4                GpioModeSetAf
 .text.GpioAfGetType
                0x08005286       0xaa obj\debug\application\driversmcuperipherals\gpio.o
                0x08005286                GpioAfGetType
 .text.GpioAfGetName
                0x08005330       0x30 obj\debug\application\driversmcuperipherals\gpio.o
                0x08005330                GpioAfGetName
 .text.RtcInitialize
                0x08005360       0xe0 obj\debug\application\driversmcuperipherals\rtc.o
                0x08005360                RtcInitialize
 .text.RtcIsRtcConfigured
                0x08005440       0x2c obj\debug\application\driversmcuperipherals\rtc.o
                0x08005440                RtcIsRtcConfigured
 .text.RtcConfig
                0x0800546c      0x130 obj\debug\application\driversmcuperipherals\rtc.o
 .text.RtcDateTimeStructInit
                0x0800559c       0x42 obj\debug\application\driversmcuperipherals\rtc.o
                0x0800559c                RtcDateTimeStructInit
 .text.RtcIsDateTimeValid
                0x080055de       0xf0 obj\debug\application\driversmcuperipherals\rtc.o
                0x080055de                RtcIsDateTimeValid
 .text.RtcDateTimeGet
                0x080056ce       0x90 obj\debug\application\driversmcuperipherals\rtc.o
                0x080056ce                RtcDateTimeGet
 .text.RtcDateTimeSet
                0x0800575e       0x7e obj\debug\application\driversmcuperipherals\rtc.o
                0x0800575e                RtcDateTimeSet
 .text.RtcSetBackupRegister
                0x080057dc       0x38 obj\debug\application\driversmcuperipherals\rtc.o
 .text.RtcGetBackupRegister
                0x08005814       0x44 obj\debug\application\driversmcuperipherals\rtc.o
 .text.RtcBackupRegSet
                0x08005858       0x38 obj\debug\application\driversmcuperipherals\rtcbackupreg.o
                0x08005858                RtcBackupRegSet
 .text.RtcBackupRegGet
                0x08005890       0x44 obj\debug\application\driversmcuperipherals\rtcbackupreg.o
                0x08005890                RtcBackupRegGet
 .text.SpiModuleInit
                0x080058d4       0x32 obj\debug\application\driversmcuperipherals\spi.o
                0x080058d4                SpiModuleInit
 *fill*         0x08005906        0x2 
 .text.SpiBusClockEnable
                0x08005908       0xf0 obj\debug\application\driversmcuperipherals\spi.o
 .text.SpiBusEnable
                0x080059f8      0x738 obj\debug\application\driversmcuperipherals\spi.o
                0x080059f8                SpiBusEnable
 .text.SpiIsBusEnabled
                0x08006130       0xa4 obj\debug\application\driversmcuperipherals\spi.o
                0x08006130                SpiIsBusEnabled
 .text.SpiIsAnySlaveHoldingBus
                0x080061d4       0x38 obj\debug\application\driversmcuperipherals\spi.o
                0x080061d4                SpiIsAnySlaveHoldingBus
 .text.SpiGetSlaveHoldingBus
                0x0800620c       0x44 obj\debug\application\driversmcuperipherals\spi.o
                0x0800620c                SpiGetSlaveHoldingBus
 .text.SpiSlaveClaimBus
                0x08006250       0xf4 obj\debug\application\driversmcuperipherals\spi.o
                0x08006250                SpiSlaveClaimBus
 .text.SpiSlaveReleaseBus
                0x08006344      0x100 obj\debug\application\driversmcuperipherals\spi.o
                0x08006344                SpiSlaveReleaseBus
 .text.SpiBusSetSlaveConfig
                0x08006444       0xf8 obj\debug\application\driversmcuperipherals\spi.o
 .text.SpiSlaveChipSelectAssert
                0x0800653c       0x90 obj\debug\application\driversmcuperipherals\spi.o
                0x0800653c                SpiSlaveChipSelectAssert
 .text.SpiSlaveIsChipSelectAsserted
                0x080065cc       0x58 obj\debug\application\driversmcuperipherals\spi.o
                0x080065cc                SpiSlaveIsChipSelectAsserted
 .text.SpiSlaveSendRecvByteArray
                0x08006624      0x14c obj\debug\application\driversmcuperipherals\spi.o
                0x08006624                SpiSlaveSendRecvByteArray
 .text.SpiBusGetName
                0x08006770       0x38 obj\debug\application\driversmcuperipherals\spi.o
                0x08006770                SpiBusGetName
 .text.SpiSlaveGetName
                0x080067a8       0x30 obj\debug\application\driversmcuperipherals\spi.o
                0x080067a8                SpiSlaveGetName
 .text.NVIC_SetPriority
                0x080067d8       0x54 obj\debug\application\driversmcuperipherals\systick.o
 .text.SysTick_Config
                0x0800682c       0x44 obj\debug\application\driversmcuperipherals\systick.o
 .text.SysTickModuleInit
                0x08006870       0x40 obj\debug\application\driversmcuperipherals\systick.o
                0x08006870                SysTickModuleInit
 .text.SysTickGetTicksSincePowerUpSmallCounter
                0x080068b0       0x14 obj\debug\application\driversmcuperipherals\systick.o
                0x080068b0                SysTickGetTicksSincePowerUpSmallCounter
 .text.SysTickGetTickRate
                0x080068c4       0x10 obj\debug\application\driversmcuperipherals\systick.o
                0x080068c4                SysTickGetTickRate
 .text.SysTick_Handler
                0x080068d4       0x30 obj\debug\application\driversmcuperipherals\systick.o
                0x080068d4                SysTick_Handler
 .text.UsartModuleInit
                0x08006904       0x16 obj\debug\application\driversmcuperipherals\usart.o
                0x08006904                UsartModuleInit
 *fill*         0x0800691a        0x2 
 .text.UsartPortClockEnable
                0x0800691c      0x110 obj\debug\application\driversmcuperipherals\usart.o
                0x0800691c                UsartPortClockEnable
 .text.UsartPortClockIsEnabled
                0x08006a2c       0xc8 obj\debug\application\driversmcuperipherals\usart.o
                0x08006a2c                UsartPortClockIsEnabled
 .text.UsartPortEnable
                0x08006af4       0x94 obj\debug\application\driversmcuperipherals\usart.o
                0x08006af4                UsartPortEnable
 .text.UsartPortIsEnabled
                0x08006b88       0x4c obj\debug\application\driversmcuperipherals\usart.o
                0x08006b88                UsartPortIsEnabled
 .text.UsartPortSetBaud
                0x08006bd4      0x124 obj\debug\application\driversmcuperipherals\usart.o
                0x08006bd4                UsartPortSetBaud
 .text.UsartPortGetBaud
                0x08006cf8      0x140 obj\debug\application\driversmcuperipherals\usart.o
                0x08006cf8                UsartPortGetBaud
 .text.UsartPortSetParity
                0x08006e38       0xa8 obj\debug\application\driversmcuperipherals\usart.o
                0x08006e38                UsartPortSetParity
 .text.UsartPortGetParity
                0x08006ee0       0x84 obj\debug\application\driversmcuperipherals\usart.o
                0x08006ee0                UsartPortGetParity
 .text.UsartPortSetStopBit
                0x08006f64       0x90 obj\debug\application\driversmcuperipherals\usart.o
                0x08006f64                UsartPortSetStopBit
 .text.UsartPortGetStopBit
                0x08006ff4       0x60 obj\debug\application\driversmcuperipherals\usart.o
                0x08006ff4                UsartPortGetStopBit
 .text.UsartPortSetWordLength
                0x08007054       0x90 obj\debug\application\driversmcuperipherals\usart.o
                0x08007054                UsartPortSetWordLength
 .text.UsartPortGetWordLength
                0x080070e4       0x60 obj\debug\application\driversmcuperipherals\usart.o
                0x080070e4                UsartPortGetWordLength
 .text.UsartPortSetMode
                0x08007144       0x8c obj\debug\application\driversmcuperipherals\usart.o
                0x08007144                UsartPortSetMode
 .text.UsartPortGetMode
                0x080071d0       0x60 obj\debug\application\driversmcuperipherals\usart.o
                0x080071d0                UsartPortGetMode
 .text.UsartPortGetModeName
                0x08007230       0x2c obj\debug\application\driversmcuperipherals\usart.o
                0x08007230                UsartPortGetModeName
 .text.UsartPortGetWordLenName
                0x0800725c       0x2c obj\debug\application\driversmcuperipherals\usart.o
                0x0800725c                UsartPortGetWordLenName
 .text.UsartPortGetStopBitName
                0x08007288       0x2c obj\debug\application\driversmcuperipherals\usart.o
                0x08007288                UsartPortGetStopBitName
 .text.UsartPortGetParityName
                0x080072b4       0x2c obj\debug\application\driversmcuperipherals\usart.o
                0x080072b4                UsartPortGetParityName
 .text.UsartPortGetName
                0x080072e0       0x34 obj\debug\application\driversmcuperipherals\usart.o
                0x080072e0                UsartPortGetName
 .text.FileDirModuleInit
                0x08007314      0x198 obj\debug\application\file\filedir.o
                0x08007314                FileDirModuleInit
 .text.FileDirCheckSum8
                0x080074ac       0x42 obj\debug\application\file\filedir.o
                0x080074ac                FileDirCheckSum8
 .text.FileDirTimeStampToEpoch
                0x080074ee       0x24 obj\debug\application\file\filedir.o
                0x080074ee                FileDirTimeStampToEpoch
 *fill*         0x08007512        0x2 
 .text.FileDirLoad
                0x08007514      0x258 obj\debug\application\file\filedir.o
                0x08007514                FileDirLoad
 .text.FileDirIsLoaded
                0x0800776c       0x34 obj\debug\application\file\filedir.o
                0x0800776c                FileDirIsLoaded
 .text.FileDirGetDirFileIndexFirst
                0x080077a0       0x6c obj\debug\application\file\filedir.o
 .text.FileDirGetDirFileIndexNext
                0x0800780c       0xa8 obj\debug\application\file\filedir.o
 .text.FileDirGetDirFileIndexIsLast
                0x080078b4      0x158 obj\debug\application\file\filedir.o
 .text.FileDirFileWriteOpenNew
                0x08007a0c      0x314 obj\debug\application\file\filedir.o
                0x08007a0c                FileDirFileWriteOpenNew
 .text.FileDirTest
                0x08007d20       0xce obj\debug\application\file\filedir.o
                0x08007d20                FileDirTest
 .text.IoStreamInit
                0x08007dee        0xe obj\debug\application\iostream\iostream.o
                0x08007dee                IoStreamInit
 .text.IoStreamInputGetChar
                0x08007dfc       0x64 obj\debug\application\iostream\iostream.o
                0x08007dfc                IoStreamInputGetChar
 .text.IoStreamOutputPutChar
                0x08007e60       0x6c obj\debug\application\iostream\iostream.o
                0x08007e60                IoStreamOutputPutChar
 .text.IoStreamOutputPutBuffer
                0x08007ecc       0x94 obj\debug\application\iostream\iostream.o
                0x08007ecc                IoStreamOutputPutBuffer
 .text.FlashInitModule
                0x08007f60       0x44 obj\debug\application\memory\flash.o
                0x08007f60                FlashInitModule
 .text.FlashIsFlashValid
                0x08007fa4       0x20 obj\debug\application\memory\flash.o
                0x08007fa4                FlashIsFlashValid
 .text.FlashWriteAtPageOffset
                0x08007fc4       0x58 obj\debug\application\memory\flash.o
                0x08007fc4                FlashWriteAtPageOffset
 .text.FlashReadPage
                0x0800801c       0x58 obj\debug\application\memory\flash.o
                0x0800801c                FlashReadPage
 .text.FlashErasePage
                0x08008074      0x108 obj\debug\application\memory\flash.o
                0x08008074                FlashErasePage
 .text.FlashEraseBlock
                0x0800817c       0x50 obj\debug\application\memory\flash.o
                0x0800817c                FlashEraseBlock
 .text.FlashMemMapInitModule
                0x080081cc       0xb8 obj\debug\application\memory\flashmemmap.o
                0x080081cc                FlashMemMapInitModule
 .text.FlashMemMapCalcSizeBytes
                0x08008284       0x9c obj\debug\application\memory\flashmemmap.o
 .text.FlashMemMapSizeBytes
                0x08008320       0x34 obj\debug\application\memory\flashmemmap.o
                0x08008320                FlashMemMapSizeBytes
 .text.FlashMemMapBlockGetFirst
                0x08008354       0x9c obj\debug\application\memory\flashmemmap.o
                0x08008354                FlashMemMapBlockGetFirst
 .text.FlashMemMapBlockIsFirst
                0x080083f0       0xdc obj\debug\application\memory\flashmemmap.o
                0x080083f0                FlashMemMapBlockIsFirst
 .text.FlashMemMapBlockGetLast
                0x080084cc       0xb4 obj\debug\application\memory\flashmemmap.o
                0x080084cc                FlashMemMapBlockGetLast
 .text.FlashMemMapBlockIsLast
                0x08008580      0x110 obj\debug\application\memory\flashmemmap.o
                0x08008580                FlashMemMapBlockIsLast
 .text.FlashMemMapBlockGetNext
                0x08008690      0x198 obj\debug\application\memory\flashmemmap.o
                0x08008690                FlashMemMapBlockGetNext
 .text.FlashMemMapBlockGetPrev
                0x08008828      0x188 obj\debug\application\memory\flashmemmap.o
                0x08008828                FlashMemMapBlockGetPrev
 .text.FlashMemMapBlockPageGetFirst
                0x080089b0       0x32 obj\debug\application\memory\flashmemmap.o
                0x080089b0                FlashMemMapBlockPageGetFirst
 .text.FlashMemMapBlockPageIsFirst
                0x080089e2       0x48 obj\debug\application\memory\flashmemmap.o
                0x080089e2                FlashMemMapBlockPageIsFirst
 .text.FlashMemMapBlockPageGetLast
                0x08008a2a       0x36 obj\debug\application\memory\flashmemmap.o
                0x08008a2a                FlashMemMapBlockPageGetLast
 .text.FlashMemMapBlockPageIsLast
                0x08008a60       0x4c obj\debug\application\memory\flashmemmap.o
                0x08008a60                FlashMemMapBlockPageIsLast
 .text.FlashMemMapBlockPageGetNext
                0x08008aac       0x4e obj\debug\application\memory\flashmemmap.o
                0x08008aac                FlashMemMapBlockPageGetNext
 .text.FlashMemMapBlockPageGetPrev
                0x08008afa       0x54 obj\debug\application\memory\flashmemmap.o
                0x08008afa                FlashMemMapBlockPageGetPrev
 .text.FlashMemMapBlockTest
                0x08008b4e      0x4ae obj\debug\application\memory\flashmemmap.o
                0x08008b4e                FlashMemMapBlockTest
 .text.yModemConfigBuffer
                0x08008ffc       0x54 obj\debug\application\net\ymodem.o
                0x08008ffc                yModemConfigBuffer
 .text.yModemSetError
                0x08009050       0x38 obj\debug\application\net\ymodem.o
 .text.yModemReceiveFile
                0x08009088      0x104 obj\debug\application\net\ymodem.o
                0x08009088                yModemReceiveFile
 .text.yModemResetAll
                0x0800918c       0x3c obj\debug\application\net\ymodem.o
 .text.yModemPacketReset
                0x080091c8       0x44 obj\debug\application\net\ymodem.o
 .text.yModemPacketByteAdd
                0x0800920c      0x110 obj\debug\application\net\ymodem.o
 .text.yModemPacketIsComplete
                0x0800931c       0x24 obj\debug\application\net\ymodem.o
 .text.yModemPacketIsValid
                0x08009340       0xd0 obj\debug\application\net\ymodem.o
 .text.yModemIsTransferInitiated
                0x08009410       0xe0 obj\debug\application\net\ymodem.o
 .text.yModemFileGetDescriptor
                0x080094f0      0x11c obj\debug\application\net\ymodem.o
 .text.yModemFileIsAccepted
                0x0800960c       0xd8 obj\debug\application\net\ymodem.o
 .text.yModemFileGetChunk
                0x080096e4      0x17c obj\debug\application\net\ymodem.o
 .text.yModemFileIsEofReceived
                0x08009860       0x90 obj\debug\application\net\ymodem.o
 .text.yModemGetBlockZero
                0x080098f0       0xa0 obj\debug\application\net\ymodem.o
 .text.yModemGetLastError
                0x08009990       0x30 obj\debug\application\net\ymodem.o
                0x08009990                yModemGetLastError
 .text.yModemGetErrorName
                0x080099c0       0x2c obj\debug\application\net\ymodem.o
                0x080099c0                yModemGetErrorName
 .text.SerialModuleInit
                0x080099ec       0x1a obj\debug\application\serial\serial.o
                0x080099ec                SerialModuleInit
 *fill*         0x08009a06        0x2 
 .text.SerialPortEnable
                0x08009a08      0x464 obj\debug\application\serial\serial.o
                0x08009a08                SerialPortEnable
 .text.SerialPortIsEnabled
                0x08009e6c       0x3c obj\debug\application\serial\serial.o
                0x08009e6c                SerialPortIsEnabled
 .text.SerialPortSetConfig
                0x08009ea8       0x78 obj\debug\application\serial\serial.o
                0x08009ea8                SerialPortSetConfig
 .text.SerialPortInterruptionsEnabled
                0x08009f20       0xcc obj\debug\application\serial\serial.o
 .text.SerialPutChar
                0x08009fec       0x5c obj\debug\application\serial\serial.o
                0x08009fec                SerialPutChar
 .text.SerialGetChar
                0x0800a048       0x44 obj\debug\application\serial\serial.o
                0x0800a048                SerialGetChar
 .text.SerialPutBuffer
                0x0800a08c       0xbc obj\debug\application\serial\serial.o
                0x0800a08c                SerialPutBuffer
 .text.SerialCommonIrqHandler
                0x0800a148      0x104 obj\debug\application\serial\serial.o
 .text.USART3_IRQHandler
                0x0800a24c        0xe obj\debug\application\serial\serial.o
                0x0800a24c                USART3_IRQHandler
 *fill*         0x0800a25a        0x2 
 .text.SerialQueueAccess
                0x0800a25c       0xd4 obj\debug\application\serial\serial.o
 .text.SerialPortIsClientConnectedUpdate
                0x0800a330      0x144 obj\debug\application\serial\serial.o
                0x0800a330                SerialPortIsClientConnectedUpdate
 .text.SerialPortIsClientConnected
                0x0800a474       0x34 obj\debug\application\serial\serial.o
                0x0800a474                SerialPortIsClientConnected
 .text.SerialPortGetName
                0x0800a4a8       0x30 obj\debug\application\serial\serial.o
                0x0800a4a8                SerialPortGetName
 .text.SerialGetUsart
                0x0800a4d8       0x5c obj\debug\application\serial\serial.o
                0x0800a4d8                SerialGetUsart
 .text.SerialGetGpioRx
                0x0800a534       0x5c obj\debug\application\serial\serial.o
                0x0800a534                SerialGetGpioRx
 .text.SerialGetGpioTx
                0x0800a590       0x5c obj\debug\application\serial\serial.o
                0x0800a590                SerialGetGpioTx
 .text.DevInfoModuleInit
                0x0800a5ec       0xe8 obj\debug\application\system\devinfo.o
                0x0800a5ec                DevInfoModuleInit
 .text.NVIC_SystemReset
                0x0800a6d4       0x2c obj\debug\application\system\sysboot.o
 .text.SysBootInit
                0x0800a700       0x14 obj\debug\application\system\sysboot.o
                0x0800a700                SysBootInit
 .text.SysBootUpdate
                0x0800a714      0x18c obj\debug\application\system\sysboot.o
                0x0800a714                SysBootUpdate
 .text.SysBootGetMode
                0x0800a8a0       0x14 obj\debug\application\system\sysboot.o
                0x0800a8a0                SysBootGetMode
 .text.SysBootSetMode
                0x0800a8b4       0x60 obj\debug\application\system\sysboot.o
                0x0800a8b4                SysBootSetMode
 .text.SysBootGetModeName
                0x0800a914       0x2c obj\debug\application\system\sysboot.o
                0x0800a914                SysBootGetModeName
 .text.SysBootGetState
                0x0800a940       0x14 obj\debug\application\system\sysboot.o
                0x0800a940                SysBootGetState
 .text.SysBootGetStateName
                0x0800a954       0x2c obj\debug\application\system\sysboot.o
                0x0800a954                SysBootGetStateName
 .text.SysBootDisablePeripherals
                0x0800a980        0xc obj\debug\application\system\sysboot.o
 .text.SysBootDisableExternalDevices
                0x0800a98c        0xc obj\debug\application\system\sysboot.o
 .text.SysBootForceSoftwareReset
                0x0800a998        0xc obj\debug\application\system\sysboot.o
                0x0800a998                SysBootForceSoftwareReset
 .text.SysTimeInit
                0x0800a9a4       0x14 obj\debug\application\system\systime.o
                0x0800a9a4                SysTimeInit
 .text.SysTimeSetUtcTimeZoneOffset
                0x0800a9b8      0x154 obj\debug\application\system\systime.o
                0x0800a9b8                SysTimeSetUtcTimeZoneOffset
 .text.SysTimeGetUtcTimeZoneOffset
                0x0800ab0c       0x88 obj\debug\application\system\systime.o
                0x0800ab0c                SysTimeGetUtcTimeZoneOffset
 .text.SysTimeSetDateTimeUtcZero
                0x0800ab94       0x60 obj\debug\application\system\systime.o
                0x0800ab94                SysTimeSetDateTimeUtcZero
 .text.SysTimeGetDateTime
                0x0800abf4       0xf8 obj\debug\application\system\systime.o
                0x0800abf4                SysTimeGetDateTime
 .text.SysTimeIsDateValid
                0x0800acec       0x86 obj\debug\application\system\systime.o
 .text.SysTimeIsTimeValid
                0x0800ad72       0x70 obj\debug\application\system\systime.o
 .text.SysTimeDateTimeToEpochSeconds
                0x0800ade2       0x9a obj\debug\application\system\systime.o
                0x0800ade2                SysTimeDateTimeToEpochSeconds
 .text.SysTimeEpochSecondsToDateTime
                0x0800ae7c       0xb6 obj\debug\application\system\systime.o
                0x0800ae7c                SysTimeEpochSecondsToDateTime
 .text.AdcUtilsRawToMilliVolts
                0x0800af32       0x86 obj\debug\application\utils\adcutils.o
                0x0800af32                AdcUtilsRawToMilliVolts
 .text.Crc16Update
                0x0800afb8       0x70 obj\debug\application\utils\crc.o
                0x0800afb8                Crc16Update
 .text.QueueModuleInit
                0x0800b028       0xb8 obj\debug\application\utils\queue.o
                0x0800b028                QueueModuleInit
 .text.QueueIsBufferFull
                0x0800b0e0       0x2a obj\debug\application\utils\queue.o
 .text.QueueIsBufferEmpty
                0x0800b10a       0x24 obj\debug\application\utils\queue.o
 *fill*         0x0800b12e        0x2 
 .text.QueueSend
                0x0800b130       0xe0 obj\debug\application\utils\queue.o
                0x0800b130                QueueSend
 .text.QueueReceive
                0x0800b210       0xe8 obj\debug\application\utils\queue.o
                0x0800b210                QueueReceive
 .text.QueueReset
                0x0800b2f8       0x50 obj\debug\application\utils\queue.o
                0x0800b2f8                QueueReset
 .text.SemaphoreTake
                0x0800b348       0x3c obj\debug\application\utils\semaphore.o
                0x0800b348                SemaphoreTake
 .text.SemaphoreGive
                0x0800b384       0x3c obj\debug\application\utils\semaphore.o
                0x0800b384                SemaphoreGive
 .text.StateMachineInit
                0x0800b3c0       0x2a obj\debug\application\utils\statemachine.o
                0x0800b3c0                StateMachineInit
 .text.StateMachineUpdate
                0x0800b3ea       0x50 obj\debug\application\utils\statemachine.o
                0x0800b3ea                StateMachineUpdate
 .text.StateMachineIsFirtEntry
                0x0800b43a       0x24 obj\debug\application\utils\statemachine.o
                0x0800b43a                StateMachineIsFirtEntry
 .text.StateMachineSetTimeOut
                0x0800b45e       0x34 obj\debug\application\utils\statemachine.o
                0x0800b45e                StateMachineSetTimeOut
 .text.StateMachineIsTimeOut
                0x0800b492       0x32 obj\debug\application\utils\statemachine.o
                0x0800b492                StateMachineIsTimeOut
 .text.StateMachineChangeState
                0x0800b4c4       0x2c obj\debug\application\utils\statemachine.o
                0x0800b4c4                StateMachineChangeState
 .text.StringUtilsStringEqual
                0x0800b4f0       0x5e obj\debug\application\utils\stringutils.o
                0x0800b4f0                StringUtilsStringEqual
 .text.StringUtilsStringToTokenArray
                0x0800b54e      0x13e obj\debug\application\utils\stringutils.o
                0x0800b54e                StringUtilsStringToTokenArray
 .text.StringToBool
                0x0800b68c       0x64 obj\debug\application\utils\stringutils.o
                0x0800b68c                StringToBool
 .text.StringToByte
                0x0800b6f0       0x58 obj\debug\application\utils\stringutils.o
                0x0800b6f0                StringToByte
 .text.StringToU32
                0x0800b748       0xae obj\debug\application\utils\stringutils.o
                0x0800b748                StringToU32
 .text.StringToI32
                0x0800b7f6       0x88 obj\debug\application\utils\stringutils.o
                0x0800b7f6                StringToI32
 .text.StringToFloat
                0x0800b87e       0x4a obj\debug\application\utils\stringutils.o
                0x0800b87e                StringToFloat
 .text.StringArgStripSymbol
                0x0800b8c8       0x8c obj\debug\application\utils\stringutils.o
                0x0800b8c8                StringArgStripSymbol
 .text.TimerDownTimerStartMs
                0x0800b954       0x5a obj\debug\application\utils\timer.o
                0x0800b954                TimerDownTimerStartMs
 .text.TimerDownTimerIsExpired
                0x0800b9ae       0x3a obj\debug\application\utils\timer.o
                0x0800b9ae                TimerDownTimerIsExpired
 .text.TimerBlockingDelayMs
                0x0800b9e8       0x28 obj\debug\application\utils\timer.o
                0x0800b9e8                TimerBlockingDelayMs
 .text.TimerUpTimerStartMs
                0x0800ba10        0xe obj\debug\application\utils\timer.o
                0x0800ba10                TimerUpTimerStartMs
 .text.TimerUpTimerGetMs
                0x0800ba1e       0x36 obj\debug\application\utils\timer.o
                0x0800ba1e                TimerUpTimerGetMs
 .text.NVIC_Init
                0x0800ba54       0xc4 obj\debug\spl\src\misc.o
                0x0800ba54                NVIC_Init
 .text.ADC_Init
                0x0800bb18       0xa8 obj\debug\spl\src\stm32f2xx_adc.o
                0x0800bb18                ADC_Init
 .text.ADC_StructInit
                0x0800bbc0       0x3c obj\debug\spl\src\stm32f2xx_adc.o
                0x0800bbc0                ADC_StructInit
 .text.ADC_CommonInit
                0x0800bbfc       0x50 obj\debug\spl\src\stm32f2xx_adc.o
                0x0800bbfc                ADC_CommonInit
 .text.ADC_CommonStructInit
                0x0800bc4c       0x2a obj\debug\spl\src\stm32f2xx_adc.o
                0x0800bc4c                ADC_CommonStructInit
 .text.ADC_Cmd  0x0800bc76       0x36 obj\debug\spl\src\stm32f2xx_adc.o
                0x0800bc76                ADC_Cmd
 .text.ADC_TempSensorVrefintCmd
                0x0800bcac       0x38 obj\debug\spl\src\stm32f2xx_adc.o
                0x0800bcac                ADC_TempSensorVrefintCmd
 .text.ADC_VBATCmd
                0x0800bce4       0x38 obj\debug\spl\src\stm32f2xx_adc.o
                0x0800bce4                ADC_VBATCmd
 .text.ADC_RegularChannelConfig
                0x0800bd1c      0x192 obj\debug\spl\src\stm32f2xx_adc.o
                0x0800bd1c                ADC_RegularChannelConfig
 .text.ADC_SoftwareStartConv
                0x0800beae       0x1e obj\debug\spl\src\stm32f2xx_adc.o
                0x0800beae                ADC_SoftwareStartConv
 .text.ADC_GetConversionValue
                0x0800becc       0x18 obj\debug\spl\src\stm32f2xx_adc.o
                0x0800becc                ADC_GetConversionValue
 .text.ADC_GetFlagStatus
                0x0800bee4       0x32 obj\debug\spl\src\stm32f2xx_adc.o
                0x0800bee4                ADC_GetFlagStatus
 *fill*         0x0800bf16        0x2 
 .text.DBGMCU_GetREVID
                0x0800bf18       0x18 obj\debug\spl\src\stm32f2xx_dbgmcu.o
                0x0800bf18                DBGMCU_GetREVID
 .text.DBGMCU_GetDEVID
                0x0800bf30       0x18 obj\debug\spl\src\stm32f2xx_dbgmcu.o
                0x0800bf30                DBGMCU_GetDEVID
 .text.GPIO_ReadInputDataBit
                0x0800bf48       0x32 obj\debug\spl\src\stm32f2xx_gpio.o
                0x0800bf48                GPIO_ReadInputDataBit
 .text.GPIO_ReadOutputDataBit
                0x0800bf7a       0x32 obj\debug\spl\src\stm32f2xx_gpio.o
                0x0800bf7a                GPIO_ReadOutputDataBit
 .text.GPIO_WriteBit
                0x0800bfac       0x2e obj\debug\spl\src\stm32f2xx_gpio.o
                0x0800bfac                GPIO_WriteBit
 *fill*         0x0800bfda        0x2 
 .text.PWR_BackupAccessCmd
                0x0800bfdc       0x20 obj\debug\spl\src\stm32f2xx_pwr.o
                0x0800bfdc                PWR_BackupAccessCmd
 .text.RCC_LSEConfig
                0x0800bffc       0x40 obj\debug\spl\src\stm32f2xx_rcc.o
                0x0800bffc                RCC_LSEConfig
 .text.RCC_LSICmd
                0x0800c03c       0x20 obj\debug\spl\src\stm32f2xx_rcc.o
                0x0800c03c                RCC_LSICmd
 .text.RCC_GetClocksFreq
                0x0800c05c      0x15c obj\debug\spl\src\stm32f2xx_rcc.o
                0x0800c05c                RCC_GetClocksFreq
 .text.RCC_RTCCLKConfig
                0x0800c1b8       0x5c obj\debug\spl\src\stm32f2xx_rcc.o
                0x0800c1b8                RCC_RTCCLKConfig
 .text.RCC_RTCCLKCmd
                0x0800c214       0x20 obj\debug\spl\src\stm32f2xx_rcc.o
                0x0800c214                RCC_RTCCLKCmd
 .text.RCC_BackupResetCmd
                0x0800c234       0x20 obj\debug\spl\src\stm32f2xx_rcc.o
                0x0800c234                RCC_BackupResetCmd
 .text.RCC_AHB1PeriphClockCmd
                0x0800c254       0x3c obj\debug\spl\src\stm32f2xx_rcc.o
                0x0800c254                RCC_AHB1PeriphClockCmd
 .text.RCC_APB1PeriphClockCmd
                0x0800c290       0x3c obj\debug\spl\src\stm32f2xx_rcc.o
                0x0800c290                RCC_APB1PeriphClockCmd
 .text.RCC_APB2PeriphClockCmd
                0x0800c2cc       0x3c obj\debug\spl\src\stm32f2xx_rcc.o
                0x0800c2cc                RCC_APB2PeriphClockCmd
 .text.RCC_APB1PeriphResetCmd
                0x0800c308       0x3c obj\debug\spl\src\stm32f2xx_rcc.o
                0x0800c308                RCC_APB1PeriphResetCmd
 .text.RCC_APB2PeriphResetCmd
                0x0800c344       0x3c obj\debug\spl\src\stm32f2xx_rcc.o
                0x0800c344                RCC_APB2PeriphResetCmd
 .text.RCC_GetFlagStatus
                0x0800c380       0x74 obj\debug\spl\src\stm32f2xx_rcc.o
                0x0800c380                RCC_GetFlagStatus
 .text.RTC_Init
                0x0800c3f4       0x78 obj\debug\spl\src\stm32f2xx_rtc.o
                0x0800c3f4                RTC_Init
 .text.RTC_StructInit
                0x0800c46c       0x24 obj\debug\spl\src\stm32f2xx_rtc.o
                0x0800c46c                RTC_StructInit
 .text.RTC_EnterInitMode
                0x0800c490       0x70 obj\debug\spl\src\stm32f2xx_rtc.o
                0x0800c490                RTC_EnterInitMode
 .text.RTC_ExitInitMode
                0x0800c500       0x1c obj\debug\spl\src\stm32f2xx_rtc.o
                0x0800c500                RTC_ExitInitMode
 .text.RTC_WaitForSynchro
                0x0800c51c       0x74 obj\debug\spl\src\stm32f2xx_rtc.o
                0x0800c51c                RTC_WaitForSynchro
 .text.RTC_SetTime
                0x0800c590      0x104 obj\debug\spl\src\stm32f2xx_rtc.o
                0x0800c590                RTC_SetTime
 .text.RTC_GetTime
                0x0800c694       0xa4 obj\debug\spl\src\stm32f2xx_rtc.o
                0x0800c694                RTC_GetTime
 .text.RTC_SetDate
                0x0800c738      0x10c obj\debug\spl\src\stm32f2xx_rtc.o
                0x0800c738                RTC_SetDate
 .text.RTC_GetDate
                0x0800c844       0x9c obj\debug\spl\src\stm32f2xx_rtc.o
                0x0800c844                RTC_GetDate
 .text.RTC_WriteBackupRegister
                0x0800c8e0       0x34 obj\debug\spl\src\stm32f2xx_rtc.o
                0x0800c8e0                RTC_WriteBackupRegister
 .text.RTC_ReadBackupRegister
                0x0800c914       0x2c obj\debug\spl\src\stm32f2xx_rtc.o
                0x0800c914                RTC_ReadBackupRegister
 .text.RTC_GetFlagStatus
                0x0800c940       0x40 obj\debug\spl\src\stm32f2xx_rtc.o
                0x0800c940                RTC_GetFlagStatus
 .text.RTC_ByteToBcd2
                0x0800c980       0x38 obj\debug\spl\src\stm32f2xx_rtc.o
 .text.RTC_Bcd2ToByte
                0x0800c9b8       0x36 obj\debug\spl\src\stm32f2xx_rtc.o
 *fill*         0x0800c9ee        0x2 
 .text.SPI_I2S_DeInit
                0x0800c9f0       0x74 obj\debug\spl\src\stm32f2xx_spi.o
                0x0800c9f0                SPI_I2S_DeInit
 .text.SPI_Init
                0x0800ca64       0x86 obj\debug\spl\src\stm32f2xx_spi.o
                0x0800ca64                SPI_Init
 .text.SPI_StructInit
                0x0800caea       0x48 obj\debug\spl\src\stm32f2xx_spi.o
                0x0800caea                SPI_StructInit
 .text.SPI_Cmd  0x0800cb32       0x3e obj\debug\spl\src\stm32f2xx_spi.o
                0x0800cb32                SPI_Cmd
 .text.SPI_I2S_GetFlagStatus
                0x0800cb70       0x36 obj\debug\spl\src\stm32f2xx_spi.o
                0x0800cb70                SPI_I2S_GetFlagStatus
 .text.USART_SendData
                0x0800cba6       0x22 obj\debug\spl\src\stm32f2xx_usart.o
                0x0800cba6                USART_SendData
 .text.USART_ReceiveData
                0x0800cbc8       0x1e obj\debug\spl\src\stm32f2xx_usart.o
                0x0800cbc8                USART_ReceiveData
 .text.USART_ITConfig
                0x0800cbe6       0x8e obj\debug\spl\src\stm32f2xx_usart.o
                0x0800cbe6                USART_ITConfig
 .text.USART_ClearFlag
                0x0800cc74       0x20 obj\debug\spl\src\stm32f2xx_usart.o
                0x0800cc74                USART_ClearFlag
 .text.USART_GetITStatus
                0x0800cc94       0xb4 obj\debug\spl\src\stm32f2xx_usart.o
                0x0800cc94                USART_GetITStatus
 .text.main     0x0800cd48       0x16 obj\debug\src\main.o
                0x0800cd48                main
 .text.mainHardwareSetup
                0x0800cd5e       0x2c obj\debug\src\main.o
 *fill*         0x0800cd8a        0x2 
 .text.mainApplicationInit
                0x0800cd8c       0x54 obj\debug\src\main.o
 .text.mainApplicationTask
                0x0800cde0       0x8c obj\debug\src\main.o
 .text.HardFault_Handler
                0x0800ce6c        0x6 obj\debug\src\main.o
                0x0800ce6c                HardFault_Handler
 .text.PendSV_Handler
                0x0800ce72        0x6 obj\debug\src\main.o
                0x0800ce72                PendSV_Handler
 .text.SVC_Handler
                0x0800ce78        0x6 obj\debug\src\main.o
                0x0800ce78                SVC_Handler
 .text.UsageFault_Handler
                0x0800ce7e        0x6 obj\debug\src\main.o
                0x0800ce7e                UsageFault_Handler
 .text.MemManage_Handler
                0x0800ce84        0x6 obj\debug\src\main.o
                0x0800ce84                MemManage_Handler
 *fill*         0x0800ce8a        0x2 
 .text          0x0800ce8c       0xe8 obj\debug\src\startup_stm32f2xx.o
                0x0800ce8c                Reset_Handler
                0x0800cebc                NMI_Handler
                0x0800cec2                BusFault_Handler
                0x0800cec8                DebugMon_Handler
                0x0800cece                Default_Handler
                0x0800ced0                WWDG_IRQHandler
                0x0800ced2                PVD_IRQHandler
                0x0800ced4                TAMP_STAMP_IRQHandler
                0x0800ced6                RTC_WKUP_IRQHandler
                0x0800ced8                FLASH_IRQHandler
                0x0800ceda                RCC_IRQHandler
                0x0800cedc                EXTI0_IRQHandler
                0x0800cede                EXTI1_IRQHandler
                0x0800cee0                EXTI2_IRQHandler
                0x0800cee2                EXTI3_IRQHandler
                0x0800cee4                EXTI4_IRQHandler
                0x0800cee6                DMA1_Stream0_IRQHandler
                0x0800cee8                DMA1_Stream1_IRQHandler
                0x0800ceea                DMA1_Stream2_IRQHandler
                0x0800ceec                DMA1_Stream3_IRQHandler
                0x0800ceee                DMA1_Stream4_IRQHandler
                0x0800cef0                DMA1_Stream5_IRQHandler
                0x0800cef2                DMA1_Stream6_IRQHandler
                0x0800cef4                ADC_IRQHandler
                0x0800cef6                CAN1_TX_IRQHandler
                0x0800cef8                CAN1_RX0_IRQHandler
                0x0800cefa                CAN1_RX1_IRQHandler
                0x0800cefc                CAN1_SCE_IRQHandler
                0x0800cefe                EXTI9_5_IRQHandler
                0x0800cf00                TIM1_BRK_TIM9_IRQHandler
                0x0800cf02                TIM1_UP_TIM10_IRQHandler
                0x0800cf04                TIM1_TRG_COM_TIM11_IRQHandler
                0x0800cf06                TIM1_CC_IRQHandler
                0x0800cf08                TIM2_IRQHandler
                0x0800cf0a                TIM3_IRQHandler
                0x0800cf0c                TIM4_IRQHandler
                0x0800cf0e                I2C1_EV_IRQHandler
                0x0800cf10                I2C1_ER_IRQHandler
                0x0800cf12                I2C2_EV_IRQHandler
                0x0800cf14                I2C2_ER_IRQHandler
                0x0800cf16                SPI1_IRQHandler
                0x0800cf18                SPI2_IRQHandler
                0x0800cf1a                USART1_IRQHandler
                0x0800cf1c                USART2_IRQHandler
                0x0800cf20                EXTI15_10_IRQHandler
                0x0800cf22                RTC_Alarm_IRQHandler
                0x0800cf24                OTG_FS_WKUP_IRQHandler
                0x0800cf26                TIM8_BRK_TIM12_IRQHandler
                0x0800cf28                TIM8_UP_TIM13_IRQHandler
                0x0800cf2a                TIM8_TRG_COM_TIM14_IRQHandler
                0x0800cf2c                TIM8_CC_IRQHandler
                0x0800cf2e                DMA1_Stream7_IRQHandler
                0x0800cf30                FSMC_IRQHandler
                0x0800cf32                SDIO_IRQHandler
                0x0800cf34                TIM5_IRQHandler
                0x0800cf36                SPI3_IRQHandler
                0x0800cf38                UART4_IRQHandler
                0x0800cf3a                UART5_IRQHandler
                0x0800cf3c                TIM6_DAC_IRQHandler
                0x0800cf3e                TIM7_IRQHandler
                0x0800cf40                DMA2_Stream0_IRQHandler
                0x0800cf42                DMA2_Stream1_IRQHandler
                0x0800cf44                DMA2_Stream2_IRQHandler
                0x0800cf46                DMA2_Stream3_IRQHandler
                0x0800cf48                DMA2_Stream4_IRQHandler
                0x0800cf4a                ETH_IRQHandler
                0x0800cf4c                ETH_WKUP_IRQHandler
                0x0800cf4e                CAN2_TX_IRQHandler
                0x0800cf50                CAN2_RX0_IRQHandler
                0x0800cf52                CAN2_RX1_IRQHandler
                0x0800cf54                CAN2_SCE_IRQHandler
                0x0800cf56                OTG_FS_IRQHandler
                0x0800cf58                DMA2_Stream5_IRQHandler
                0x0800cf5a                DMA2_Stream6_IRQHandler
                0x0800cf5c                DMA2_Stream7_IRQHandler
                0x0800cf5e                USART6_IRQHandler
                0x0800cf60                I2C3_EV_IRQHandler
                0x0800cf62                I2C3_ER_IRQHandler
                0x0800cf64                OTG_HS_EP1_OUT_IRQHandler
                0x0800cf66                OTG_HS_EP1_IN_IRQHandler
                0x0800cf68                OTG_HS_WKUP_IRQHandler
                0x0800cf6a                OTG_HS_IRQHandler
                0x0800cf6c                DCMI_IRQHandler
                0x0800cf6e                CRYP_IRQHandler
                0x0800cf70                HASH_RNG_IRQHandler
 .text.SystemInit
                0x0800cf74       0x5c obj\debug\src\system_stm32f2xx.o
                0x0800cf74                SystemInit
 .text.SetSysClock
                0x0800cfd0       0xd8 obj\debug\src\system_stm32f2xx.o
 .text          0x0800d0a8      0x378 c:/program files (x86)/embitz/2.64/share/armgcc/bin/../lib/gcc/arm-none-eabi/9.3.1/thumb/v7-m/nofp\libgcc.a(_arm_addsubdf3.o)
                0x0800d0a8                __aeabi_drsub
                0x0800d0b0                __aeabi_dsub
                0x0800d0b0                __subdf3
                0x0800d0b4                __aeabi_dadd
                0x0800d0b4                __adddf3
                0x0800d32c                __floatunsidf
                0x0800d32c                __aeabi_ui2d
                0x0800d34c                __floatsidf
                0x0800d34c                __aeabi_i2d
                0x0800d370                __aeabi_f2d
                0x0800d370                __extendsfdf2
                0x0800d3b4                __floatundidf
                0x0800d3b4                __aeabi_ul2d
                0x0800d3c4                __floatdidf
                0x0800d3c4                __aeabi_l2d
 .text          0x0800d420      0x424 c:/program files (x86)/embitz/2.64/share/armgcc/bin/../lib/gcc/arm-none-eabi/9.3.1/thumb/v7-m/nofp\libgcc.a(_arm_muldivdf3.o)
                0x0800d420                __aeabi_dmul
                0x0800d420                __muldf3
                0x0800d674                __divdf3
                0x0800d674                __aeabi_ddiv
 .text          0x0800d844       0x40 c:/program files (x86)/embitz/2.64/share/armgcc/bin/../lib/gcc/arm-none-eabi/9.3.1/thumb/v7-m/nofp\libgcc.a(_arm_fixunsdfsi.o)
                0x0800d844                __aeabi_d2uiz
                0x0800d844                __fixunsdfsi
 .text          0x0800d884       0xa0 c:/program files (x86)/embitz/2.64/share/armgcc/bin/../lib/gcc/arm-none-eabi/9.3.1/thumb/v7-m/nofp\libgcc.a(_arm_truncdfsf2.o)
                0x0800d884                __truncdfsf2
                0x0800d884                __aeabi_d2f
 .text          0x0800d924      0x21c c:/program files (x86)/embitz/2.64/share/armgcc/bin/../lib/gcc/arm-none-eabi/9.3.1/thumb/v7-m/nofp\libgcc.a(_arm_addsubsf3.o)
                0x0800d924                __aeabi_frsub
                0x0800d92c                __subsf3
                0x0800d92c                __aeabi_fsub
                0x0800d930                __aeabi_fadd
                0x0800d930                __addsf3
                0x0800da90                __aeabi_ui2f
                0x0800da90                __floatunsisf
                0x0800da98                __aeabi_i2f
                0x0800da98                __floatsisf
                0x0800dab4                __aeabi_ul2f
                0x0800dab4                __floatundisf
                0x0800dac4                __aeabi_l2f
                0x0800dac4                __floatdisf
 .text          0x0800db40      0x2a0 c:/program files (x86)/embitz/2.64/share/armgcc/bin/../lib/gcc/arm-none-eabi/9.3.1/thumb/v7-m/nofp\libgcc.a(_arm_muldivsf3.o)
                0x0800db40                __mulsf3
                0x0800db40                __aeabi_fmul
                0x0800dca8                __aeabi_fdiv
                0x0800dca8                __divsf3
 .text          0x0800dde0       0xec c:/program files (x86)/embitz/2.64/share/armgcc/bin/../lib/gcc/arm-none-eabi/9.3.1/thumb/v7-m/nofp\libgcc.a(_arm_cmpsf2.o)
                0x0800dde0                __gesf2
                0x0800dde0                __gtsf2
                0x0800dde8                __lesf2
                0x0800dde8                __ltsf2
                0x0800ddf0                __nesf2
                0x0800ddf0                __eqsf2
                0x0800ddf0                __cmpsf2
                0x0800de50                __aeabi_cfrcmple
                0x0800de58                __aeabi_cfcmpeq
                0x0800de58                __aeabi_cfcmple
                0x0800de68                __aeabi_fcmpeq
                0x0800de7c                __aeabi_fcmplt
                0x0800de90                __aeabi_fcmple
                0x0800dea4                __aeabi_fcmpge
                0x0800deb8                __aeabi_fcmpgt
 .text          0x0800decc       0x40 c:/program files (x86)/embitz/2.64/share/armgcc/bin/../lib/gcc/arm-none-eabi/9.3.1/thumb/v7-m/nofp\libgcc.a(_arm_fixunssfsi.o)
                0x0800decc                __fixunssfsi
                0x0800decc                __aeabi_f2uiz
 .text.atoi     0x0800df0c        0x8 c:/program files (x86)/embitz/2.64/share/armgcc/bin/../lib/gcc/arm-none-eabi/9.3.1/../../../../arm-none-eabi/lib/thumb/v7-m/nofp\libg_nano.a(lib_a-atoi.o)
                0x0800df0c                atoi
 .text.__errno  0x0800df14        0xc c:/program files (x86)/embitz/2.64/share/armgcc/bin/../lib/gcc/arm-none-eabi/9.3.1/../../../../arm-none-eabi/lib/thumb/v7-m/nofp\libg_nano.a(lib_a-errno.o)
                0x0800df14                __errno
 .text.exit     0x0800df20       0x28 c:/program files (x86)/embitz/2.64/share/armgcc/bin/../lib/gcc/arm-none-eabi/9.3.1/../../../../arm-none-eabi/lib/thumb/v7-m/nofp\libg_nano.a(lib_a-exit.o)
                0x0800df20                exit
 .text.__libc_init_array
                0x0800df48       0x48 c:/program files (x86)/embitz/2.64/share/armgcc/bin/../lib/gcc/arm-none-eabi/9.3.1/../../../../arm-none-eabi/lib/thumb/v7-m/nofp\libg_nano.a(lib_a-init.o)
                0x0800df48                __libc_init_array
 .text.localtime
                0x0800df90       0x3c c:/program files (x86)/embitz/2.64/share/armgcc/bin/../lib/gcc/arm-none-eabi/9.3.1/../../../../arm-none-eabi/lib/thumb/v7-m/nofp\libg_nano.a(lib_a-lcltime.o)
                0x0800df90                localtime
 .text.localtime_r
                0x0800dfcc      0x1ec c:/program files (x86)/embitz/2.64/share/armgcc/bin/../lib/gcc/arm-none-eabi/9.3.1/../../../../arm-none-eabi/lib/thumb/v7-m/nofp\libg_nano.a(lib_a-lcltime_r.o)
                0x0800dfcc                localtime_r
 .text.malloc   0x0800e1b8       0x10 c:/program files (x86)/embitz/2.64/share/armgcc/bin/../lib/gcc/arm-none-eabi/9.3.1/../../../../arm-none-eabi/lib/thumb/v7-m/nofp\libg_nano.a(lib_a-malloc.o)
                0x0800e1b8                malloc
 .text.free     0x0800e1c8       0x10 c:/program files (x86)/embitz/2.64/share/armgcc/bin/../lib/gcc/arm-none-eabi/9.3.1/../../../../arm-none-eabi/lib/thumb/v7-m/nofp\libg_nano.a(lib_a-malloc.o)
                0x0800e1c8                free
 .text.memcmp   0x0800e1d8       0x1c c:/program files (x86)/embitz/2.64/share/armgcc/bin/../lib/gcc/arm-none-eabi/9.3.1/../../../../arm-none-eabi/lib/thumb/v7-m/nofp\libg_nano.a(lib_a-memcmp.o)
                0x0800e1d8                memcmp
 .text.memcpy   0x0800e1f4       0x1c c:/program files (x86)/embitz/2.64/share/armgcc/bin/../lib/gcc/arm-none-eabi/9.3.1/../../../../arm-none-eabi/lib/thumb/v7-m/nofp\libg_nano.a(lib_a-memcpy-stub.o)
                0x0800e1f4                memcpy
 .text.memset   0x0800e210       0x10 c:/program files (x86)/embitz/2.64/share/armgcc/bin/../lib/gcc/arm-none-eabi/9.3.1/../../../../arm-none-eabi/lib/thumb/v7-m/nofp\libg_nano.a(lib_a-memset.o)
                0x0800e210                memset
 .text.validate_structure
                0x0800e220      0x1b0 c:/program files (x86)/embitz/2.64/share/armgcc/bin/../lib/gcc/arm-none-eabi/9.3.1/../../../../arm-none-eabi/lib/thumb/v7-m/nofp\libg_nano.a(lib_a-mktime.o)
 .text.mktime   0x0800e3d0      0x350 c:/program files (x86)/embitz/2.64/share/armgcc/bin/../lib/gcc/arm-none-eabi/9.3.1/../../../../arm-none-eabi/lib/thumb/v7-m/nofp\libg_nano.a(lib_a-mktime.o)
                0x0800e3d0                mktime
 .text._free_r  0x0800e720       0x98 c:/program files (x86)/embitz/2.64/share/armgcc/bin/../lib/gcc/arm-none-eabi/9.3.1/../../../../arm-none-eabi/lib/thumb/v7-m/nofp\libg_nano.a(lib_a-nano-freer.o)
                0x0800e720                _free_r
 .text._malloc_r
                0x0800e7b8       0xb4 c:/program files (x86)/embitz/2.64/share/armgcc/bin/../lib/gcc/arm-none-eabi/9.3.1/../../../../arm-none-eabi/lib/thumb/v7-m/nofp\libg_nano.a(lib_a-nano-mallocr.o)
                0x0800e7b8                _malloc_r
 .text.__cvt    0x0800e86c       0xbe c:/program files (x86)/embitz/2.64/share/armgcc/bin/../lib/gcc/arm-none-eabi/9.3.1/../../../../arm-none-eabi/lib/thumb/v7-m/nofp\libg_nano.a(lib_a-nano-vfprintf_float.o)
                0x0800e86c                __cvt
 .text.__exponent
                0x0800e92a       0x7c c:/program files (x86)/embitz/2.64/share/armgcc/bin/../lib/gcc/arm-none-eabi/9.3.1/../../../../arm-none-eabi/lib/thumb/v7-m/nofp\libg_nano.a(lib_a-nano-vfprintf_float.o)
                0x0800e92a                __exponent
 *fill*         0x0800e9a6        0x2 
 .text._printf_float
                0x0800e9a8      0x458 c:/program files (x86)/embitz/2.64/share/armgcc/bin/../lib/gcc/arm-none-eabi/9.3.1/../../../../arm-none-eabi/lib/thumb/v7-m/nofp\libg_nano.a(lib_a-nano-vfprintf_float.o)
                0x0800e9a8                _printf_float
 .text._printf_common
                0x0800ee00       0xde c:/program files (x86)/embitz/2.64/share/armgcc/bin/../lib/gcc/arm-none-eabi/9.3.1/../../../../arm-none-eabi/lib/thumb/v7-m/nofp\libg_nano.a(lib_a-nano-vfprintf_i.o)
                0x0800ee00                _printf_common
 *fill*         0x0800eede        0x2 
 .text._printf_i
                0x0800eee0      0x24c c:/program files (x86)/embitz/2.64/share/armgcc/bin/../lib/gcc/arm-none-eabi/9.3.1/../../../../arm-none-eabi/lib/thumb/v7-m/nofp\libg_nano.a(lib_a-nano-vfprintf_i.o)
                0x0800eee0                _printf_i
 .text._sbrk_r  0x0800f12c       0x20 c:/program files (x86)/embitz/2.64/share/armgcc/bin/../lib/gcc/arm-none-eabi/9.3.1/../../../../arm-none-eabi/lib/thumb/v7-m/nofp\libg_nano.a(lib_a-sbrkr.o)
                0x0800f12c                _sbrk_r
 .text.snprintf
                0x0800f14c       0x68 c:/program files (x86)/embitz/2.64/share/armgcc/bin/../lib/gcc/arm-none-eabi/9.3.1/../../../../arm-none-eabi/lib/thumb/v7-m/nofp\libg_nano.a(lib_a-snprintf.o)
                0x0800f14c                sniprintf
                0x0800f14c                snprintf
 .text.strchr   0x0800f1b4       0x1a c:/program files (x86)/embitz/2.64/share/armgcc/bin/../lib/gcc/arm-none-eabi/9.3.1/../../../../arm-none-eabi/lib/thumb/v7-m/nofp\libg_nano.a(lib_a-strchr.o)
                0x0800f1b4                strchr
 .text          0x0800f1ce       0x10 c:/program files (x86)/embitz/2.64/share/armgcc/bin/../lib/gcc/arm-none-eabi/9.3.1/../../../../arm-none-eabi/lib/thumb/v7-m/nofp\libg_nano.a(lib_a-strlen.o)
                0x0800f1ce                strlen
 *fill*         0x0800f1de        0x2 
 .text.strncasecmp
                0x0800f1e0       0x44 c:/program files (x86)/embitz/2.64/share/armgcc/bin/../lib/gcc/arm-none-eabi/9.3.1/../../../../arm-none-eabi/lib/thumb/v7-m/nofp\libg_nano.a(lib_a-strncasecmp.o)
                0x0800f1e0                strncasecmp
 .text.strncpy  0x0800f224       0x26 c:/program files (x86)/embitz/2.64/share/armgcc/bin/../lib/gcc/arm-none-eabi/9.3.1/../../../../arm-none-eabi/lib/thumb/v7-m/nofp\libg_nano.a(lib_a-strncpy.o)
                0x0800f224                strncpy
 .text.sulp     0x0800f24a       0x42 c:/program files (x86)/embitz/2.64/share/armgcc/bin/../lib/gcc/arm-none-eabi/9.3.1/../../../../arm-none-eabi/lib/thumb/v7-m/nofp\libg_nano.a(lib_a-strtod.o)
 *fill*         0x0800f28c        0x4 
 .text._strtod_l
                0x0800f290      0xbe8 c:/program files (x86)/embitz/2.64/share/armgcc/bin/../lib/gcc/arm-none-eabi/9.3.1/../../../../arm-none-eabi/lib/thumb/v7-m/nofp\libg_nano.a(lib_a-strtod.o)
                0x0800f290                _strtod_l
 .text.strtof   0x0800fe78       0xa4 c:/program files (x86)/embitz/2.64/share/armgcc/bin/../lib/gcc/arm-none-eabi/9.3.1/../../../../arm-none-eabi/lib/thumb/v7-m/nofp\libg_nano.a(lib_a-strtod.o)
                0x0800fe78                strtof
 .text._strtol_l.isra.0
                0x0800ff1c      0x10c c:/program files (x86)/embitz/2.64/share/armgcc/bin/../lib/gcc/arm-none-eabi/9.3.1/../../../../arm-none-eabi/lib/thumb/v7-m/nofp\libg_nano.a(lib_a-strtol.o)
 .text._strtol_r
                0x08010028        0x4 c:/program files (x86)/embitz/2.64/share/armgcc/bin/../lib/gcc/arm-none-eabi/9.3.1/../../../../arm-none-eabi/lib/thumb/v7-m/nofp\libg_nano.a(lib_a-strtol.o)
                0x08010028                _strtol_r
 .text.strtol   0x0801002c       0x14 c:/program files (x86)/embitz/2.64/share/armgcc/bin/../lib/gcc/arm-none-eabi/9.3.1/../../../../arm-none-eabi/lib/thumb/v7-m/nofp\libg_nano.a(lib_a-strtol.o)
                0x0801002c                strtol
 .text._strtoul_l.isra.0
                0x08010040       0xf8 c:/program files (x86)/embitz/2.64/share/armgcc/bin/../lib/gcc/arm-none-eabi/9.3.1/../../../../arm-none-eabi/lib/thumb/v7-m/nofp\libg_nano.a(lib_a-strtoul.o)
 .text._strtoul_r
                0x08010138        0x4 c:/program files (x86)/embitz/2.64/share/armgcc/bin/../lib/gcc/arm-none-eabi/9.3.1/../../../../arm-none-eabi/lib/thumb/v7-m/nofp\libg_nano.a(lib_a-strtoul.o)
                0x08010138                _strtoul_r
 .text.strtoul  0x0801013c       0x14 c:/program files (x86)/embitz/2.64/share/armgcc/bin/../lib/gcc/arm-none-eabi/9.3.1/../../../../arm-none-eabi/lib/thumb/v7-m/nofp\libg_nano.a(lib_a-strtoul.o)
                0x0801013c                strtoul
 .text.__tzcalc_limits
                0x08010150      0x150 c:/program files (x86)/embitz/2.64/share/armgcc/bin/../lib/gcc/arm-none-eabi/9.3.1/../../../../arm-none-eabi/lib/thumb/v7-m/nofp\libg_nano.a(lib_a-tzcalc_limits.o)
                0x08010150                __tzcalc_limits
 .text.__tz_lock
                0x080102a0        0xc c:/program files (x86)/embitz/2.64/share/armgcc/bin/../lib/gcc/arm-none-eabi/9.3.1/../../../../arm-none-eabi/lib/thumb/v7-m/nofp\libg_nano.a(lib_a-tzlock.o)
                0x080102a0                __tz_lock
 .text.__tz_unlock
                0x080102ac        0xc c:/program files (x86)/embitz/2.64/share/armgcc/bin/../lib/gcc/arm-none-eabi/9.3.1/../../../../arm-none-eabi/lib/thumb/v7-m/nofp\libg_nano.a(lib_a-tzlock.o)
                0x080102ac                __tz_unlock
 .text._tzset_unlocked
                0x080102b8        0xc c:/program files (x86)/embitz/2.64/share/armgcc/bin/../lib/gcc/arm-none-eabi/9.3.1/../../../../arm-none-eabi/lib/thumb/v7-m/nofp\libg_nano.a(lib_a-tzset.o)
                0x080102b8                _tzset_unlocked
 .text._tzset_unlocked_r
                0x080102c4      0x300 c:/program files (x86)/embitz/2.64/share/armgcc/bin/../lib/gcc/arm-none-eabi/9.3.1/../../../../arm-none-eabi/lib/thumb/v7-m/nofp\libg_nano.a(lib_a-tzset_r.o)
                0x080102c4                _tzset_unlocked_r
 .text._vsnprintf_r
                0x080105c4       0x58 c:/program files (x86)/embitz/2.64/share/armgcc/bin/../lib/gcc/arm-none-eabi/9.3.1/../../../../arm-none-eabi/lib/thumb/v7-m/nofp\libg_nano.a(lib_a-vsnprintf.o)
                0x080105c4                _vsniprintf_r
                0x080105c4                _vsnprintf_r
 .text.vsnprintf
                0x0801061c       0x1c c:/program files (x86)/embitz/2.64/share/armgcc/bin/../lib/gcc/arm-none-eabi/9.3.1/../../../../arm-none-eabi/lib/thumb/v7-m/nofp\libg_nano.a(lib_a-vsnprintf.o)
                0x0801061c                vsniprintf
                0x0801061c                vsnprintf
 .text.__swbuf_r
                0x08010638       0xa4 c:/program files (x86)/embitz/2.64/share/armgcc/bin/../lib/gcc/arm-none-eabi/9.3.1/../../../../arm-none-eabi/lib/thumb/v7-m/nofp\libg_nano.a(lib_a-wbuf.o)
                0x08010638                __swbuf_r
 .text.__swsetup_r
                0x080106dc       0xdc c:/program files (x86)/embitz/2.64/share/armgcc/bin/../lib/gcc/arm-none-eabi/9.3.1/../../../../arm-none-eabi/lib/thumb/v7-m/nofp\libg_nano.a(lib_a-wsetup.o)
                0x080106dc                __swsetup_r
 .text.__assert_func
                0x080107b8       0x3c c:/program files (x86)/embitz/2.64/share/armgcc/bin/../lib/gcc/arm-none-eabi/9.3.1/../../../../arm-none-eabi/lib/thumb/v7-m/nofp\libg_nano.a(lib_a-assert.o)
                0x080107b8                __assert_func
 .text.div      0x080107f4       0x28 c:/program files (x86)/embitz/2.64/share/armgcc/bin/../lib/gcc/arm-none-eabi/9.3.1/../../../../arm-none-eabi/lib/thumb/v7-m/nofp\libg_nano.a(lib_a-div.o)
                0x080107f4                div
 .text.quorem   0x0801081c      0x11a c:/program files (x86)/embitz/2.64/share/armgcc/bin/../lib/gcc/arm-none-eabi/9.3.1/../../../../arm-none-eabi/lib/thumb/v7-m/nofp\libg_nano.a(lib_a-dtoa.o)
 *fill*         0x08010936        0x2 
 .text._dtoa_r  0x08010938      0xbdc c:/program files (x86)/embitz/2.64/share/armgcc/bin/../lib/gcc/arm-none-eabi/9.3.1/../../../../arm-none-eabi/lib/thumb/v7-m/nofp\libg_nano.a(lib_a-dtoa.o)
                0x08010938                _dtoa_r
 .text.__sflush_r
                0x08011514      0x10c c:/program files (x86)/embitz/2.64/share/armgcc/bin/../lib/gcc/arm-none-eabi/9.3.1/../../../../arm-none-eabi/lib/thumb/v7-m/nofp\libg_nano.a(lib_a-fflush.o)
                0x08011514                __sflush_r
 .text._fflush_r
                0x08011620       0x78 c:/program files (x86)/embitz/2.64/share/armgcc/bin/../lib/gcc/arm-none-eabi/9.3.1/../../../../arm-none-eabi/lib/thumb/v7-m/nofp\libg_nano.a(lib_a-fflush.o)
                0x08011620                _fflush_r
 .text.std      0x08011698       0x48 c:/program files (x86)/embitz/2.64/share/armgcc/bin/../lib/gcc/arm-none-eabi/9.3.1/../../../../arm-none-eabi/lib/thumb/v7-m/nofp\libg_nano.a(lib_a-findfp.o)
 .text._cleanup_r
                0x080116e0        0xc c:/program files (x86)/embitz/2.64/share/armgcc/bin/../lib/gcc/arm-none-eabi/9.3.1/../../../../arm-none-eabi/lib/thumb/v7-m/nofp\libg_nano.a(lib_a-findfp.o)
                0x080116e0                _cleanup_r
 .text.__sfmoreglue
                0x080116ec       0x2c c:/program files (x86)/embitz/2.64/share/armgcc/bin/../lib/gcc/arm-none-eabi/9.3.1/../../../../arm-none-eabi/lib/thumb/v7-m/nofp\libg_nano.a(lib_a-findfp.o)
                0x080116ec                __sfmoreglue
 .text.__sfp_lock_acquire
                0x08011718        0xc c:/program files (x86)/embitz/2.64/share/armgcc/bin/../lib/gcc/arm-none-eabi/9.3.1/../../../../arm-none-eabi/lib/thumb/v7-m/nofp\libg_nano.a(lib_a-findfp.o)
                0x08011718                __sfp_lock_acquire
 .text.__sfp_lock_release
                0x08011724        0xc c:/program files (x86)/embitz/2.64/share/armgcc/bin/../lib/gcc/arm-none-eabi/9.3.1/../../../../arm-none-eabi/lib/thumb/v7-m/nofp\libg_nano.a(lib_a-findfp.o)
                0x08011724                __sfp_lock_release
 .text.__sinit_lock_acquire
                0x08011730        0xc c:/program files (x86)/embitz/2.64/share/armgcc/bin/../lib/gcc/arm-none-eabi/9.3.1/../../../../arm-none-eabi/lib/thumb/v7-m/nofp\libg_nano.a(lib_a-findfp.o)
                0x08011730                __sinit_lock_acquire
 .text.__sinit_lock_release
                0x0801173c        0xc c:/program files (x86)/embitz/2.64/share/armgcc/bin/../lib/gcc/arm-none-eabi/9.3.1/../../../../arm-none-eabi/lib/thumb/v7-m/nofp\libg_nano.a(lib_a-findfp.o)
                0x0801173c                __sinit_lock_release
 .text.__sinit  0x08011748       0x70 c:/program files (x86)/embitz/2.64/share/armgcc/bin/../lib/gcc/arm-none-eabi/9.3.1/../../../../arm-none-eabi/lib/thumb/v7-m/nofp\libg_nano.a(lib_a-findfp.o)
                0x08011748                __sinit
 .text.__sfp    0x080117b8       0x8c c:/program files (x86)/embitz/2.64/share/armgcc/bin/../lib/gcc/arm-none-eabi/9.3.1/../../../../arm-none-eabi/lib/thumb/v7-m/nofp\libg_nano.a(lib_a-findfp.o)
                0x080117b8                __sfp
 .text.fprintf  0x08011844       0x24 c:/program files (x86)/embitz/2.64/share/armgcc/bin/../lib/gcc/arm-none-eabi/9.3.1/../../../../arm-none-eabi/lib/thumb/v7-m/nofp\libg_nano.a(lib_a-fprintf.o)
                0x08011844                fiprintf
                0x08011844                fprintf
 .text._fwalk_reent
                0x08011868       0x3e c:/program files (x86)/embitz/2.64/share/armgcc/bin/../lib/gcc/arm-none-eabi/9.3.1/../../../../arm-none-eabi/lib/thumb/v7-m/nofp\libg_nano.a(lib_a-fwalk.o)
                0x08011868                _fwalk_reent
 .text.rshift   0x080118a6       0xa6 c:/program files (x86)/embitz/2.64/share/armgcc/bin/../lib/gcc/arm-none-eabi/9.3.1/../../../../arm-none-eabi/lib/thumb/v7-m/nofp\libg_nano.a(lib_a-gdtoa-gethex.o)
 .text.__hexdig_fun
                0x0801194c       0x2a c:/program files (x86)/embitz/2.64/share/armgcc/bin/../lib/gcc/arm-none-eabi/9.3.1/../../../../arm-none-eabi/lib/thumb/v7-m/nofp\libg_nano.a(lib_a-gdtoa-gethex.o)
                0x0801194c                __hexdig_fun
 *fill*         0x08011976        0x2 
 .text.__gethex
                0x08011978      0x478 c:/program files (x86)/embitz/2.64/share/armgcc/bin/../lib/gcc/arm-none-eabi/9.3.1/../../../../arm-none-eabi/lib/thumb/v7-m/nofp\libg_nano.a(lib_a-gdtoa-gethex.o)
                0x08011978                __gethex
 .text.L_shift  0x08011df0       0x24 c:/program files (x86)/embitz/2.64/share/armgcc/bin/../lib/gcc/arm-none-eabi/9.3.1/../../../../arm-none-eabi/lib/thumb/v7-m/nofp\libg_nano.a(lib_a-gdtoa-hexnan.o)
 .text.__match  0x08011e14       0x28 c:/program files (x86)/embitz/2.64/share/armgcc/bin/../lib/gcc/arm-none-eabi/9.3.1/../../../../arm-none-eabi/lib/thumb/v7-m/nofp\libg_nano.a(lib_a-gdtoa-hexnan.o)
                0x08011e14                __match
 .text.__hexnan
                0x08011e3c      0x138 c:/program files (x86)/embitz/2.64/share/armgcc/bin/../lib/gcc/arm-none-eabi/9.3.1/../../../../arm-none-eabi/lib/thumb/v7-m/nofp\libg_nano.a(lib_a-gdtoa-hexnan.o)
                0x08011e3c                __hexnan
 .text._findenv_r
                0x08011f74       0x74 c:/program files (x86)/embitz/2.64/share/armgcc/bin/../lib/gcc/arm-none-eabi/9.3.1/../../../../arm-none-eabi/lib/thumb/v7-m/nofp\libg_nano.a(lib_a-getenv_r.o)
                0x08011f74                _findenv_r
 .text._getenv_r
                0x08011fe8        0xe c:/program files (x86)/embitz/2.64/share/armgcc/bin/../lib/gcc/arm-none-eabi/9.3.1/../../../../arm-none-eabi/lib/thumb/v7-m/nofp\libg_nano.a(lib_a-getenv_r.o)
                0x08011fe8                _getenv_r
 *fill*         0x08011ff6        0x2 
 .text.__gettzinfo
                0x08011ff8        0x8 c:/program files (x86)/embitz/2.64/share/armgcc/bin/../lib/gcc/arm-none-eabi/9.3.1/../../../../arm-none-eabi/lib/thumb/v7-m/nofp\libg_nano.a(lib_a-gettzinfo.o)
                0x08011ff8                __gettzinfo
 .text.gmtime_r
                0x08012000      0x160 c:/program files (x86)/embitz/2.64/share/armgcc/bin/../lib/gcc/arm-none-eabi/9.3.1/../../../../arm-none-eabi/lib/thumb/v7-m/nofp\libg_nano.a(lib_a-gmtime_r.o)
                0x08012000                gmtime_r
 .text._localeconv_r
                0x08012160        0x8 c:/program files (x86)/embitz/2.64/share/armgcc/bin/../lib/gcc/arm-none-eabi/9.3.1/../../../../arm-none-eabi/lib/thumb/v7-m/nofp\libg_nano.a(lib_a-localeconv.o)
                0x08012160                _localeconv_r
 .text.__retarget_lock_init_recursive
                0x08012168        0x2 c:/program files (x86)/embitz/2.64/share/armgcc/bin/../lib/gcc/arm-none-eabi/9.3.1/../../../../arm-none-eabi/lib/thumb/v7-m/nofp\libg_nano.a(lib_a-lock.o)
                0x08012168                __retarget_lock_init_recursive
 .text.__retarget_lock_acquire
                0x0801216a        0x2 c:/program files (x86)/embitz/2.64/share/armgcc/bin/../lib/gcc/arm-none-eabi/9.3.1/../../../../arm-none-eabi/lib/thumb/v7-m/nofp\libg_nano.a(lib_a-lock.o)
                0x0801216a                __retarget_lock_acquire
 .text.__retarget_lock_acquire_recursive
                0x0801216c        0x2 c:/program files (x86)/embitz/2.64/share/armgcc/bin/../lib/gcc/arm-none-eabi/9.3.1/../../../../arm-none-eabi/lib/thumb/v7-m/nofp\libg_nano.a(lib_a-lock.o)
                0x0801216c                __retarget_lock_acquire_recursive
 .text.__retarget_lock_release
                0x0801216e        0x2 c:/program files (x86)/embitz/2.64/share/armgcc/bin/../lib/gcc/arm-none-eabi/9.3.1/../../../../arm-none-eabi/lib/thumb/v7-m/nofp\libg_nano.a(lib_a-lock.o)
                0x0801216e                __retarget_lock_release
 .text.__retarget_lock_release_recursive
                0x08012170        0x2 c:/program files (x86)/embitz/2.64/share/armgcc/bin/../lib/gcc/arm-none-eabi/9.3.1/../../../../arm-none-eabi/lib/thumb/v7-m/nofp\libg_nano.a(lib_a-lock.o)
                0x08012170                __retarget_lock_release_recursive
 .text.__swhatbuf_r
                0x08012172       0x48 c:/program files (x86)/embitz/2.64/share/armgcc/bin/../lib/gcc/arm-none-eabi/9.3.1/../../../../arm-none-eabi/lib/thumb/v7-m/nofp\libg_nano.a(lib_a-makebuf.o)
                0x08012172                __swhatbuf_r
 *fill*         0x080121ba        0x2 
 .text.__smakebuf_r
                0x080121bc       0x80 c:/program files (x86)/embitz/2.64/share/armgcc/bin/../lib/gcc/arm-none-eabi/9.3.1/../../../../arm-none-eabi/lib/thumb/v7-m/nofp\libg_nano.a(lib_a-makebuf.o)
                0x080121bc                __smakebuf_r
 .text.__ascii_mbtowc
                0x0801223c       0x24 c:/program files (x86)/embitz/2.64/share/armgcc/bin/../lib/gcc/arm-none-eabi/9.3.1/../../../../arm-none-eabi/lib/thumb/v7-m/nofp\libg_nano.a(lib_a-mbtowc_r.o)
                0x0801223c                __ascii_mbtowc
 .text.memchr   0x08012260       0x1c c:/program files (x86)/embitz/2.64/share/armgcc/bin/../lib/gcc/arm-none-eabi/9.3.1/../../../../arm-none-eabi/lib/thumb/v7-m/nofp\libg_nano.a(lib_a-memchr-stub.o)
                0x08012260                memchr
 .text.__malloc_lock
                0x0801227c        0xc c:/program files (x86)/embitz/2.64/share/armgcc/bin/../lib/gcc/arm-none-eabi/9.3.1/../../../../arm-none-eabi/lib/thumb/v7-m/nofp\libg_nano.a(lib_a-mlock.o)
                0x0801227c                __malloc_lock
 .text.__malloc_unlock
                0x08012288        0xc c:/program files (x86)/embitz/2.64/share/armgcc/bin/../lib/gcc/arm-none-eabi/9.3.1/../../../../arm-none-eabi/lib/thumb/v7-m/nofp\libg_nano.a(lib_a-mlock.o)
                0x08012288                __malloc_unlock
 .text._Balloc  0x08012294       0x80 c:/program files (x86)/embitz/2.64/share/armgcc/bin/../lib/gcc/arm-none-eabi/9.3.1/../../../../arm-none-eabi/lib/thumb/v7-m/nofp\libg_nano.a(lib_a-mprec.o)
                0x08012294                _Balloc
 .text._Bfree   0x08012314       0x44 c:/program files (x86)/embitz/2.64/share/armgcc/bin/../lib/gcc/arm-none-eabi/9.3.1/../../../../arm-none-eabi/lib/thumb/v7-m/nofp\libg_nano.a(lib_a-mprec.o)
                0x08012314                _Bfree
 .text.__multadd
                0x08012358       0x94 c:/program files (x86)/embitz/2.64/share/armgcc/bin/../lib/gcc/arm-none-eabi/9.3.1/../../../../arm-none-eabi/lib/thumb/v7-m/nofp\libg_nano.a(lib_a-mprec.o)
                0x08012358                __multadd
 .text.__s2b    0x080123ec       0x94 c:/program files (x86)/embitz/2.64/share/armgcc/bin/../lib/gcc/arm-none-eabi/9.3.1/../../../../arm-none-eabi/lib/thumb/v7-m/nofp\libg_nano.a(lib_a-mprec.o)
                0x080123ec                __s2b
 .text.__hi0bits
                0x08012480       0x40 c:/program files (x86)/embitz/2.64/share/armgcc/bin/../lib/gcc/arm-none-eabi/9.3.1/../../../../arm-none-eabi/lib/thumb/v7-m/nofp\libg_nano.a(lib_a-mprec.o)
                0x08012480                __hi0bits
 .text.__lo0bits
                0x080124c0       0x5c c:/program files (x86)/embitz/2.64/share/armgcc/bin/../lib/gcc/arm-none-eabi/9.3.1/../../../../arm-none-eabi/lib/thumb/v7-m/nofp\libg_nano.a(lib_a-mprec.o)
                0x080124c0                __lo0bits
 .text.__i2b    0x0801251c       0x2c c:/program files (x86)/embitz/2.64/share/armgcc/bin/../lib/gcc/arm-none-eabi/9.3.1/../../../../arm-none-eabi/lib/thumb/v7-m/nofp\libg_nano.a(lib_a-mprec.o)
                0x0801251c                __i2b
 .text.__multiply
                0x08012548      0x148 c:/program files (x86)/embitz/2.64/share/armgcc/bin/../lib/gcc/arm-none-eabi/9.3.1/../../../../arm-none-eabi/lib/thumb/v7-m/nofp\libg_nano.a(lib_a-mprec.o)
                0x08012548                __multiply
 .text.__pow5mult
                0x08012690       0xb4 c:/program files (x86)/embitz/2.64/share/armgcc/bin/../lib/gcc/arm-none-eabi/9.3.1/../../../../arm-none-eabi/lib/thumb/v7-m/nofp\libg_nano.a(lib_a-mprec.o)
                0x08012690                __pow5mult
 .text.__lshift
                0x08012744       0xd8 c:/program files (x86)/embitz/2.64/share/armgcc/bin/../lib/gcc/arm-none-eabi/9.3.1/../../../../arm-none-eabi/lib/thumb/v7-m/nofp\libg_nano.a(lib_a-mprec.o)
                0x08012744                __lshift
 .text.__mcmp   0x0801281c       0x36 c:/program files (x86)/embitz/2.64/share/armgcc/bin/../lib/gcc/arm-none-eabi/9.3.1/../../../../arm-none-eabi/lib/thumb/v7-m/nofp\libg_nano.a(lib_a-mprec.o)
                0x0801281c                __mcmp
 *fill*         0x08012852        0x2 
 .text.__mdiff  0x08012854      0x120 c:/program files (x86)/embitz/2.64/share/armgcc/bin/../lib/gcc/arm-none-eabi/9.3.1/../../../../arm-none-eabi/lib/thumb/v7-m/nofp\libg_nano.a(lib_a-mprec.o)
                0x08012854                __mdiff
 .text.__ulp    0x08012974       0x4c c:/program files (x86)/embitz/2.64/share/armgcc/bin/../lib/gcc/arm-none-eabi/9.3.1/../../../../arm-none-eabi/lib/thumb/v7-m/nofp\libg_nano.a(lib_a-mprec.o)
                0x08012974                __ulp
 .text.__b2d    0x080129c0       0xa8 c:/program files (x86)/embitz/2.64/share/armgcc/bin/../lib/gcc/arm-none-eabi/9.3.1/../../../../arm-none-eabi/lib/thumb/v7-m/nofp\libg_nano.a(lib_a-mprec.o)
                0x080129c0                __b2d
 .text.__d2b    0x08012a68       0xb8 c:/program files (x86)/embitz/2.64/share/armgcc/bin/../lib/gcc/arm-none-eabi/9.3.1/../../../../arm-none-eabi/lib/thumb/v7-m/nofp\libg_nano.a(lib_a-mprec.o)
                0x08012a68                __d2b
 .text.__ratio  0x08012b20       0x5c c:/program files (x86)/embitz/2.64/share/armgcc/bin/../lib/gcc/arm-none-eabi/9.3.1/../../../../arm-none-eabi/lib/thumb/v7-m/nofp\libg_nano.a(lib_a-mprec.o)
                0x08012b20                __ratio
 .text.__copybits
                0x08012b7c       0x46 c:/program files (x86)/embitz/2.64/share/armgcc/bin/../lib/gcc/arm-none-eabi/9.3.1/../../../../arm-none-eabi/lib/thumb/v7-m/nofp\libg_nano.a(lib_a-mprec.o)
                0x08012b7c                __copybits
 .text.__any_on
                0x08012bc2       0x42 c:/program files (x86)/embitz/2.64/share/armgcc/bin/../lib/gcc/arm-none-eabi/9.3.1/../../../../arm-none-eabi/lib/thumb/v7-m/nofp\libg_nano.a(lib_a-mprec.o)
                0x08012bc2                __any_on
 .text._calloc_r
                0x08012c04       0x1c c:/program files (x86)/embitz/2.64/share/armgcc/bin/../lib/gcc/arm-none-eabi/9.3.1/../../../../arm-none-eabi/lib/thumb/v7-m/nofp\libg_nano.a(lib_a-nano-callocr.o)
                0x08012c04                _calloc_r
 .text.__ssputs_r
                0x08012c20       0xb6 c:/program files (x86)/embitz/2.64/share/armgcc/bin/../lib/gcc/arm-none-eabi/9.3.1/../../../../arm-none-eabi/lib/thumb/v7-m/nofp\libg_nano.a(lib_a-nano-svfprintf.o)
                0x08012c20                __ssputs_r
 *fill*         0x08012cd6        0x2 
 .text._svfprintf_r
                0x08012cd8      0x200 c:/program files (x86)/embitz/2.64/share/armgcc/bin/../lib/gcc/arm-none-eabi/9.3.1/../../../../arm-none-eabi/lib/thumb/v7-m/nofp\libg_nano.a(lib_a-nano-svfprintf.o)
                0x08012cd8                _svfiprintf_r
                0x08012cd8                _svfprintf_r
 .text.__sfputc_r
                0x08012ed8       0x2a c:/program files (x86)/embitz/2.64/share/armgcc/bin/../lib/gcc/arm-none-eabi/9.3.1/../../../../arm-none-eabi/lib/thumb/v7-m/nofp\libg_nano.a(lib_a-nano-vfprintf.o)
 .text.__sfputs_r
                0x08012f02       0x24 c:/program files (x86)/embitz/2.64/share/armgcc/bin/../lib/gcc/arm-none-eabi/9.3.1/../../../../arm-none-eabi/lib/thumb/v7-m/nofp\libg_nano.a(lib_a-nano-vfprintf.o)
                0x08012f02                __sfputs_r
 *fill*         0x08012f26        0x2 
 .text._vfprintf_r
                0x08012f28      0x260 c:/program files (x86)/embitz/2.64/share/armgcc/bin/../lib/gcc/arm-none-eabi/9.3.1/../../../../arm-none-eabi/lib/thumb/v7-m/nofp\libg_nano.a(lib_a-nano-vfprintf.o)
                0x08012f28                _vfprintf_r
                0x08012f28                _vfiprintf_r
 .text.nan      0x08013188        0xc c:/program files (x86)/embitz/2.64/share/armgcc/bin/../lib/gcc/arm-none-eabi/9.3.1/../../../../arm-none-eabi/lib/thumb/v7-m/nofp\libg_nano.a(lib_a-s_nan.o)
                0x08013188                nan
 .text.nanf     0x08013194        0x8 c:/program files (x86)/embitz/2.64/share/armgcc/bin/../lib/gcc/arm-none-eabi/9.3.1/../../../../arm-none-eabi/lib/thumb/v7-m/nofp\libg_nano.a(lib_a-sf_nan.o)
                0x08013194                nanf
 .text.sscanf   0x0801319c       0x54 c:/program files (x86)/embitz/2.64/share/armgcc/bin/../lib/gcc/arm-none-eabi/9.3.1/../../../../arm-none-eabi/lib/thumb/v7-m/nofp\libg_nano.a(lib_a-sscanf.o)
                0x0801319c                siscanf
                0x0801319c                sscanf
 .text.__sread  0x080131f0       0x22 c:/program files (x86)/embitz/2.64/share/armgcc/bin/../lib/gcc/arm-none-eabi/9.3.1/../../../../arm-none-eabi/lib/thumb/v7-m/nofp\libg_nano.a(lib_a-stdio.o)
                0x080131f0                __sread
 .text.__seofread
                0x08013212        0x4 c:/program files (x86)/embitz/2.64/share/armgcc/bin/../lib/gcc/arm-none-eabi/9.3.1/../../../../arm-none-eabi/lib/thumb/v7-m/nofp\libg_nano.a(lib_a-stdio.o)
                0x08013212                __seofread
 .text.__swrite
                0x08013216       0x38 c:/program files (x86)/embitz/2.64/share/armgcc/bin/../lib/gcc/arm-none-eabi/9.3.1/../../../../arm-none-eabi/lib/thumb/v7-m/nofp\libg_nano.a(lib_a-stdio.o)
                0x08013216                __swrite
 .text.__sseek  0x0801324e       0x24 c:/program files (x86)/embitz/2.64/share/armgcc/bin/../lib/gcc/arm-none-eabi/9.3.1/../../../../arm-none-eabi/lib/thumb/v7-m/nofp\libg_nano.a(lib_a-stdio.o)
                0x0801324e                __sseek
 .text.__sclose
                0x08013272        0x8 c:/program files (x86)/embitz/2.64/share/armgcc/bin/../lib/gcc/arm-none-eabi/9.3.1/../../../../arm-none-eabi/lib/thumb/v7-m/nofp\libg_nano.a(lib_a-stdio.o)
                0x08013272                __sclose
 .text          0x0801327a       0x14 c:/program files (x86)/embitz/2.64/share/armgcc/bin/../lib/gcc/arm-none-eabi/9.3.1/../../../../arm-none-eabi/lib/thumb/v7-m/nofp\libg_nano.a(lib_a-strcmp.o)
                0x0801327a                strcmp
 .text.strcpy   0x0801328e       0x10 c:/program files (x86)/embitz/2.64/share/armgcc/bin/../lib/gcc/arm-none-eabi/9.3.1/../../../../arm-none-eabi/lib/thumb/v7-m/nofp\libg_nano.a(lib_a-strcpy.o)
                0x0801328e                strcpy
 .text.strncmp  0x0801329e       0x24 c:/program files (x86)/embitz/2.64/share/armgcc/bin/../lib/gcc/arm-none-eabi/9.3.1/../../../../arm-none-eabi/lib/thumb/v7-m/nofp\libg_nano.a(lib_a-strncmp.o)
                0x0801329e                strncmp
 .text.__ascii_wctomb
                0x080132c2       0x1a c:/program files (x86)/embitz/2.64/share/armgcc/bin/../lib/gcc/arm-none-eabi/9.3.1/../../../../arm-none-eabi/lib/thumb/v7-m/nofp\libg_nano.a(lib_a-wctomb_r.o)
                0x080132c2                __ascii_wctomb
 .text._write_r
                0x080132dc       0x24 c:/program files (x86)/embitz/2.64/share/armgcc/bin/../lib/gcc/arm-none-eabi/9.3.1/../../../../arm-none-eabi/lib/thumb/v7-m/nofp\libg_nano.a(lib_a-writer.o)
                0x080132dc                _write_r
 .text.abort    0x08013300        0xe c:/program files (x86)/embitz/2.64/share/armgcc/bin/../lib/gcc/arm-none-eabi/9.3.1/../../../../arm-none-eabi/lib/thumb/v7-m/nofp\libg_nano.a(lib_a-abort.o)
                0x08013300                abort