Archive member included to satisfy reference by file (symbol)

c:/program files (x86)/embitz/2.64/share/armgcc/bin/../lib/gcc/arm-none-eabi/9.3.1/thumb/v7-m/nofp\libgcc.a(_arm_muldf3.o)
                              obj\debug\application\driversmcuperipherals\usart.o (__aeabi_dmul)
c:/program files (x86)/embitz/2.64/share/armgcc/bin/../lib/gcc/arm-none-eabi/9.3.1/thumb/v7-m/nofp\libgcc.a(_arm_mulsf3.o)
                              obj\debug\application\driversmcuperipherals\usart.o (__aeabi_fmul)
c:/program files (x86)/embitz/2.64/share/armgcc/bin/../lib/gcc/arm-none-eabi/9.3.1/thumb/v7-m/nofp\libgcc.a(_arm_addsubdf3.o)
                              obj\debug\application\driversmcuperipherals\usart.o (__aeabi_dadd)
c:/program files (x86)/embitz/2.64/share/armgcc/bin/../lib/gcc/arm-none-eabi/9.3.1/thumb/v7-m/nofp\libgcc.a(_arm_muldivdf3.o)
                              obj\debug\application\driversmcuperipherals\usart.o (__aeabi_ddiv)
c:/program files (x86)/embitz/2.64/share/armgcc/bin/../lib/gcc/arm-none-eabi/9.3.1/thumb/v7-m/nofp\libgcc.a(_arm_fixunsdfsi.o)
                              obj\debug\application\system\systime.o (__aeabi_d2uiz)
c:/program files (x86)/embitz/2.64/share/armgcc/bin/../lib/gcc/arm-none-eabi/9.3.1/thumb/v7-m/nofp\libgcc.a(_arm_truncdfsf2.o)
                              obj\debug\application\driversmcuperipherals\usart.o (__aeabi_d2f)
c:/program files (x86)/embitz/2.64/share/armgcc/bin/../lib/gcc/arm-none-eabi/9.3.1/thumb/v7-m/nofp\libgcc.a(_arm_addsubsf3.o)
                              obj\debug\application\driversmcuperipherals\adc.o (__aeabi_fsub)
c:/program files (x86)/embitz/2.64/share/armgcc/bin/../lib/gcc/arm-none-eabi/9.3.1/thumb/v7-m/nofp\libgcc.a(_arm_muldivsf3.o)
                              obj\debug\application\driversmcuperipherals\adc.o (__aeabi_fdiv)
c:/program files (x86)/embitz/2.64/share/armgcc/bin/../lib/gcc/arm-none-eabi/9.3.1/thumb/v7-m/nofp\libgcc.a(_arm_cmpsf2.o)
                              obj\debug\application\driversmcuperipherals\adc.o (__aeabi_fcmplt)
c:/program files (x86)/embitz/2.64/share/armgcc/bin/../lib/gcc/arm-none-eabi/9.3.1/thumb/v7-m/nofp\libgcc.a(_arm_fixsfsi.o)
                              obj\debug\application\driversmcuperipherals\adc.o (__aeabi_f2iz)
c:/program files (x86)/embitz/2.64/share/armgcc/bin/../lib/gcc/arm-none-eabi/9.3.1/thumb/v7-m/nofp\libgcc.a(_arm_fixunssfsi.o)
                              obj\debug\application\driversmcuperipherals\usart.o (__aeabi_f2uiz)
c:/program files (x86)/embitz/2.64/share/armgcc/bin/../lib/gcc/arm-none-eabi/9.3.1/../../../../arm-none-eabi/lib/thumb/v7-m/nofp\libg_nano.a(lib_a-atoi.o)
                              obj\debug\application\console\command\command.o (atoi)
c:/program files (x86)/embitz/2.64/share/armgcc/bin/../lib/gcc/arm-none-eabi/9.3.1/../../../../arm-none-eabi/lib/thumb/v7-m/nofp\libg_nano.a(lib_a-errno.o)
                              obj\debug\application\utils\stringutils.o (__errno)
c:/program files (x86)/embitz/2.64/share/armgcc/bin/../lib/gcc/arm-none-eabi/9.3.1/../../../../arm-none-eabi/lib/thumb/v7-m/nofp\libg_nano.a(lib_a-exit.o)
                              c:/program files (x86)/embitz/2.64/share/armgcc/bin/../lib/gcc/arm-none-eabi/9.3.1/../../../../arm-none-eabi/lib/thumb/v7-m/nofp/rdimon-crt0.o (exit)
c:/program files (x86)/embitz/2.64/share/armgcc/bin/../lib/gcc/arm-none-eabi/9.3.1/../../../../arm-none-eabi/lib/thumb/v7-m/nofp\libg_nano.a(lib_a-impure.o)
                              c:/program files (x86)/embitz/2.64/share/armgcc/bin/../lib/gcc/arm-none-eabi/9.3.1/../../../../arm-none-eabi/lib/thumb/v7-m/nofp\libg_nano.a(lib_a-exit.o) (_global_impure_ptr)
c:/program files (x86)/embitz/2.64/share/armgcc/bin/../lib/gcc/arm-none-eabi/9.3.1/../../../../arm-none-eabi/lib/thumb/v7-m/nofp\libg_nano.a(lib_a-init.o)
                              c:/program files (x86)/embitz/2.64/share/armgcc/bin/../lib/gcc/arm-none-eabi/9.3.1/../../../../arm-none-eabi/lib/thumb/v7-m/nofp/rdimon-crt0.o (__libc_init_array)
c:/program files (x86)/embitz/2.64/share/armgcc/bin/../lib/gcc/arm-none-eabi/9.3.1/../../../../arm-none-eabi/lib/thumb/v7-m/nofp\libg_nano.a(lib_a-lcltime.o)
                              obj\debug\application\driversmcuperipherals\rtc.o (localtime)
c:/program files (x86)/embitz/2.64/share/armgcc/bin/../lib/gcc/arm-none-eabi/9.3.1/../../../../arm-none-eabi/lib/thumb/v7-m/nofp\libg_nano.a(lib_a-lcltime_r.o)
                              c:/program files (x86)/embitz/2.64/share/armgcc/bin/../lib/gcc/arm-none-eabi/9.3.1/../../../../arm-none-eabi/lib/thumb/v7-m/nofp\libg_nano.a(lib_a-lcltime.o) (localtime_r)
c:/program files (x86)/embitz/2.64/share/armgcc/bin/../lib/gcc/arm-none-eabi/9.3.1/../../../../arm-none-eabi/lib/thumb/v7-m/nofp\libg_nano.a(lib_a-malloc.o)
                              c:/program files (x86)/embitz/2.64/share/armgcc/bin/../lib/gcc/arm-none-eabi/9.3.1/../../../../arm-none-eabi/lib/thumb/v7-m/nofp\libg_nano.a(lib_a-lcltime.o) (malloc)
[...]
Memory Configuration

Name             Origin             Length             Attributes
ROM              0x08000000         0x00040000         xr
RAM              0x20000000         0x00020000         xrw
*default*        0x00000000         0xffffffff

Linker script and memory map

LOAD c:/program files (x86)/embitz/2.64/share/armgcc/bin/../lib/gcc/arm-none-eabi/9.3.1/thumb/v7-m/nofp/crti.o
LOAD c:/program files (x86)/embitz/2.64/share/armgcc/bin/../lib/gcc/arm-none-eabi/9.3.1/thumb/v7-m/nofp/crtbegin.o
LOAD c:/program files (x86)/embitz/2.64/share/armgcc/bin/../lib/gcc/arm-none-eabi/9.3.1/../../../../arm-none-eabi/lib/thumb/v7-m/nofp/rdimon-crt0.o
                0x00002000                __HEAP_SIZE = 0x2000
                0x00001000                __STACK_SIZE = 0x1000

.text           0x08000000    0x185e4
 *(.isr_vector)
 .isr_vector    0x08000000      0x184 obj\debug\src\startup_stm32f2xx.o
                0x08000000                __isr_vector
 *(.text*)
 .text          0x08000184       0x40 c:/program files (x86)/embitz/2.64/share/armgcc/bin/../lib/gcc/arm-none-eabi/9.3.1/thumb/v7-m/nofp/crtbegin.o
 .text          0x080001c4       0xf8 c:/program files (x86)/embitz/2.64/share/armgcc/bin/../lib/gcc/arm-none-eabi/9.3.1/../../../../arm-none-eabi/lib/thumb/v7-m/nofp/rdimon-crt0.o
                0x080001c4                _stack_init
                0x080001d0                _start
                0x080001d0                _mainCRTStartup
 .text.CommandDictionaryGetPointer
                0x080002bc       0x30 obj\debug\application\console\command\command.o
                0x080002bc                CommandDictionaryGetPointer
 .text.CommandResultGetStringPrt
                0x080002ec       0x30 obj\debug\application\console\command\command.o
                0x080002ec                CommandResultGetStringPrt
 .text.CommandIsCommandValid
                0x0800031c       0x7e obj\debug\application\console\command\command.o
                0x0800031c                CommandIsCommandValid
 .text.CommandHandlerComment
                0x0800039a       0x14 obj\debug\application\console\command\command.o
 *fill*         0x080003ae        0x2 
 .text.CommandHandlerHelp
                0x080003b0      0x488 obj\debug\application\console\command\command.o
 .text.CommandHandlerGpio
                0x08000838      0x274 obj\debug\application\console\command\command.o
 .text.CommandHandlerAdc
                0x08000aac      0x2b4 obj\debug\application\console\command\command.o
 .text.CommandHandlerUsart
                0x08000d60      0x1c0 obj\debug\application\console\command\command.o
 .text.CommandHandlerSerial
                0x08000f20      0x17c obj\debug\application\console\command\command.o
 .text.CommandHandlerSram
                0x0800109c      0x3d0 obj\debug\application\console\command\command.o
 .text.CommandHandlerFile
                0x0800146c       0x9c obj\debug\application\console\command\command.o
 .text.CommandHandlerFlashNand
                0x08001508      0x2e0 obj\debug\application\console\command\command.o
 .text.CommandHandlerRtcBackupReg
                0x080017e8      0x1b8 obj\debug\application\console\command\command.o
 .text.CommandHandlerSystem
                0x080019a0      0x74c obj\debug\application\console\command\command.o
 .text.CommandHandlerYModem
                0x080020ec      0x1d8 obj\debug\application\console\command\command.o
 .text.CommandHandlerSpi
                0x080022c4      0x59c obj\debug\application\console\command\command.o
 .text.ConsoleModuleInit
                0x08002860       0x20 obj\debug\application\console\console.o
                0x08002860                ConsoleModuleInit
 .text.ConsoleCommandDictionarySet
                0x08002880       0x44 obj\debug\application\console\console.o
                0x08002880                ConsoleCommandDictionarySet
 .text.ConsoleCommandDictionaryGet
                0x080028c4       0x3c obj\debug\application\console\console.o
                0x080028c4                ConsoleCommandDictionaryGet
 .text.ConsoleEnable
                0x08002900       0x40 obj\debug\application\console\console.o
                0x08002900                ConsoleEnable
 .text.ConsoleInputGetChar
                0x08002940       0x70 obj\debug\application\console\console.o
                0x08002940                ConsoleInputGetChar
 .text.ConsoleInputProcessingAutoUpdateEnable
                0x080029b0       0x44 obj\debug\application\console\console.o
                0x080029b0                ConsoleInputProcessingAutoUpdateEnable
 .text.ConsoleInputProcessingAutoUpdate
                0x080029f4       0x64 obj\debug\application\console\console.o
                0x080029f4                ConsoleInputProcessingAutoUpdate
 .text.ConsoleInputProcessingManualUpdate
                0x08002a58      0x3fc obj\debug\application\console\console.o
                0x08002a58                ConsoleInputProcessingManualUpdate
 .text.ConsoleCommandClearCurrent
                0x08002e54       0x6c obj\debug\application\console\console.o
 .text.ConsoleLineBufferAppendChar
                0x08002ec0       0x64 obj\debug\application\console\console.o
 .text.ConsoleLineBufferUnAppendChar
                0x08002f24       0x60 obj\debug\application\console\console.o
 .text.ConsoleCommandProcess
                0x08002f84      0x288 obj\debug\application\console\console.o
 .text.ConsoleCommandDisplayNext
                0x0800320c      0x114 obj\debug\application\console\console.o
 .text.ConsoleCommandDisplayPrevious
                0x08003320      0x114 obj\debug\application\console\console.o
 .text.PrintSetBuffer
                0x08003434       0x40 obj\debug\application\console\print.o
                0x08003434                PrintSetBuffer
 .text.Printf   0x08003474       0x9c obj\debug\application\console\print.o
                0x08003474                Printf
 .text.PrintIsCharPrintable
                0x08003510       0x26 obj\debug\application\console\print.o
 *fill*         0x08003536        0x2 
 .text.PrintChar
                0x08003538       0x50 obj\debug\application\console\print.o
                0x08003538                PrintChar
 .text.PrintDebugfEnable
                0x08003588       0x20 obj\debug\application\console\print.o
                0x08003588                PrintDebugfEnable
 .text.StrLineEditorModuleInit
                0x080035a8       0x1a obj\debug\application\console\strlineeditor.o
                0x080035a8                StrLineEditorModuleInit
 *fill*         0x080035c2        0x2 
 .text.StrLineEditorBufferReset
                0x080035c4       0x70 obj\debug\application\console\strlineeditor.o
                0x080035c4                StrLineEditorBufferReset
 .text.StrLineEditorIsCharValid
                0x08003634       0x26 obj\debug\application\console\strlineeditor.o
                0x08003634                StrLineEditorIsCharValid
 *fill*         0x0800365a        0x2 
 .text.StrLineEditorBufferInsertChar
                0x0800365c      0x144 obj\debug\application\console\strlineeditor.o
                0x0800365c                StrLineEditorBufferInsertChar
 .text.StrLineEditorBufferDeleteChar
                0x080037a0       0xf0 obj\debug\application\console\strlineeditor.o
                0x080037a0                StrLineEditorBufferDeleteChar
 .text.StrLineEditorEditedStringGetPointer
                0x08003890       0x2c obj\debug\application\console\strlineeditor.o
                0x08003890                StrLineEditorEditedStringGetPointer
 .text.StrQueueCirModuleInit
                0x080038bc       0x3e obj\debug\application\console\strqueuecir.o
                0x080038bc                StrQueueCirModuleInit
 *fill*         0x080038fa        0x2 
 .text.StrQueueCirResetQueue
                0x080038fc       0x8c obj\debug\application\console\strqueuecir.o
                0x080038fc                StrQueueCirResetQueue
 .text.StrQueueCirInsertString
                0x08003988      0x2dc obj\debug\application\console\strqueuecir.o
                0x08003988                StrQueueCirInsertString
 .text.StrQueueCirGetCharFromCurrentString
                0x08003c64       0xb8 obj\debug\application\console\strqueuecir.o
                0x08003c64                StrQueueCirGetCharFromCurrentString
 .text.StrQueueCirBufferGetNextIndex
                0x08003d1c       0x4c obj\debug\application\console\strqueuecir.o
 .text.StrQueueCirBufferGetPreviousIndex
                0x08003d68       0x4c obj\debug\application\console\strqueuecir.o
 .text.StrQueueCirIndexMoveToPrevious
                0x08003db4      0x104 obj\debug\application\console\strqueuecir.o
                0x08003db4                StrQueueCirIndexMoveToPrevious
 .text.StrQueueCirIndexMoveToNext
                0x08003eb8       0xcc obj\debug\application\console\strqueuecir.o
                0x08003eb8                StrQueueCirIndexMoveToNext
 .text.NandSimuModuleInit
                0x08003f84       0x16 obj\debug\application\driversexternaldevices\flashmem\nandsimu.o
                0x08003f84                NandSimuModuleInit
 *fill*         0x08003f9a        0x2 
 .text.NandSimuWriteAtPageOffset
                0x08003f9c       0xf8 obj\debug\application\driversexternaldevices\flashmem\nandsimu.o
                0x08003f9c                NandSimuWriteAtPageOffset
 .text.NandSimuReadAtByteAddress
                0x08004094       0xa8 obj\debug\application\driversexternaldevices\flashmem\nandsimu.o
                0x08004094                NandSimuReadAtByteAddress
 .text.NandSimuEraseAll
                0x0800413c       0x7c obj\debug\application\driversexternaldevices\flashmem\nandsimu.o
                0x0800413c                NandSimuEraseAll
 .text.NandSimuEraseSubsector
                0x080041b8       0x98 obj\debug\application\driversexternaldevices\flashmem\nandsimu.o
                0x080041b8                NandSimuEraseSubsector
 .text.AdcModuleInit
                0x08004250       0x1a obj\debug\application\driversmcuperipherals\adc.o
                0x08004250                AdcModuleInit
 *fill*         0x0800426a        0x2 
 .text.AdcEnable
                0x0800426c      0x270 obj\debug\application\driversmcuperipherals\adc.o
                0x0800426c                AdcEnable
 .text.AdcIsEnable
                0x080044dc       0x48 obj\debug\application\driversmcuperipherals\adc.o
                0x080044dc                AdcIsEnable
 .text.AdcReadRaw
                0x08004524      0x1cc obj\debug\application\driversmcuperipherals\adc.o
                0x08004524                AdcReadRaw
 .text.AdcMilliVoltsToToDegC
                0x080046f0       0xac obj\debug\application\driversmcuperipherals\adc.o
                0x080046f0                AdcMilliVoltsToToDegC
 .text.AdcGetName
                0x0800479c       0x34 obj\debug\application\driversmcuperipherals\adc.o
                0x0800479c                AdcGetName
 .text.AdcGetGpioPort
                0x080047d0       0x64 obj\debug\application\driversmcuperipherals\adc.o
                0x080047d0                AdcGetGpioPort
 .text.BkpSramEnable
                0x08004834       0x46 obj\debug\application\driversmcuperipherals\bkpsram.o
                0x08004834                BkpSramEnable
 *fill*         0x0800487a        0x2 
 .text.BkpSramIsEnabled
                0x0800487c       0x48 obj\debug\application\driversmcuperipherals\bkpsram.o
                0x0800487c                BkpSramIsEnabled
 .text.BkpSramRead
                0x080048c4       0x94 obj\debug\application\driversmcuperipherals\bkpsram.o
                0x080048c4                BkpSramRead
 .text.BkpSramWrite
                0x08004958       0x88 obj\debug\application\driversmcuperipherals\bkpsram.o
                0x08004958                BkpSramWrite
 .text.BkpSramErase
                0x080049e0       0x7c obj\debug\application\driversmcuperipherals\bkpsram.o
                0x080049e0                BkpSramErase
 .text.GpioModuleInit
                0x08004a5c        0xe obj\debug\application\driversmcuperipherals\gpio.o
                0x08004a5c                GpioModuleInit
 *fill*         0x08004a6a        0x2 
 .text.GpioGetPortPointer
                0x08004a6c       0x30 obj\debug\application\driversmcuperipherals\gpio.o
                0x08004a6c                GpioGetPortPointer
 .text.GpioPortClockEnable
                0x08004a9c       0x56 obj\debug\application\driversmcuperipherals\gpio.o
                0x08004a9c                GpioPortClockEnable
 *fill*         0x08004af2        0x2 
 .text.GpioPortGetAhbx
                0x08004af4       0x88 obj\debug\application\driversmcuperipherals\gpio.o
 .text.GpioPortClockIsEnabled
                0x08004b7c       0x44 obj\debug\application\driversmcuperipherals\gpio.o
                0x08004b7c                GpioPortClockIsEnabled
 .text.GpioOTypeSetVal
                0x08004bc0       0x82 obj\debug\application\driversmcuperipherals\gpio.o
                0x08004bc0                GpioOTypeSetVal
 .text.GpioOTypeGetVal
                0x08004c42       0x6c obj\debug\application\driversmcuperipherals\gpio.o
                0x08004c42                GpioOTypeGetVal
 *fill*         0x08004cae        0x2 
 .text.GpioOTypeGetName
                0x08004cb0       0x2c obj\debug\application\driversmcuperipherals\gpio.o
                0x08004cb0                GpioOTypeGetName
 .text.GpioPuPdSetVal
                0x08004cdc       0x7a obj\debug\application\driversmcuperipherals\gpio.o
                0x08004cdc                GpioPuPdSetVal
 .text.GpioPuPdGetVal
                0x08004d56       0x6c obj\debug\application\driversmcuperipherals\gpio.o
                0x08004d56                GpioPuPdGetVal
 *fill*         0x08004dc2        0x2 
 .text.GpioPuPdGetName
                0x08004dc4       0x2c obj\debug\application\driversmcuperipherals\gpio.o
                0x08004dc4                GpioPuPdGetName
 .text.GpioSpeedSetVal
                0x08004df0       0x7a obj\debug\application\driversmcuperipherals\gpio.o
                0x08004df0                GpioSpeedSetVal
 .text.GpioSpeedGetVal
                0x08004e6a       0x6c obj\debug\application\driversmcuperipherals\gpio.o
                0x08004e6a                GpioSpeedGetVal
 *fill*         0x08004ed6        0x2 
 .text.GpioSpeedGetName
                0x08004ed8       0x2c obj\debug\application\driversmcuperipherals\gpio.o
                0x08004ed8                GpioSpeedGetName
 .text.GpioInputRegRead
                0x08004f04       0x60 obj\debug\application\driversmcuperipherals\gpio.o
                0x08004f04                GpioInputRegRead
 .text.GpioOutputRegRead
                0x08004f64       0x60 obj\debug\application\driversmcuperipherals\gpio.o
                0x08004f64                GpioOutputRegRead
 .text.GpioOutputRegWrite
                0x08004fc4       0x5c obj\debug\application\driversmcuperipherals\gpio.o
                0x08004fc4                GpioOutputRegWrite
 .text.GpioModeGetVal
                0x08005020       0x64 obj\debug\application\driversmcuperipherals\gpio.o
                0x08005020                GpioModeGetVal
 .text.GpioModeGetName
                0x08005084       0x2c obj\debug\application\driversmcuperipherals\gpio.o
                0x08005084                GpioModeGetName
 .text.GpioModeSet
                0x080050b0       0x7a obj\debug\application\driversmcuperipherals\gpio.o
 .text.GpioModeSetInput
                0x0800512a       0x2e obj\debug\application\driversmcuperipherals\gpio.o
                0x0800512a                GpioModeSetInput
 .text.GpioModeSetOutput
                0x08005158       0x2e obj\debug\application\driversmcuperipherals\gpio.o
                0x08005158                GpioModeSetOutput
 .text.GpioModeSetAnalog
                0x08005186       0x2e obj\debug\application\driversmcuperipherals\gpio.o
                0x08005186                GpioModeSetAnalog
 .text.GpioModeSetAf
                0x080051b4       0xd2 obj\debug\application\driversmcuperipherals\gpio.o
                0x080051b4                GpioModeSetAf
 .text.GpioAfGetType
                0x08005286       0xaa obj\debug\application\driversmcuperipherals\gpio.o
                0x08005286                GpioAfGetType
 .text.GpioAfGetName
                0x08005330       0x30 obj\debug\application\driversmcuperipherals\gpio.o
                0x08005330                GpioAfGetName
 .text.RtcInitialize
                0x08005360       0xe0 obj\debug\application\driversmcuperipherals\rtc.o
                0x08005360                RtcInitialize
 .text.RtcIsRtcConfigured
                0x08005440       0x2c obj\debug\application\driversmcuperipherals\rtc.o
                0x08005440                RtcIsRtcConfigured
 .text.RtcConfig
                0x0800546c      0x130 obj\debug\application\driversmcuperipherals\rtc.o
 .text.RtcDateTimeStructInit
                0x0800559c       0x42 obj\debug\application\driversmcuperipherals\rtc.o
                0x0800559c                RtcDateTimeStructInit
 .text.RtcIsDateTimeValid
                0x080055de       0xf0 obj\debug\application\driversmcuperipherals\rtc.o
                0x080055de                RtcIsDateTimeValid
 .text.RtcDateTimeGet
                0x080056ce       0x90 obj\debug\application\driversmcuperipherals\rtc.o
                0x080056ce                RtcDateTimeGet
 .text.RtcDateTimeSet
                0x0800575e       0x7e obj\debug\application\driversmcuperipherals\rtc.o
                0x0800575e                RtcDateTimeSet
 .text.RtcSetBackupRegister
                0x080057dc       0x38 obj\debug\application\driversmcuperipherals\rtc.o
 .text.RtcGetBackupRegister
                0x08005814       0x44 obj\debug\application\driversmcuperipherals\rtc.o
 .text.RtcBackupRegSet
                0x08005858       0x38 obj\debug\application\driversmcuperipherals\rtcbackupreg.o
                0x08005858                RtcBackupRegSet
 .text.RtcBackupRegGet
                0x08005890       0x44 obj\debug\application\driversmcuperipherals\rtcbackupreg.o
                0x08005890                RtcBackupRegGet
 .text.SpiModuleInit
                0x080058d4       0x32 obj\debug\application\driversmcuperipherals\spi.o
                0x080058d4                SpiModuleInit
 *fill*         0x08005906        0x2 
 .text.SpiBusClockEnable
                0x08005908       0xf0 obj\debug\application\driversmcuperipherals\spi.o
 .text.SpiBusEnable
                0x080059f8      0x738 obj\debug\application\driversmcuperipherals\spi.o
                0x080059f8                SpiBusEnable
 .text.SpiIsBusEnabled
                0x08006130       0xa4 obj\debug\application\driversmcuperipherals\spi.o
                0x08006130                SpiIsBusEnabled
 .text.SpiIsAnySlaveHoldingBus
                0x080061d4       0x38 obj\debug\application\driversmcuperipherals\spi.o
                0x080061d4                SpiIsAnySlaveHoldingBus
 .text.SpiGetSlaveHoldingBus
                0x0800620c       0x44 obj\debug\application\driversmcuperipherals\spi.o
                0x0800620c                SpiGetSlaveHoldingBus
 .text.SpiSlaveClaimBus
                0x08006250       0xf4 obj\debug\application\driversmcuperipherals\spi.o
                0x08006250                SpiSlaveClaimBus
 .text.SpiSlaveReleaseBus
                0x08006344      0x100 obj\debug\application\driversmcuperipherals\spi.o
                0x08006344                SpiSlaveReleaseBus
 .text.SpiBusSetSlaveConfig
                0x08006444       0xf8 obj\debug\application\driversmcuperipherals\spi.o
 .text.SpiSlaveChipSelectAssert
                0x0800653c       0x90 obj\debug\application\driversmcuperipherals\spi.o
                0x0800653c                SpiSlaveChipSelectAssert
 .text.SpiSlaveIsChipSelectAsserted
                0x080065cc       0x58 obj\debug\application\driversmcuperipherals\spi.o
                0x080065cc                SpiSlaveIsChipSelectAsserted
 .text.SpiSlaveSendRecvByteArray
                0x08006624      0x14c obj\debug\application\driversmcuperipherals\spi.o
                0x08006624                SpiSlaveSendRecvByteArray
 .text.SpiBusGetName
                0x08006770       0x38 obj\debug\application\driversmcuperipherals\spi.o
                0x08006770                SpiBusGetName
 .text.SpiSlaveGetName
                0x080067a8       0x30 obj\debug\application\driversmcuperipherals\spi.o
                0x080067a8                SpiSlaveGetName
 .text.SysTickGetTicksSincePowerUpSmallCounter
                0x080067d8       0x14 obj\debug\application\driversmcuperipherals\systick.o
                0x080067d8                SysTickGetTicksSincePowerUpSmallCounter
 .text.SysTickGetTickRate
                0x080067ec       0x10 obj\debug\application\driversmcuperipherals\systick.o
                0x080067ec                SysTickGetTickRate
 .text.UsartModuleInit
                0x080067fc       0x16 obj\debug\application\driversmcuperipherals\usart.o
                0x080067fc                UsartModuleInit
 *fill*         0x08006812        0x2 
 .text.UsartPortClockEnable
                0x08006814      0x110 obj\debug\application\driversmcuperipherals\usart.o
                0x08006814                UsartPortClockEnable
 .text.UsartPortClockIsEnabled
                0x08006924       0xc8 obj\debug\application\driversmcuperipherals\usart.o
                0x08006924                UsartPortClockIsEnabled
 .text.UsartPortEnable
                0x080069ec       0x94 obj\debug\application\driversmcuperipherals\usart.o
                0x080069ec                UsartPortEnable
 .text.UsartPortIsEnabled
                0x08006a80       0x4c obj\debug\application\driversmcuperipherals\usart.o
                0x08006a80                UsartPortIsEnabled
 .text.UsartPortSetBaud
                0x08006acc      0x124 obj\debug\application\driversmcuperipherals\usart.o
                0x08006acc                UsartPortSetBaud
 .text.UsartPortGetBaud
                0x08006bf0      0x140 obj\debug\application\driversmcuperipherals\usart.o
                0x08006bf0                UsartPortGetBaud
 .text.UsartPortSetParity
                0x08006d30       0xa8 obj\debug\application\driversmcuperipherals\usart.o
                0x08006d30                UsartPortSetParity
 .text.UsartPortGetParity
                0x08006dd8       0x84 obj\debug\application\driversmcuperipherals\usart.o
                0x08006dd8                UsartPortGetParity
 .text.UsartPortSetStopBit
                0x08006e5c       0x90 obj\debug\application\driversmcuperipherals\usart.o
                0x08006e5c                UsartPortSetStopBit
 .text.UsartPortGetStopBit
                0x08006eec       0x60 obj\debug\application\driversmcuperipherals\usart.o
                0x08006eec                UsartPortGetStopBit
 .text.UsartPortSetWordLength
                0x08006f4c       0x90 obj\debug\application\driversmcuperipherals\usart.o
                0x08006f4c                UsartPortSetWordLength
 .text.UsartPortGetWordLength
                0x08006fdc       0x60 obj\debug\application\driversmcuperipherals\usart.o
                0x08006fdc                UsartPortGetWordLength
 .text.UsartPortSetMode
                0x0800703c       0x8c obj\debug\application\driversmcuperipherals\usart.o
                0x0800703c                UsartPortSetMode
 .text.UsartPortGetMode
                0x080070c8       0x60 obj\debug\application\driversmcuperipherals\usart.o
                0x080070c8                UsartPortGetMode
 .text.UsartPortGetModeName
                0x08007128       0x2c obj\debug\application\driversmcuperipherals\usart.o
                0x08007128                UsartPortGetModeName
 .text.UsartPortGetWordLenName
                0x08007154       0x2c obj\debug\application\driversmcuperipherals\usart.o
                0x08007154                UsartPortGetWordLenName
 .text.UsartPortGetStopBitName
                0x08007180       0x2c obj\debug\application\driversmcuperipherals\usart.o
                0x08007180                UsartPortGetStopBitName
 .text.UsartPortGetParityName
                0x080071ac       0x2c obj\debug\application\driversmcuperipherals\usart.o
                0x080071ac                UsartPortGetParityName
 .text.UsartPortGetName
                0x080071d8       0x34 obj\debug\application\driversmcuperipherals\usart.o
                0x080071d8                UsartPortGetName
 .text.FileDirModuleInit
                0x0800720c      0x198 obj\debug\application\file\filedir.o
                0x0800720c                FileDirModuleInit
 .text.FileDirCheckSum8
                0x080073a4       0x42 obj\debug\application\file\filedir.o
                0x080073a4                FileDirCheckSum8
 .text.FileDirTimeStampToEpoch
                0x080073e6       0x24 obj\debug\application\file\filedir.o
                0x080073e6                FileDirTimeStampToEpoch
 *fill*         0x0800740a        0x2 
 .text.FileDirLoad
                0x0800740c      0x258 obj\debug\application\file\filedir.o
                0x0800740c                FileDirLoad
 .text.FileDirIsLoaded
                0x08007664       0x34 obj\debug\application\file\filedir.o
                0x08007664                FileDirIsLoaded
 .text.FileDirGetDirFileIndexFirst
                0x08007698       0x6c obj\debug\application\file\filedir.o
 .text.FileDirGetDirFileIndexNext
                0x08007704       0xa8 obj\debug\application\file\filedir.o
 .text.FileDirGetDirFileIndexIsLast
                0x080077ac      0x158 obj\debug\application\file\filedir.o
 .text.FileDirFileWriteOpenNew
                0x08007904      0x314 obj\debug\application\file\filedir.o
                0x08007904                FileDirFileWriteOpenNew
 .text.FileDirTest
                0x08007c18       0xce obj\debug\application\file\filedir.o
                0x08007c18                FileDirTest
 .text.IoStreamInit
                0x08007ce6        0xe obj\debug\application\iostream\iostream.o
                0x08007ce6                IoStreamInit
 .text.IoStreamInputGetChar
                0x08007cf4       0x64 obj\debug\application\iostream\iostream.o
                0x08007cf4                IoStreamInputGetChar
 .text.IoStreamOutputPutChar
                0x08007d58       0x6c obj\debug\application\iostream\iostream.o
                0x08007d58                IoStreamOutputPutChar
 .text.IoStreamOutputPutBuffer
                0x08007dc4       0x94 obj\debug\application\iostream\iostream.o
                0x08007dc4                IoStreamOutputPutBuffer
 .text.FlashInitModule
                0x08007e58       0x44 obj\debug\application\memory\flash.o
                0x08007e58                FlashInitModule
 .text.FlashIsFlashValid
                0x08007e9c       0x20 obj\debug\application\memory\flash.o
                0x08007e9c                FlashIsFlashValid
 .text.FlashWriteAtPageOffset
                0x08007ebc       0x58 obj\debug\application\memory\flash.o
                0x08007ebc                FlashWriteAtPageOffset
 .text.FlashReadPage
                0x08007f14       0x58 obj\debug\application\memory\flash.o
                0x08007f14                FlashReadPage
 .text.FlashErasePage
                0x08007f6c      0x108 obj\debug\application\memory\flash.o
                0x08007f6c                FlashErasePage
 .text.FlashEraseBlock
                0x08008074       0x50 obj\debug\application\memory\flash.o
                0x08008074                FlashEraseBlock
 .text.FlashMemMapInitModule
                0x080080c4       0xb8 obj\debug\application\memory\flashmemmap.o
                0x080080c4                FlashMemMapInitModule
 .text.FlashMemMapCalcSizeBytes
                0x0800817c       0x9c obj\debug\application\memory\flashmemmap.o
 .text.FlashMemMapSizeBytes
                0x08008218       0x34 obj\debug\application\memory\flashmemmap.o
                0x08008218                FlashMemMapSizeBytes
 .text.FlashMemMapBlockGetFirst
                0x0800824c       0x9c obj\debug\application\memory\flashmemmap.o
                0x0800824c                FlashMemMapBlockGetFirst
 .text.FlashMemMapBlockIsFirst
                0x080082e8       0xdc obj\debug\application\memory\flashmemmap.o
                0x080082e8                FlashMemMapBlockIsFirst
 .text.FlashMemMapBlockGetLast
                0x080083c4       0xb4 obj\debug\application\memory\flashmemmap.o
                0x080083c4                FlashMemMapBlockGetLast
 .text.FlashMemMapBlockIsLast
                0x08008478      0x110 obj\debug\application\memory\flashmemmap.o
                0x08008478                FlashMemMapBlockIsLast
 .text.FlashMemMapBlockGetNext
                0x08008588      0x198 obj\debug\application\memory\flashmemmap.o
                0x08008588                FlashMemMapBlockGetNext
 .text.FlashMemMapBlockGetPrev
                0x08008720      0x188 obj\debug\application\memory\flashmemmap.o
                0x08008720                FlashMemMapBlockGetPrev
 .text.FlashMemMapBlockPageGetFirst
                0x080088a8       0x32 obj\debug\application\memory\flashmemmap.o
                0x080088a8                FlashMemMapBlockPageGetFirst
 .text.FlashMemMapBlockPageIsFirst
                0x080088da       0x48 obj\debug\application\memory\flashmemmap.o
                0x080088da                FlashMemMapBlockPageIsFirst
 .text.FlashMemMapBlockPageGetLast
                0x08008922       0x36 obj\debug\application\memory\flashmemmap.o
                0x08008922                FlashMemMapBlockPageGetLast
 .text.FlashMemMapBlockPageIsLast
                0x08008958       0x4c obj\debug\application\memory\flashmemmap.o
                0x08008958                FlashMemMapBlockPageIsLast
 .text.FlashMemMapBlockPageGetNext
                0x080089a4       0x4e obj\debug\application\memory\flashmemmap.o
                0x080089a4                FlashMemMapBlockPageGetNext
 .text.FlashMemMapBlockPageGetPrev
                0x080089f2       0x54 obj\debug\application\memory\flashmemmap.o
                0x080089f2                FlashMemMapBlockPageGetPrev
 .text.FlashMemMapBlockTest
                0x08008a46      0x4ae obj\debug\application\memory\flashmemmap.o
                0x08008a46                FlashMemMapBlockTest
 .text.yModemConfigBuffer
                0x08008ef4       0x54 obj\debug\application\net\ymodem.o
                0x08008ef4                yModemConfigBuffer
 .text.yModemSetError
                0x08008f48       0x38 obj\debug\application\net\ymodem.o
 .text.yModemReceiveFile
                0x08008f80      0x104 obj\debug\application\net\ymodem.o
                0x08008f80                yModemReceiveFile
 .text.yModemResetAll
                0x08009084       0x3c obj\debug\application\net\ymodem.o
 .text.yModemPacketReset
                0x080090c0       0x44 obj\debug\application\net\ymodem.o
 .text.yModemPacketByteAdd
                0x08009104      0x110 obj\debug\application\net\ymodem.o
 .text.yModemPacketIsComplete
                0x08009214       0x24 obj\debug\application\net\ymodem.o
 .text.yModemPacketIsValid
                0x08009238       0xd0 obj\debug\application\net\ymodem.o
 .text.yModemIsTransferInitiated
                0x08009308       0xe0 obj\debug\application\net\ymodem.o
 .text.yModemFileGetDescriptor
                0x080093e8      0x11c obj\debug\application\net\ymodem.o
 .text.yModemFileIsAccepted
                0x08009504       0xd8 obj\debug\application\net\ymodem.o
 .text.yModemFileGetChunk
                0x080095dc      0x17c obj\debug\application\net\ymodem.o
 .text.yModemFileIsEofReceived
                0x08009758       0x90 obj\debug\application\net\ymodem.o
 .text.yModemGetBlockZero
                0x080097e8       0xa0 obj\debug\application\net\ymodem.o
 .text.yModemGetLastError
                0x08009888       0x30 obj\debug\application\net\ymodem.o
                0x08009888                yModemGetLastError
 .text.yModemGetErrorName
                0x080098b8       0x2c obj\debug\application\net\ymodem.o
                0x080098b8                yModemGetErrorName
 .text.SerialModuleInit
                0x080098e4       0x1a obj\debug\application\serial\serial.o
                0x080098e4                SerialModuleInit
 *fill*         0x080098fe        0x2 
 .text.SerialPortEnable
                0x08009900      0x464 obj\debug\application\serial\serial.o
                0x08009900                SerialPortEnable
 .text.SerialPortIsEnabled
                0x08009d64       0x3c obj\debug\application\serial\serial.o
                0x08009d64                SerialPortIsEnabled
 .text.SerialPortSetConfig
                0x08009da0       0x78 obj\debug\application\serial\serial.o
                0x08009da0                SerialPortSetConfig
 .text.SerialPortInterruptionsEnabled
                0x08009e18       0xcc obj\debug\application\serial\serial.o
 .text.SerialPutChar
                0x08009ee4       0x5c obj\debug\application\serial\serial.o
                0x08009ee4                SerialPutChar
 .text.SerialGetChar
                0x08009f40       0x44 obj\debug\application\serial\serial.o
                0x08009f40                SerialGetChar
 .text.SerialPutBuffer
                0x08009f84       0xbc obj\debug\application\serial\serial.o
                0x08009f84                SerialPutBuffer
 .text.SerialCommonIrqHandler
                0x0800a040      0x104 obj\debug\application\serial\serial.o
 .text.USART3_IRQHandler
                0x0800a144        0xe obj\debug\application\serial\serial.o
                0x0800a144                USART3_IRQHandler
 *fill*         0x0800a152        0x2 
 .text.SerialQueueAccess
                0x0800a154       0xd4 obj\debug\application\serial\serial.o
 .text.SerialPortIsClientConnectedUpdate
                0x0800a228      0x144 obj\debug\application\serial\serial.o
                0x0800a228                SerialPortIsClientConnectedUpdate
 .text.SerialPortIsClientConnected
                0x0800a36c       0x34 obj\debug\application\serial\serial.o
                0x0800a36c                SerialPortIsClientConnected
 .text.SerialPortGetName
                0x0800a3a0       0x30 obj\debug\application\serial\serial.o
                0x0800a3a0                SerialPortGetName
 .text.SerialGetUsart
                0x0800a3d0       0x5c obj\debug\application\serial\serial.o
                0x0800a3d0                SerialGetUsart
 .text.SerialGetGpioRx
                0x0800a42c       0x5c obj\debug\application\serial\serial.o
                0x0800a42c                SerialGetGpioRx
 .text.SerialGetGpioTx
                0x0800a488       0x5c obj\debug\application\serial\serial.o
                0x0800a488                SerialGetGpioTx
 .text.DevInfoModuleInit
                0x0800a4e4       0xe8 obj\debug\application\system\devinfo.o
                0x0800a4e4                DevInfoModuleInit
 .text.NVIC_SystemReset
                0x0800a5cc       0x2c obj\debug\application\system\sysboot.o
 .text.SysBootInit
                0x0800a5f8       0x14 obj\debug\application\system\sysboot.o
                0x0800a5f8                SysBootInit
 .text.SysBootUpdate
                0x0800a60c      0x18c obj\debug\application\system\sysboot.o
                0x0800a60c                SysBootUpdate
 .text.SysBootGetMode
                0x0800a798       0x14 obj\debug\application\system\sysboot.o
                0x0800a798                SysBootGetMode
 .text.SysBootSetMode
                0x0800a7ac       0x60 obj\debug\application\system\sysboot.o
                0x0800a7ac                SysBootSetMode
 .text.SysBootGetModeName
                0x0800a80c       0x2c obj\debug\application\system\sysboot.o
                0x0800a80c                SysBootGetModeName
 .text.SysBootGetState
                0x0800a838       0x14 obj\debug\application\system\sysboot.o
                0x0800a838                SysBootGetState
 .text.SysBootGetStateName
                0x0800a84c       0x2c obj\debug\application\system\sysboot.o
                0x0800a84c                SysBootGetStateName
 .text.SysBootDisablePeripherals
                0x0800a878        0xc obj\debug\application\system\sysboot.o
 .text.SysBootDisableExternalDevices
                0x0800a884        0xc obj\debug\application\system\sysboot.o
 .text.SysBootForceSoftwareReset
                0x0800a890        0xc obj\debug\application\system\sysboot.o
                0x0800a890                SysBootForceSoftwareReset
 .text.SysTimeInit
                0x0800a89c       0x14 obj\debug\application\system\systime.o
                0x0800a89c                SysTimeInit
 .text.SysTimeSetUtcTimeZoneOffset
                0x0800a8b0      0x154 obj\debug\application\system\systime.o
                0x0800a8b0                SysTimeSetUtcTimeZoneOffset
 .text.SysTimeGetUtcTimeZoneOffset
                0x0800aa04       0x88 obj\debug\application\system\systime.o
                0x0800aa04                SysTimeGetUtcTimeZoneOffset
 .text.SysTimeSetDateTimeUtcZero
                0x0800aa8c       0x60 obj\debug\application\system\systime.o
                0x0800aa8c                SysTimeSetDateTimeUtcZero
 .text.SysTimeGetDateTime
                0x0800aaec       0xf8 obj\debug\application\system\systime.o
                0x0800aaec                SysTimeGetDateTime
 .text.SysTimeIsDateValid
                0x0800abe4       0x86 obj\debug\application\system\systime.o
 .text.SysTimeIsTimeValid
                0x0800ac6a       0x70 obj\debug\application\system\systime.o
 .text.SysTimeDateTimeToEpochSeconds
                0x0800acda       0x9a obj\debug\application\system\systime.o
                0x0800acda                SysTimeDateTimeToEpochSeconds
 .text.SysTimeEpochSecondsToDateTime
                0x0800ad74       0xb6 obj\debug\application\system\systime.o
                0x0800ad74                SysTimeEpochSecondsToDateTime
 .text.AdcUtilsRawToMilliVolts
                0x0800ae2a       0x86 obj\debug\application\utils\adcutils.o
                0x0800ae2a                AdcUtilsRawToMilliVolts
 .text.Crc16Update
                0x0800aeb0       0x70 obj\debug\application\utils\crc.o
                0x0800aeb0                Crc16Update
 .text.QueueModuleInit
                0x0800af20       0xb8 obj\debug\application\utils\queue.o
                0x0800af20                QueueModuleInit
 .text.QueueIsBufferFull
                0x0800afd8       0x2a obj\debug\application\utils\queue.o
 .text.QueueIsBufferEmpty
                0x0800b002       0x24 obj\debug\application\utils\queue.o
 *fill*         0x0800b026        0x2 
 .text.QueueSend
                0x0800b028       0xe0 obj\debug\application\utils\queue.o
                0x0800b028                QueueSend
 .text.QueueReceive
                0x0800b108       0xe8 obj\debug\application\utils\queue.o
                0x0800b108                QueueReceive
 .text.QueueReset
                0x0800b1f0       0x50 obj\debug\application\utils\queue.o
                0x0800b1f0                QueueReset
 .text.SemaphoreTake
                0x0800b240       0x3c obj\debug\application\utils\semaphore.o
                0x0800b240                SemaphoreTake
 .text.SemaphoreGive
                0x0800b27c       0x3c obj\debug\application\utils\semaphore.o
                0x0800b27c                SemaphoreGive
 .text.StateMachineInit
                0x0800b2b8       0x2a obj\debug\application\utils\statemachine.o
                0x0800b2b8                StateMachineInit
 .text.StateMachineUpdate
                0x0800b2e2       0x50 obj\debug\application\utils\statemachine.o
                0x0800b2e2                StateMachineUpdate
 .text.StateMachineIsFirtEntry
                0x0800b332       0x24 obj\debug\application\utils\statemachine.o
                0x0800b332                StateMachineIsFirtEntry
 .text.StateMachineSetTimeOut
                0x0800b356       0x34 obj\debug\application\utils\statemachine.o
                0x0800b356                StateMachineSetTimeOut
 .text.StateMachineIsTimeOut
                0x0800b38a       0x32 obj\debug\application\utils\statemachine.o
                0x0800b38a                StateMachineIsTimeOut
 .text.StateMachineChangeState
                0x0800b3bc       0x2c obj\debug\application\utils\statemachine.o
                0x0800b3bc                StateMachineChangeState
 .text.StringUtilsStringEqual
                0x0800b3e8       0x5e obj\debug\application\utils\stringutils.o
                0x0800b3e8                StringUtilsStringEqual
 .text.StringUtilsStringToTokenArray
                0x0800b446      0x13e obj\debug\application\utils\stringutils.o
                0x0800b446                StringUtilsStringToTokenArray
 .text.StringToBool
                0x0800b584       0x64 obj\debug\application\utils\stringutils.o
                0x0800b584                StringToBool
 .text.StringToByte
                0x0800b5e8       0x58 obj\debug\application\utils\stringutils.o
                0x0800b5e8                StringToByte
 .text.StringToU32
                0x0800b640       0xae obj\debug\application\utils\stringutils.o
                0x0800b640                StringToU32
 .text.StringToI32
                0x0800b6ee       0x88 obj\debug\application\utils\stringutils.o
                0x0800b6ee                StringToI32
 .text.StringToFloat
                0x0800b776       0x4a obj\debug\application\utils\stringutils.o
                0x0800b776                StringToFloat
 .text.StringArgStripSymbol
                0x0800b7c0       0x8c obj\debug\application\utils\stringutils.o
                0x0800b7c0                StringArgStripSymbol
 .text.TimerDownTimerStartMs
                0x0800b84c       0x5a obj\debug\application\utils\timer.o
                0x0800b84c                TimerDownTimerStartMs
 .text.TimerDownTimerIsExpired
                0x0800b8a6       0x3a obj\debug\application\utils\timer.o
                0x0800b8a6                TimerDownTimerIsExpired
 .text.TimerBlockingDelayMs
                0x0800b8e0       0x28 obj\debug\application\utils\timer.o
                0x0800b8e0                TimerBlockingDelayMs
 .text.TimerUpTimerStartMs
                0x0800b908        0xe obj\debug\application\utils\timer.o
                0x0800b908                TimerUpTimerStartMs
 .text.TimerUpTimerGetMs
                0x0800b916       0x36 obj\debug\application\utils\timer.o
                0x0800b916                TimerUpTimerGetMs
 .text.vListInitialise
                0x0800b94c       0x3e obj\debug\freertos\list.o
                0x0800b94c                vListInitialise
 .text.vListInitialiseItem
                0x0800b98a       0x18 obj\debug\freertos\list.o
                0x0800b98a                vListInitialiseItem
 .text.vListInsertEnd
                0x0800b9a2       0x46 obj\debug\freertos\list.o
                0x0800b9a2                vListInsertEnd
 .text.vListInsert
                0x0800b9e8       0x70 obj\debug\freertos\list.o
                0x0800b9e8                vListInsert
 .text.uxListRemove
                0x0800ba58       0x52 obj\debug\freertos\list.o
                0x0800ba58                uxListRemove
 *fill*         0x0800baaa        0x2 
 .text.pxPortInitialiseStack
                0x0800baac       0x58 obj\debug\freertos\portable\gcc\arm_cm3\port.o
                0x0800baac                pxPortInitialiseStack
 .text.prvTaskExitError
                0x0800bb04       0x58 obj\debug\freertos\portable\gcc\arm_cm3\port.o
 *fill*         0x0800bb5c        0x4 
 .text.SVC_Handler
                0x0800bb60       0x28 obj\debug\freertos\portable\gcc\arm_cm3\port.o
                0x0800bb60                SVC_Handler
 .text.prvPortStartFirstTask
                0x0800bb88       0x20 obj\debug\freertos\portable\gcc\arm_cm3\port.o
 .text.xPortStartScheduler
                0x0800bba8       0xe4 obj\debug\freertos\portable\gcc\arm_cm3\port.o
                0x0800bba8                xPortStartScheduler
 .text.vPortEnterCritical
                0x0800bc8c       0x60 obj\debug\freertos\portable\gcc\arm_cm3\port.o
                0x0800bc8c                vPortEnterCritical
 .text.vPortExitCritical
                0x0800bcec       0x50 obj\debug\freertos\portable\gcc\arm_cm3\port.o
                0x0800bcec                vPortExitCritical
 *fill*         0x0800bd3c        0x4 
 .text.PendSV_Handler
                0x0800bd40       0x48 obj\debug\freertos\portable\gcc\arm_cm3\port.o
                0x0800bd40                PendSV_Handler
 .text.SysTick_Handler
                0x0800bd88       0x44 obj\debug\freertos\portable\gcc\arm_cm3\port.o
                0x0800bd88                SysTick_Handler
 .text.vPortSetupTimerInterrupt
                0x0800bdcc       0x44 obj\debug\freertos\portable\gcc\arm_cm3\port.o
                0x0800bdcc                vPortSetupTimerInterrupt
 .text.vPortValidateInterruptPriority
                0x0800be10       0x7c obj\debug\freertos\portable\gcc\arm_cm3\port.o
                0x0800be10                vPortValidateInterruptPriority
 .text.pvPortMalloc
                0x0800be8c      0x188 obj\debug\freertos\portable\memmang\heap_4.o
                0x0800be8c                pvPortMalloc
 .text.vPortFree
                0x0800c014       0xb4 obj\debug\freertos\portable\memmang\heap_4.o
                0x0800c014                vPortFree
 .text.prvHeapInit
                0x0800c0c8       0xc4 obj\debug\freertos\portable\memmang\heap_4.o
 .text.prvInsertBlockIntoFreeList
                0x0800c18c       0xb0 obj\debug\freertos\portable\memmang\heap_4.o
 .text.xQueueGenericReset
                0x0800c23c       0xd0 obj\debug\freertos\queue.o
                0x0800c23c                xQueueGenericReset
 .text.xQueueGenericCreate
                0x0800c30c       0x74 obj\debug\freertos\queue.o
                0x0800c30c                xQueueGenericCreate
 .text.prvInitialiseNewQueue
                0x0800c380       0x46 obj\debug\freertos\queue.o
 *fill*         0x0800c3c6        0x2 
 .text.xQueueGenericSend
                0x0800c3c8      0x1fc obj\debug\freertos\queue.o
                0x0800c3c8                xQueueGenericSend
 .text.xQueueGenericSendFromISR
                0x0800c5c4      0x130 obj\debug\freertos\queue.o
                0x0800c5c4                xQueueGenericSendFromISR
 .text.xQueueReceive
                0x0800c6f4      0x1c0 obj\debug\freertos\queue.o
                0x0800c6f4                xQueueReceive
 .text.prvCopyDataToQueue
                0x0800c8b4       0xd4 obj\debug\freertos\queue.o
 .text.prvCopyDataFromQueue
                0x0800c988       0x4c obj\debug\freertos\queue.o
 .text.prvUnlockQueue
                0x0800c9d4       0xa4 obj\debug\freertos\queue.o
 .text.prvIsQueueEmpty
                0x0800ca78       0x2c obj\debug\freertos\queue.o
 .text.prvIsQueueFull
                0x0800caa4       0x30 obj\debug\freertos\queue.o
 .text.vQueueAddToRegistry
                0x0800cad4       0x50 obj\debug\freertos\queue.o
                0x0800cad4                vQueueAddToRegistry
 .text.vQueueWaitForMessageRestricted
                0x0800cb24       0x68 obj\debug\freertos\queue.o
                0x0800cb24                vQueueWaitForMessageRestricted
 .text.xTaskCreate
                0x0800cb8c       0x82 obj\debug\freertos\tasks.o
                0x0800cb8c                xTaskCreate
 .text.prvInitialiseNewTask
                0x0800cc0e      0x10e obj\debug\freertos\tasks.o
 .text.prvAddNewTaskToReadyList
                0x0800cd1c       0xe0 obj\debug\freertos\tasks.o
 .text.vTaskDelay
                0x0800cdfc       0x68 obj\debug\freertos\tasks.o
                0x0800cdfc                vTaskDelay
 .text.vTaskStartScheduler
                0x0800ce64       0x9c obj\debug\freertos\tasks.o
                0x0800ce64                vTaskStartScheduler
 .text.vTaskSuspendAll
                0x0800cf00       0x1c obj\debug\freertos\tasks.o
                0x0800cf00                vTaskSuspendAll
 .text.xTaskResumeAll
                0x0800cf1c      0x13c obj\debug\freertos\tasks.o
                0x0800cf1c                xTaskResumeAll
 .text.xTaskGetTickCount
                0x0800d058       0x1c obj\debug\freertos\tasks.o
                0x0800d058                xTaskGetTickCount
 .text.xTaskIncrementTick
                0x0800d074      0x17c obj\debug\freertos\tasks.o
                0x0800d074                xTaskIncrementTick
 .text.vTaskSwitchContext
                0x0800d1f0       0xb8 obj\debug\freertos\tasks.o
                0x0800d1f0                vTaskSwitchContext
 .text.vTaskPlaceOnEventList
                0x0800d2a8       0x48 obj\debug\freertos\tasks.o
                0x0800d2a8                vTaskPlaceOnEventList
 .text.vTaskPlaceOnEventListRestricted
                0x0800d2f0       0x58 obj\debug\freertos\tasks.o
                0x0800d2f0                vTaskPlaceOnEventListRestricted
 .text.xTaskRemoveFromEventList
                0x0800d348       0xc8 obj\debug\freertos\tasks.o
                0x0800d348                xTaskRemoveFromEventList
 .text.vTaskInternalSetTimeOutState
                0x0800d410       0x2c obj\debug\freertos\tasks.o
                0x0800d410                vTaskInternalSetTimeOutState
 .text.xTaskCheckForTimeOut
                0x0800d43c       0xc4 obj\debug\freertos\tasks.o
                0x0800d43c                xTaskCheckForTimeOut
 .text.vTaskMissedYield
                0x0800d500       0x18 obj\debug\freertos\tasks.o
                0x0800d500                vTaskMissedYield
 .text.prvIdleTask
                0x0800d518       0x30 obj\debug\freertos\tasks.o
 .text.prvInitialiseTaskLists
                0x0800d548       0x80 obj\debug\freertos\tasks.o
 .text.prvCheckTasksWaitingTermination
                0x0800d5c8       0x5c obj\debug\freertos\tasks.o
 .text.prvDeleteTCB
                0x0800d624       0x20 obj\debug\freertos\tasks.o
 .text.prvResetNextTaskUnblockTime
                0x0800d644       0x48 obj\debug\freertos\tasks.o
 .text.xTaskGetSchedulerState
                0x0800d68c       0x3c obj\debug\freertos\tasks.o
                0x0800d68c                xTaskGetSchedulerState
 .text.xTaskPriorityDisinherit
                0x0800d6c8       0xdc obj\debug\freertos\tasks.o
                0x0800d6c8                xTaskPriorityDisinherit
 .text.prvAddCurrentTaskToDelayedList
                0x0800d7a4       0xa8 obj\debug\freertos\tasks.o
 .text.xTimerCreateTimerTask
                0x0800d84c       0x64 obj\debug\freertos\timers.o
                0x0800d84c                xTimerCreateTimerTask
 .text.xTimerGenericCommand
                0x0800d8b0       0x9c obj\debug\freertos\timers.o
                0x0800d8b0                xTimerGenericCommand
 .text.prvProcessExpiredTimer
                0x0800d94c       0x80 obj\debug\freertos\timers.o
 .text.prvTimerTask
                0x0800d9cc       0x24 obj\debug\freertos\timers.o
 .text.prvProcessTimerOrBlockTask
                0x0800d9f0       0x9c obj\debug\freertos\timers.o
 .text.prvGetNextExpireTime
                0x0800da8c       0x48 obj\debug\freertos\timers.o
 .text.prvSampleTimeNow
                0x0800dad4       0x40 obj\debug\freertos\timers.o
 .text.prvInsertTimerInActiveList
                0x0800db14       0x84 obj\debug\freertos\timers.o
 .text.prvProcessReceivedCommands
                0x0800db98      0x128 obj\debug\freertos\timers.o
 .text.prvSwitchTimerLists
                0x0800dcc0       0xc4 obj\debug\freertos\timers.o
 .text.prvCheckForValidListAndQueue
                0x0800dd84       0x6c obj\debug\freertos\timers.o
 .text.NVIC_Init
                0x0800ddf0       0xc4 obj\debug\spl\src\misc.o
                0x0800ddf0                NVIC_Init
 .text.ADC_Init
                0x0800deb4       0xa8 obj\debug\spl\src\stm32f2xx_adc.o
                0x0800deb4                ADC_Init
 .text.ADC_StructInit
                0x0800df5c       0x3c obj\debug\spl\src\stm32f2xx_adc.o
                0x0800df5c                ADC_StructInit
 .text.ADC_CommonInit
                0x0800df98       0x50 obj\debug\spl\src\stm32f2xx_adc.o
                0x0800df98                ADC_CommonInit
 .text.ADC_CommonStructInit
                0x0800dfe8       0x2a obj\debug\spl\src\stm32f2xx_adc.o
                0x0800dfe8                ADC_CommonStructInit
 .text.ADC_Cmd  0x0800e012       0x36 obj\debug\spl\src\stm32f2xx_adc.o
                0x0800e012                ADC_Cmd
 .text.ADC_TempSensorVrefintCmd
                0x0800e048       0x38 obj\debug\spl\src\stm32f2xx_adc.o
                0x0800e048                ADC_TempSensorVrefintCmd
 .text.ADC_VBATCmd
                0x0800e080       0x38 obj\debug\spl\src\stm32f2xx_adc.o
                0x0800e080                ADC_VBATCmd
 .text.ADC_RegularChannelConfig
                0x0800e0b8      0x192 obj\debug\spl\src\stm32f2xx_adc.o
                0x0800e0b8                ADC_RegularChannelConfig
 .text.ADC_SoftwareStartConv
                0x0800e24a       0x1e obj\debug\spl\src\stm32f2xx_adc.o
                0x0800e24a                ADC_SoftwareStartConv
 .text.ADC_GetConversionValue
                0x0800e268       0x18 obj\debug\spl\src\stm32f2xx_adc.o
                0x0800e268                ADC_GetConversionValue
 .text.ADC_GetFlagStatus
                0x0800e280       0x32 obj\debug\spl\src\stm32f2xx_adc.o
                0x0800e280                ADC_GetFlagStatus
 *fill*         0x0800e2b2        0x2 
 .text.DBGMCU_GetREVID
                0x0800e2b4       0x18 obj\debug\spl\src\stm32f2xx_dbgmcu.o
                0x0800e2b4                DBGMCU_GetREVID
 .text.DBGMCU_GetDEVID
                0x0800e2cc       0x18 obj\debug\spl\src\stm32f2xx_dbgmcu.o
                0x0800e2cc                DBGMCU_GetDEVID
 .text.GPIO_ReadInputDataBit
                0x0800e2e4       0x32 obj\debug\spl\src\stm32f2xx_gpio.o
                0x0800e2e4                GPIO_ReadInputDataBit
 .text.GPIO_ReadOutputDataBit
                0x0800e316       0x32 obj\debug\spl\src\stm32f2xx_gpio.o
                0x0800e316                GPIO_ReadOutputDataBit
 .text.GPIO_WriteBit
                0x0800e348       0x2e obj\debug\spl\src\stm32f2xx_gpio.o
                0x0800e348                GPIO_WriteBit
 *fill*         0x0800e376        0x2 
 .text.PWR_BackupAccessCmd
                0x0800e378       0x20 obj\debug\spl\src\stm32f2xx_pwr.o
                0x0800e378                PWR_BackupAccessCmd
 .text.RCC_LSEConfig
                0x0800e398       0x40 obj\debug\spl\src\stm32f2xx_rcc.o
                0x0800e398                RCC_LSEConfig
 .text.RCC_LSICmd
                0x0800e3d8       0x20 obj\debug\spl\src\stm32f2xx_rcc.o
                0x0800e3d8                RCC_LSICmd
 .text.RCC_GetClocksFreq
                0x0800e3f8      0x15c obj\debug\spl\src\stm32f2xx_rcc.o
                0x0800e3f8                RCC_GetClocksFreq
 .text.RCC_RTCCLKConfig
                0x0800e554       0x5c obj\debug\spl\src\stm32f2xx_rcc.o
                0x0800e554                RCC_RTCCLKConfig
 .text.RCC_RTCCLKCmd
                0x0800e5b0       0x20 obj\debug\spl\src\stm32f2xx_rcc.o
                0x0800e5b0                RCC_RTCCLKCmd
 .text.RCC_BackupResetCmd
                0x0800e5d0       0x20 obj\debug\spl\src\stm32f2xx_rcc.o
                0x0800e5d0                RCC_BackupResetCmd
 .text.RCC_AHB1PeriphClockCmd
                0x0800e5f0       0x3c obj\debug\spl\src\stm32f2xx_rcc.o
                0x0800e5f0                RCC_AHB1PeriphClockCmd
 .text.RCC_APB1PeriphClockCmd
                0x0800e62c       0x3c obj\debug\spl\src\stm32f2xx_rcc.o
                0x0800e62c                RCC_APB1PeriphClockCmd
 .text.RCC_APB2PeriphClockCmd
                0x0800e668       0x3c obj\debug\spl\src\stm32f2xx_rcc.o
                0x0800e668                RCC_APB2PeriphClockCmd
 .text.RCC_APB1PeriphResetCmd
                0x0800e6a4       0x3c obj\debug\spl\src\stm32f2xx_rcc.o
                0x0800e6a4                RCC_APB1PeriphResetCmd
 .text.RCC_APB2PeriphResetCmd
                0x0800e6e0       0x3c obj\debug\spl\src\stm32f2xx_rcc.o
                0x0800e6e0                RCC_APB2PeriphResetCmd
 .text.RCC_GetFlagStatus
                0x0800e71c       0x74 obj\debug\spl\src\stm32f2xx_rcc.o
                0x0800e71c                RCC_GetFlagStatus
 .text.RTC_Init
                0x0800e790       0x78 obj\debug\spl\src\stm32f2xx_rtc.o
                0x0800e790                RTC_Init
 .text.RTC_StructInit
                0x0800e808       0x24 obj\debug\spl\src\stm32f2xx_rtc.o
                0x0800e808                RTC_StructInit
 .text.RTC_EnterInitMode
                0x0800e82c       0x70 obj\debug\spl\src\stm32f2xx_rtc.o
                0x0800e82c                RTC_EnterInitMode
 .text.RTC_ExitInitMode
                0x0800e89c       0x1c obj\debug\spl\src\stm32f2xx_rtc.o
                0x0800e89c                RTC_ExitInitMode
 .text.RTC_WaitForSynchro
                0x0800e8b8       0x74 obj\debug\spl\src\stm32f2xx_rtc.o
                0x0800e8b8                RTC_WaitForSynchro
 .text.RTC_SetTime
                0x0800e92c      0x104 obj\debug\spl\src\stm32f2xx_rtc.o
                0x0800e92c                RTC_SetTime
 .text.RTC_GetTime
                0x0800ea30       0xa4 obj\debug\spl\src\stm32f2xx_rtc.o
                0x0800ea30                RTC_GetTime
 .text.RTC_SetDate
                0x0800ead4      0x10c obj\debug\spl\src\stm32f2xx_rtc.o
                0x0800ead4                RTC_SetDate
 .text.RTC_GetDate
                0x0800ebe0       0x9c obj\debug\spl\src\stm32f2xx_rtc.o
                0x0800ebe0                RTC_GetDate
 .text.RTC_WriteBackupRegister
                0x0800ec7c       0x34 obj\debug\spl\src\stm32f2xx_rtc.o
                0x0800ec7c                RTC_WriteBackupRegister
 .text.RTC_ReadBackupRegister
                0x0800ecb0       0x2c obj\debug\spl\src\stm32f2xx_rtc.o
                0x0800ecb0                RTC_ReadBackupRegister
 .text.RTC_GetFlagStatus
                0x0800ecdc       0x40 obj\debug\spl\src\stm32f2xx_rtc.o
                0x0800ecdc                RTC_GetFlagStatus
 .text.RTC_ByteToBcd2
                0x0800ed1c       0x38 obj\debug\spl\src\stm32f2xx_rtc.o
 .text.RTC_Bcd2ToByte
                0x0800ed54       0x36 obj\debug\spl\src\stm32f2xx_rtc.o
 *fill*         0x0800ed8a        0x2 
 .text.SPI_I2S_DeInit
                0x0800ed8c       0x74 obj\debug\spl\src\stm32f2xx_spi.o
                0x0800ed8c                SPI_I2S_DeInit
 .text.SPI_Init
                0x0800ee00       0x86 obj\debug\spl\src\stm32f2xx_spi.o
                0x0800ee00                SPI_Init
 .text.SPI_StructInit
                0x0800ee86       0x48 obj\debug\spl\src\stm32f2xx_spi.o
                0x0800ee86                SPI_StructInit
 .text.SPI_Cmd  0x0800eece       0x3e obj\debug\spl\src\stm32f2xx_spi.o
                0x0800eece                SPI_Cmd
 .text.SPI_I2S_GetFlagStatus
                0x0800ef0c       0x36 obj\debug\spl\src\stm32f2xx_spi.o
                0x0800ef0c                SPI_I2S_GetFlagStatus
 .text.USART_SendData
                0x0800ef42       0x22 obj\debug\spl\src\stm32f2xx_usart.o
                0x0800ef42                USART_SendData
 .text.USART_ReceiveData
                0x0800ef64       0x1e obj\debug\spl\src\stm32f2xx_usart.o
                0x0800ef64                USART_ReceiveData
 .text.USART_ITConfig
                0x0800ef82       0x8e obj\debug\spl\src\stm32f2xx_usart.o
                0x0800ef82                USART_ITConfig
 .text.USART_ClearFlag
                0x0800f010       0x20 obj\debug\spl\src\stm32f2xx_usart.o
                0x0800f010                USART_ClearFlag
 .text.USART_GetITStatus
                0x0800f030       0xb4 obj\debug\spl\src\stm32f2xx_usart.o
                0x0800f030                USART_GetITStatus
 .text.vTestTask
                0x0800f0e4       0x12 obj\debug\src\main.o
                0x0800f0e4                vTestTask
 *fill*         0x0800f0f6        0x2 
 .text.main     0x0800f0f8       0x7c obj\debug\src\main.o
                0x0800f0f8                main
 .text.mainHardwareSetup
                0x0800f174       0x28 obj\debug\src\main.o
 .text.mainApplicationInit
                0x0800f19c       0x54 obj\debug\src\main.o
 .text.mainApplicationTask
                0x0800f1f0       0x94 obj\debug\src\main.o
 .text.HardFault_Handler
                0x0800f284       0x1c obj\debug\src\main.o
                0x0800f284                HardFault_Handler
 .text.UsageFault_Handler
                0x0800f2a0        0x6 obj\debug\src\main.o
                0x0800f2a0                UsageFault_Handler
 .text.MemManage_Handler
                0x0800f2a6        0x6 obj\debug\src\main.o
                0x0800f2a6                MemManage_Handler
 .text          0x0800f2ac       0xe8 obj\debug\src\startup_stm32f2xx.o
                0x0800f2ac                Reset_Handler
                0x0800f2dc                NMI_Handler
                0x0800f2e2                BusFault_Handler
                0x0800f2e8                DebugMon_Handler
                0x0800f2ee                Default_Handler
                0x0800f2f0                WWDG_IRQHandler
                0x0800f2f2                PVD_IRQHandler
                0x0800f2f4                TAMP_STAMP_IRQHandler
                0x0800f2f6                RTC_WKUP_IRQHandler
                0x0800f2f8                FLASH_IRQHandler
                0x0800f2fa                RCC_IRQHandler
                0x0800f2fc                EXTI0_IRQHandler
                0x0800f2fe                EXTI1_IRQHandler
                0x0800f300                EXTI2_IRQHandler
                0x0800f302                EXTI3_IRQHandler
                0x0800f304                EXTI4_IRQHandler
                0x0800f306                DMA1_Stream0_IRQHandler
                0x0800f308                DMA1_Stream1_IRQHandler
                0x0800f30a                DMA1_Stream2_IRQHandler
                0x0800f30c                DMA1_Stream3_IRQHandler
                0x0800f30e                DMA1_Stream4_IRQHandler
                0x0800f310                DMA1_Stream5_IRQHandler
                0x0800f312                DMA1_Stream6_IRQHandler
                0x0800f314                ADC_IRQHandler
                0x0800f316                CAN1_TX_IRQHandler
                0x0800f318                CAN1_RX0_IRQHandler
                0x0800f31a                CAN1_RX1_IRQHandler
                0x0800f31c                CAN1_SCE_IRQHandler
                0x0800f31e                EXTI9_5_IRQHandler
                0x0800f320                TIM1_BRK_TIM9_IRQHandler
                0x0800f322                TIM1_UP_TIM10_IRQHandler
                0x0800f324                TIM1_TRG_COM_TIM11_IRQHandler
                0x0800f326                TIM1_CC_IRQHandler
                0x0800f328                TIM2_IRQHandler
                0x0800f32a                TIM3_IRQHandler
                0x0800f32c                TIM4_IRQHandler
                0x0800f32e                I2C1_EV_IRQHandler
                0x0800f330                I2C1_ER_IRQHandler
                0x0800f332                I2C2_EV_IRQHandler
                0x0800f334                I2C2_ER_IRQHandler
                0x0800f336                SPI1_IRQHandler
                0x0800f338                SPI2_IRQHandler
                0x0800f33a                USART1_IRQHandler
                0x0800f33c                USART2_IRQHandler
                0x0800f340                EXTI15_10_IRQHandler
                0x0800f342                RTC_Alarm_IRQHandler
                0x0800f344                OTG_FS_WKUP_IRQHandler
                0x0800f346                TIM8_BRK_TIM12_IRQHandler
                0x0800f348                TIM8_UP_TIM13_IRQHandler
                0x0800f34a                TIM8_TRG_COM_TIM14_IRQHandler
                0x0800f34c                TIM8_CC_IRQHandler
                0x0800f34e                DMA1_Stream7_IRQHandler
                0x0800f350                FSMC_IRQHandler
                0x0800f352                SDIO_IRQHandler
                0x0800f354                TIM5_IRQHandler
                0x0800f356                SPI3_IRQHandler
                0x0800f358                UART4_IRQHandler
                0x0800f35a                UART5_IRQHandler
                0x0800f35c                TIM6_DAC_IRQHandler
                0x0800f35e                TIM7_IRQHandler
                0x0800f360                DMA2_Stream0_IRQHandler
                0x0800f362                DMA2_Stream1_IRQHandler
                0x0800f364                DMA2_Stream2_IRQHandler
                0x0800f366                DMA2_Stream3_IRQHandler
                0x0800f368                DMA2_Stream4_IRQHandler
                0x0800f36a                ETH_IRQHandler
                0x0800f36c                ETH_WKUP_IRQHandler
                0x0800f36e                CAN2_TX_IRQHandler
                0x0800f370                CAN2_RX0_IRQHandler
                0x0800f372                CAN2_RX1_IRQHandler
                0x0800f374                CAN2_SCE_IRQHandler
                0x0800f376                OTG_FS_IRQHandler
                0x0800f378                DMA2_Stream5_IRQHandler
                0x0800f37a                DMA2_Stream6_IRQHandler
                0x0800f37c                DMA2_Stream7_IRQHandler
                0x0800f37e                USART6_IRQHandler
                0x0800f380                I2C3_EV_IRQHandler
                0x0800f382                I2C3_ER_IRQHandler
                0x0800f384                OTG_HS_EP1_OUT_IRQHandler
                0x0800f386                OTG_HS_EP1_IN_IRQHandler
                0x0800f388                OTG_HS_WKUP_IRQHandler
                0x0800f38a                OTG_HS_IRQHandler
                0x0800f38c                DCMI_IRQHandler
                0x0800f38e                CRYP_IRQHandler
                0x0800f390                HASH_RNG_IRQHandler
 .text.SystemInit
                0x0800f394       0x5c obj\debug\src\system_stm32f2xx.o
                0x0800f394                SystemInit
 .text.SystemCoreClockUpdate
                0x0800f3f0      0x100 obj\debug\src\system_stm32f2xx.o
                0x0800f3f0                SystemCoreClockUpdate
 .text.SetSysClock
                0x0800f4f0       0xd8 obj\debug\src\system_stm32f2xx.o
 .text          0x0800f5c8      0x378 c:/program files (x86)/embitz/2.64/share/armgcc/bin/../lib/gcc/arm-none-eabi/9.3.1/thumb/v7-m/nofp\libgcc.a(_arm_addsubdf3.o)
                0x0800f5c8                __aeabi_drsub
                0x0800f5d0                __aeabi_dsub
                0x0800f5d0                __subdf3
                0x0800f5d4                __aeabi_dadd
                0x0800f5d4                __adddf3
                0x0800f84c                __floatunsidf
                0x0800f84c                __aeabi_ui2d
                0x0800f86c                __floatsidf
                0x0800f86c                __aeabi_i2d
                0x0800f890                __aeabi_f2d
                0x0800f890                __extendsfdf2
                0x0800f8d4                __floatundidf
                0x0800f8d4                __aeabi_ul2d
                0x0800f8e4                __floatdidf
                0x0800f8e4                __aeabi_l2d
 .text          0x0800f940      0x424 c:/program files (x86)/embitz/2.64/share/armgcc/bin/../lib/gcc/arm-none-eabi/9.3.1/thumb/v7-m/nofp\libgcc.a(_arm_muldivdf3.o)
                0x0800f940                __aeabi_dmul
                0x0800f940                __muldf3
                0x0800fb94                __divdf3
                0x0800fb94                __aeabi_ddiv
 .text          0x0800fd64       0x40 c:/program files (x86)/embitz/2.64/share/armgcc/bin/../lib/gcc/arm-none-eabi/9.3.1/thumb/v7-m/nofp\libgcc.a(_arm_fixunsdfsi.o)
                0x0800fd64                __aeabi_d2uiz
                0x0800fd64                __fixunsdfsi
 .text          0x0800fda4       0xa0 c:/program files (x86)/embitz/2.64/share/armgcc/bin/../lib/gcc/arm-none-eabi/9.3.1/thumb/v7-m/nofp\libgcc.a(_arm_truncdfsf2.o)
                0x0800fda4                __truncdfsf2
                0x0800fda4                __aeabi_d2f
 .text          0x0800fe44      0x21c c:/program files (x86)/embitz/2.64/share/armgcc/bin/../lib/gcc/arm-none-eabi/9.3.1/thumb/v7-m/nofp\libgcc.a(_arm_addsubsf3.o)
                0x0800fe44                __aeabi_frsub
                0x0800fe4c                __subsf3
                0x0800fe4c                __aeabi_fsub
                0x0800fe50                __aeabi_fadd
                0x0800fe50                __addsf3
                0x0800ffb0                __aeabi_ui2f
                0x0800ffb0                __floatunsisf
                0x0800ffb8                __aeabi_i2f
                0x0800ffb8                __floatsisf
                0x0800ffd4                __aeabi_ul2f
                0x0800ffd4                __floatundisf
                0x0800ffe4                __aeabi_l2f
                0x0800ffe4                __floatdisf
 .text          0x08010060      0x2a0 c:/program files (x86)/embitz/2.64/share/armgcc/bin/../lib/gcc/arm-none-eabi/9.3.1/thumb/v7-m/nofp\libgcc.a(_arm_muldivsf3.o)
                0x08010060                __mulsf3
                0x08010060                __aeabi_fmul
                0x080101c8                __aeabi_fdiv
                0x080101c8                __divsf3
 .text          0x08010300       0xec c:/program files (x86)/embitz/2.64/share/armgcc/bin/../lib/gcc/arm-none-eabi/9.3.1/thumb/v7-m/nofp\libgcc.a(_arm_cmpsf2.o)
                0x08010300                __gesf2
                0x08010300                __gtsf2
                0x08010308                __lesf2
                0x08010308                __ltsf2
                0x08010310                __nesf2
                0x08010310                __eqsf2
                0x08010310                __cmpsf2
                0x08010370                __aeabi_cfrcmple
                0x08010378                __aeabi_cfcmpeq
                0x08010378                __aeabi_cfcmple
                0x08010388                __aeabi_fcmpeq
                0x0801039c                __aeabi_fcmplt
                0x080103b0                __aeabi_fcmple
                0x080103c4                __aeabi_fcmpge
                0x080103d8                __aeabi_fcmpgt
 .text          0x080103ec       0x40 c:/program files (x86)/embitz/2.64/share/armgcc/bin/../lib/gcc/arm-none-eabi/9.3.1/thumb/v7-m/nofp\libgcc.a(_arm_fixunssfsi.o)
                0x080103ec                __fixunssfsi
                0x080103ec                __aeabi_f2uiz
 .text.atoi     0x0801042c        0x8 c:/program files (x86)/embitz/2.64/share/armgcc/bin/../lib/gcc/arm-none-eabi/9.3.1/../../../../arm-none-eabi/lib/thumb/v7-m/nofp\libg_nano.a(lib_a-atoi.o)
                0x0801042c                atoi
 .text.__errno  0x08010434        0xc c:/program files (x86)/embitz/2.64/share/armgcc/bin/../lib/gcc/arm-none-eabi/9.3.1/../../../../arm-none-eabi/lib/thumb/v7-m/nofp\libg_nano.a(lib_a-errno.o)
                0x08010434                __errno
 .text.exit     0x08010440       0x28 c:/program files (x86)/embitz/2.64/share/armgcc/bin/../lib/gcc/arm-none-eabi/9.3.1/../../../../arm-none-eabi/lib/thumb/v7-m/nofp\libg_nano.a(lib_a-exit.o)
                0x08010440                exit
 .text.__libc_init_array
                0x08010468       0x48 c:/program files (x86)/embitz/2.64/share/armgcc/bin/../lib/gcc/arm-none-eabi/9.3.1/../../../../arm-none-eabi/lib/thumb/v7-m/nofp\libg_nano.a(lib_a-init.o)
                0x08010468                __libc_init_array
 .text.localtime
                0x080104b0       0x3c c:/program files (x86)/embitz/2.64/share/armgcc/bin/../lib/gcc/arm-none-eabi/9.3.1/../../../../arm-none-eabi/lib/thumb/v7-m/nofp\libg_nano.a(lib_a-lcltime.o)
                0x080104b0                localtime
 .text.localtime_r
                0x080104ec      0x1ec c:/program files (x86)/embitz/2.64/share/armgcc/bin/../lib/gcc/arm-none-eabi/9.3.1/../../../../arm-none-eabi/lib/thumb/v7-m/nofp\libg_nano.a(lib_a-lcltime_r.o)
                0x080104ec                localtime_r
 .text.malloc   0x080106d8       0x10 c:/program files (x86)/embitz/2.64/share/armgcc/bin/../lib/gcc/arm-none-eabi/9.3.1/../../../../arm-none-eabi/lib/thumb/v7-m/nofp\libg_nano.a(lib_a-malloc.o)
                0x080106d8                malloc
 .text.free     0x080106e8       0x10 c:/program files (x86)/embitz/2.64/share/armgcc/bin/../lib/gcc/arm-none-eabi/9.3.1/../../../../arm-none-eabi/lib/thumb/v7-m/nofp\libg_nano.a(lib_a-malloc.o)
                0x080106e8                free
 .text.memcmp   0x080106f8       0x1c c:/program files (x86)/embitz/2.64/share/armgcc/bin/../lib/gcc/arm-none-eabi/9.3.1/../../../../arm-none-eabi/lib/thumb/v7-m/nofp\libg_nano.a(lib_a-memcmp.o)
                0x080106f8                memcmp
 .text.memcpy   0x08010714       0x1c c:/program files (x86)/embitz/2.64/share/armgcc/bin/../lib/gcc/arm-none-eabi/9.3.1/../../../../arm-none-eabi/lib/thumb/v7-m/nofp\libg_nano.a(lib_a-memcpy-stub.o)
                0x08010714                memcpy
 .text.memset   0x08010730       0x10 c:/program files (x86)/embitz/2.64/share/armgcc/bin/../lib/gcc/arm-none-eabi/9.3.1/../../../../arm-none-eabi/lib/thumb/v7-m/nofp\libg_nano.a(lib_a-memset.o)
                0x08010730                memset
 .text.validate_structure
                0x08010740      0x1b0 c:/program files (x86)/embitz/2.64/share/armgcc/bin/../lib/gcc/arm-none-eabi/9.3.1/../../../../arm-none-eabi/lib/thumb/v7-m/nofp\libg_nano.a(lib_a-mktime.o)
 .text.mktime   0x080108f0      0x350 c:/program files (x86)/embitz/2.64/share/armgcc/bin/../lib/gcc/arm-none-eabi/9.3.1/../../../../arm-none-eabi/lib/thumb/v7-m/nofp\libg_nano.a(lib_a-mktime.o)
                0x080108f0                mktime
 .text._free_r  0x08010c40       0x98 c:/program files (x86)/embitz/2.64/share/armgcc/bin/../lib/gcc/arm-none-eabi/9.3.1/../../../../arm-none-eabi/lib/thumb/v7-m/nofp\libg_nano.a(lib_a-nano-freer.o)
                0x08010c40                _free_r
 .text._malloc_r
                0x08010cd8       0xb4 c:/program files (x86)/embitz/2.64/share/armgcc/bin/../lib/gcc/arm-none-eabi/9.3.1/../../../../arm-none-eabi/lib/thumb/v7-m/nofp\libg_nano.a(lib_a-nano-mallocr.o)
                0x08010cd8                _malloc_r
 .text.__cvt    0x08010d8c       0xbe c:/program files (x86)/embitz/2.64/share/armgcc/bin/../lib/gcc/arm-none-eabi/9.3.1/../../../../arm-none-eabi/lib/thumb/v7-m/nofp\libg_nano.a(lib_a-nano-vfprintf_float.o)
                0x08010d8c                __cvt
 .text.__exponent
                0x08010e4a       0x7c c:/program files (x86)/embitz/2.64/share/armgcc/bin/../lib/gcc/arm-none-eabi/9.3.1/../../../../arm-none-eabi/lib/thumb/v7-m/nofp\libg_nano.a(lib_a-nano-vfprintf_float.o)
                0x08010e4a                __exponent
 *fill*         0x08010ec6        0x2 
 .text._printf_float
                0x08010ec8      0x458 c:/program files (x86)/embitz/2.64/share/armgcc/bin/../lib/gcc/arm-none-eabi/9.3.1/../../../../arm-none-eabi/lib/thumb/v7-m/nofp\libg_nano.a(lib_a-nano-vfprintf_float.o)
                0x08010ec8                _printf_float
 .text._printf_common
                0x08011320       0xde c:/program files (x86)/embitz/2.64/share/armgcc/bin/../lib/gcc/arm-none-eabi/9.3.1/../../../../arm-none-eabi/lib/thumb/v7-m/nofp\libg_nano.a(lib_a-nano-vfprintf_i.o)
                0x08011320                _printf_common
 *fill*         0x080113fe        0x2 
 .text._printf_i
                0x08011400      0x24c c:/program files (x86)/embitz/2.64/share/armgcc/bin/../lib/gcc/arm-none-eabi/9.3.1/../../../../arm-none-eabi/lib/thumb/v7-m/nofp\libg_nano.a(lib_a-nano-vfprintf_i.o)
                0x08011400                _printf_i
 .text._sbrk_r  0x0801164c       0x20 c:/program files (x86)/embitz/2.64/share/armgcc/bin/../lib/gcc/arm-none-eabi/9.3.1/../../../../arm-none-eabi/lib/thumb/v7-m/nofp\libg_nano.a(lib_a-sbrkr.o)
                0x0801164c                _sbrk_r
 .text.snprintf
                0x0801166c       0x68 c:/program files (x86)/embitz/2.64/share/armgcc/bin/../lib/gcc/arm-none-eabi/9.3.1/../../../../arm-none-eabi/lib/thumb/v7-m/nofp\libg_nano.a(lib_a-snprintf.o)
                0x0801166c                sniprintf
                0x0801166c                snprintf
 .text.strchr   0x080116d4       0x1a c:/program files (x86)/embitz/2.64/share/armgcc/bin/../lib/gcc/arm-none-eabi/9.3.1/../../../../arm-none-eabi/lib/thumb/v7-m/nofp\libg_nano.a(lib_a-strchr.o)
                0x080116d4                strchr
 .text          0x080116ee       0x10 c:/program files (x86)/embitz/2.64/share/armgcc/bin/../lib/gcc/arm-none-eabi/9.3.1/../../../../arm-none-eabi/lib/thumb/v7-m/nofp\libg_nano.a(lib_a-strlen.o)
                0x080116ee                strlen
 *fill*         0x080116fe        0x2 
 .text.strncasecmp
                0x08011700       0x44 c:/program files (x86)/embitz/2.64/share/armgcc/bin/../lib/gcc/arm-none-eabi/9.3.1/../../../../arm-none-eabi/lib/thumb/v7-m/nofp\libg_nano.a(lib_a-strncasecmp.o)
                0x08011700                strncasecmp
 .text.strncpy  0x08011744       0x26 c:/program files (x86)/embitz/2.64/share/armgcc/bin/../lib/gcc/arm-none-eabi/9.3.1/../../../../arm-none-eabi/lib/thumb/v7-m/nofp\libg_nano.a(lib_a-strncpy.o)
                0x08011744                strncpy
 .text.sulp     0x0801176a       0x42 c:/program files (x86)/embitz/2.64/share/armgcc/bin/../lib/gcc/arm-none-eabi/9.3.1/../../../../arm-none-eabi/lib/thumb/v7-m/nofp\libg_nano.a(lib_a-strtod.o)
 *fill*         0x080117ac        0x4 
 .text._strtod_l
                0x080117b0      0xbe8 c:/program files (x86)/embitz/2.64/share/armgcc/bin/../lib/gcc/arm-none-eabi/9.3.1/../../../../arm-none-eabi/lib/thumb/v7-m/nofp\libg_nano.a(lib_a-strtod.o)
                0x080117b0                _strtod_l
 .text.strtof   0x08012398       0xa4 c:/program files (x86)/embitz/2.64/share/armgcc/bin/../lib/gcc/arm-none-eabi/9.3.1/../../../../arm-none-eabi/lib/thumb/v7-m/nofp\libg_nano.a(lib_a-strtod.o)
                0x08012398                strtof
 .text._strtol_l.isra.0
                0x0801243c      0x10c c:/program files (x86)/embitz/2.64/share/armgcc/bin/../lib/gcc/arm-none-eabi/9.3.1/../../../../arm-none-eabi/lib/thumb/v7-m/nofp\libg_nano.a(lib_a-strtol.o)
 .text._strtol_r
                0x08012548        0x4 c:/program files (x86)/embitz/2.64/share/armgcc/bin/../lib/gcc/arm-none-eabi/9.3.1/../../../../arm-none-eabi/lib/thumb/v7-m/nofp\libg_nano.a(lib_a-strtol.o)
                0x08012548                _strtol_r
 .text.strtol   0x0801254c       0x14 c:/program files (x86)/embitz/2.64/share/armgcc/bin/../lib/gcc/arm-none-eabi/9.3.1/../../../../arm-none-eabi/lib/thumb/v7-m/nofp\libg_nano.a(lib_a-strtol.o)
                0x0801254c                strtol
 .text._strtoul_l.isra.0
                0x08012560       0xf8 c:/program files (x86)/embitz/2.64/share/armgcc/bin/../lib/gcc/arm-none-eabi/9.3.1/../../../../arm-none-eabi/lib/thumb/v7-m/nofp\libg_nano.a(lib_a-strtoul.o)
 .text._strtoul_r
                0x08012658        0x4 c:/program files (x86)/embitz/2.64/share/armgcc/bin/../lib/gcc/arm-none-eabi/9.3.1/../../../../arm-none-eabi/lib/thumb/v7-m/nofp\libg_nano.a(lib_a-strtoul.o)
                0x08012658                _strtoul_r
 .text.strtoul  0x0801265c       0x14 c:/program files (x86)/embitz/2.64/share/armgcc/bin/../lib/gcc/arm-none-eabi/9.3.1/../../../../arm-none-eabi/lib/thumb/v7-m/nofp\libg_nano.a(lib_a-strtoul.o)
                0x0801265c                strtoul
 .text.__tzcalc_limits
                0x08012670      0x150 c:/program files (x86)/embitz/2.64/share/armgcc/bin/../lib/gcc/arm-none-eabi/9.3.1/../../../../arm-none-eabi/lib/thumb/v7-m/nofp\libg_nano.a(lib_a-tzcalc_limits.o)
                0x08012670                __tzcalc_limits
 .text.__tz_lock
                0x080127c0        0xc c:/program files (x86)/embitz/2.64/share/armgcc/bin/../lib/gcc/arm-none-eabi/9.3.1/../../../../arm-none-eabi/lib/thumb/v7-m/nofp\libg_nano.a(lib_a-tzlock.o)
                0x080127c0                __tz_lock
 .text.__tz_unlock
                0x080127cc        0xc c:/program files (x86)/embitz/2.64/share/armgcc/bin/../lib/gcc/arm-none-eabi/9.3.1/../../../../arm-none-eabi/lib/thumb/v7-m/nofp\libg_nano.a(lib_a-tzlock.o)
                0x080127cc                __tz_unlock
 .text._tzset_unlocked
                0x080127d8        0xc c:/program files (x86)/embitz/2.64/share/armgcc/bin/../lib/gcc/arm-none-eabi/9.3.1/../../../../arm-none-eabi/lib/thumb/v7-m/nofp\libg_nano.a(lib_a-tzset.o)
                0x080127d8                _tzset_unlocked
 .text._tzset_unlocked_r
                0x080127e4      0x300 c:/program files (x86)/embitz/2.64/share/armgcc/bin/../lib/gcc/arm-none-eabi/9.3.1/../../../../arm-none-eabi/lib/thumb/v7-m/nofp\libg_nano.a(lib_a-tzset_r.o)
                0x080127e4                _tzset_unlocked_r
 .text._vsnprintf_r
                0x08012ae4       0x58 c:/program files (x86)/embitz/2.64/share/armgcc/bin/../lib/gcc/arm-none-eabi/9.3.1/../../../../arm-none-eabi/lib/thumb/v7-m/nofp\libg_nano.a(lib_a-vsnprintf.o)
                0x08012ae4                _vsniprintf_r
                0x08012ae4                _vsnprintf_r
 .text.vsnprintf
                0x08012b3c       0x1c c:/program files (x86)/embitz/2.64/share/armgcc/bin/../lib/gcc/arm-none-eabi/9.3.1/../../../../arm-none-eabi/lib/thumb/v7-m/nofp\libg_nano.a(lib_a-vsnprintf.o)
                0x08012b3c                vsniprintf
                0x08012b3c                vsnprintf
 .text.__swbuf_r
                0x08012b58       0xa4 c:/program files (x86)/embitz/2.64/share/armgcc/bin/../lib/gcc/arm-none-eabi/9.3.1/../../../../arm-none-eabi/lib/thumb/v7-m/nofp\libg_nano.a(lib_a-wbuf.o)
                0x08012b58                __swbuf_r
 .text.__swsetup_r
                0x08012bfc       0xdc c:/program files (x86)/embitz/2.64/share/armgcc/bin/../lib/gcc/arm-none-eabi/9.3.1/../../../../arm-none-eabi/lib/thumb/v7-m/nofp\libg_nano.a(lib_a-wsetup.o)
                0x08012bfc                __swsetup_r
 .text.__assert_func
                0x08012cd8       0x3c c:/program files (x86)/embitz/2.64/share/armgcc/bin/../lib/gcc/arm-none-eabi/9.3.1/../../../../arm-none-eabi/lib/thumb/v7-m/nofp\libg_nano.a(lib_a-assert.o)
                0x08012cd8                __assert_func
 .text.div      0x08012d14       0x28 c:/program files (x86)/embitz/2.64/share/armgcc/bin/../lib/gcc/arm-none-eabi/9.3.1/../../../../arm-none-eabi/lib/thumb/v7-m/nofp\libg_nano.a(lib_a-div.o)
                0x08012d14                div
 .text.quorem   0x08012d3c      0x11a c:/program files (x86)/embitz/2.64/share/armgcc/bin/../lib/gcc/arm-none-eabi/9.3.1/../../../../arm-none-eabi/lib/thumb/v7-m/nofp\libg_nano.a(lib_a-dtoa.o)
 *fill*         0x08012e56        0x2 
 .text._dtoa_r  0x08012e58      0xbdc c:/program files (x86)/embitz/2.64/share/armgcc/bin/../lib/gcc/arm-none-eabi/9.3.1/../../../../arm-none-eabi/lib/thumb/v7-m/nofp\libg_nano.a(lib_a-dtoa.o)
                0x08012e58                _dtoa_r
 .text.__sflush_r
                0x08013a34      0x10c c:/program files (x86)/embitz/2.64/share/armgcc/bin/../lib/gcc/arm-none-eabi/9.3.1/../../../../arm-none-eabi/lib/thumb/v7-m/nofp\libg_nano.a(lib_a-fflush.o)
                0x08013a34                __sflush_r
 .text._fflush_r
                0x08013b40       0x78 c:/program files (x86)/embitz/2.64/share/armgcc/bin/../lib/gcc/arm-none-eabi/9.3.1/../../../../arm-none-eabi/lib/thumb/v7-m/nofp\libg_nano.a(lib_a-fflush.o)
                0x08013b40                _fflush_r
 .text.std      0x08013bb8       0x48 c:/program files (x86)/embitz/2.64/share/armgcc/bin/../lib/gcc/arm-none-eabi/9.3.1/../../../../arm-none-eabi/lib/thumb/v7-m/nofp\libg_nano.a(lib_a-findfp.o)
 .text._cleanup_r
                0x08013c00        0xc c:/program files (x86)/embitz/2.64/share/armgcc/bin/../lib/gcc/arm-none-eabi/9.3.1/../../../../arm-none-eabi/lib/thumb/v7-m/nofp\libg_nano.a(lib_a-findfp.o)
                0x08013c00                _cleanup_r
 .text.__sfmoreglue
                0x08013c0c       0x2c c:/program files (x86)/embitz/2.64/share/armgcc/bin/../lib/gcc/arm-none-eabi/9.3.1/../../../../arm-none-eabi/lib/thumb/v7-m/nofp\libg_nano.a(lib_a-findfp.o)
                0x08013c0c                __sfmoreglue
 .text.__sfp_lock_acquire
                0x08013c38        0xc c:/program files (x86)/embitz/2.64/share/armgcc/bin/../lib/gcc/arm-none-eabi/9.3.1/../../../../arm-none-eabi/lib/thumb/v7-m/nofp\libg_nano.a(lib_a-findfp.o)
                0x08013c38                __sfp_lock_acquire
 .text.__sfp_lock_release
                0x08013c44        0xc c:/program files (x86)/embitz/2.64/share/armgcc/bin/../lib/gcc/arm-none-eabi/9.3.1/../../../../arm-none-eabi/lib/thumb/v7-m/nofp\libg_nano.a(lib_a-findfp.o)
                0x08013c44                __sfp_lock_release
 .text.__sinit_lock_acquire
                0x08013c50        0xc c:/program files (x86)/embitz/2.64/share/armgcc/bin/../lib/gcc/arm-none-eabi/9.3.1/../../../../arm-none-eabi/lib/thumb/v7-m/nofp\libg_nano.a(lib_a-findfp.o)
                0x08013c50                __sinit_lock_acquire
 .text.__sinit_lock_release
                0x08013c5c        0xc c:/program files (x86)/embitz/2.64/share/armgcc/bin/../lib/gcc/arm-none-eabi/9.3.1/../../../../arm-none-eabi/lib/thumb/v7-m/nofp\libg_nano.a(lib_a-findfp.o)
                0x08013c5c                __sinit_lock_release
 .text.__sinit  0x08013c68       0x70 c:/program files (x86)/embitz/2.64/share/armgcc/bin/../lib/gcc/arm-none-eabi/9.3.1/../../../../arm-none-eabi/lib/thumb/v7-m/nofp\libg_nano.a(lib_a-findfp.o)
                0x08013c68                __sinit
 .text.__sfp    0x08013cd8       0x8c c:/program files (x86)/embitz/2.64/share/armgcc/bin/../lib/gcc/arm-none-eabi/9.3.1/../../../../arm-none-eabi/lib/thumb/v7-m/nofp\libg_nano.a(lib_a-findfp.o)
                0x08013cd8                __sfp
 .text.fprintf  0x08013d64       0x24 c:/program files (x86)/embitz/2.64/share/armgcc/bin/../lib/gcc/arm-none-eabi/9.3.1/../../../../arm-none-eabi/lib/thumb/v7-m/nofp\libg_nano.a(lib_a-fprintf.o)
                0x08013d64                fiprintf
                0x08013d64                fprintf
 .text._fwalk_reent
                0x08013d88       0x3e c:/program files (x86)/embitz/2.64/share/armgcc/bin/../lib/gcc/arm-none-eabi/9.3.1/../../../../arm-none-eabi/lib/thumb/v7-m/nofp\libg_nano.a(lib_a-fwalk.o)
                0x08013d88                _fwalk_reent
 .text.rshift   0x08013dc6       0xa6 c:/program files (x86)/embitz/2.64/share/armgcc/bin/../lib/gcc/arm-none-eabi/9.3.1/../../../../arm-none-eabi/lib/thumb/v7-m/nofp\libg_nano.a(lib_a-gdtoa-gethex.o)
 .text.__hexdig_fun
                0x08013e6c       0x2a c:/program files (x86)/embitz/2.64/share/armgcc/bin/../lib/gcc/arm-none-eabi/9.3.1/../../../../arm-none-eabi/lib/thumb/v7-m/nofp\libg_nano.a(lib_a-gdtoa-gethex.o)
                0x08013e6c                __hexdig_fun
 *fill*         0x08013e96        0x2 
 .text.__gethex
                0x08013e98      0x478 c:/program files (x86)/embitz/2.64/share/armgcc/bin/../lib/gcc/arm-none-eabi/9.3.1/../../../../arm-none-eabi/lib/thumb/v7-m/nofp\libg_nano.a(lib_a-gdtoa-gethex.o)
                0x08013e98                __gethex
 .text.L_shift  0x08014310       0x24 c:/program files (x86)/embitz/2.64/share/armgcc/bin/../lib/gcc/arm-none-eabi/9.3.1/../../../../arm-none-eabi/lib/thumb/v7-m/nofp\libg_nano.a(lib_a-gdtoa-hexnan.o)
 .text.__match  0x08014334       0x28 c:/program files (x86)/embitz/2.64/share/armgcc/bin/../lib/gcc/arm-none-eabi/9.3.1/../../../../arm-none-eabi/lib/thumb/v7-m/nofp\libg_nano.a(lib_a-gdtoa-hexnan.o)
                0x08014334                __match
 .text.__hexnan
                0x0801435c      0x138 c:/program files (x86)/embitz/2.64/share/armgcc/bin/../lib/gcc/arm-none-eabi/9.3.1/../../../../arm-none-eabi/lib/thumb/v7-m/nofp\libg_nano.a(lib_a-gdtoa-hexnan.o)
                0x0801435c                __hexnan
 .text._findenv_r
                0x08014494       0x74 c:/program files (x86)/embitz/2.64/share/armgcc/bin/../lib/gcc/arm-none-eabi/9.3.1/../../../../arm-none-eabi/lib/thumb/v7-m/nofp\libg_nano.a(lib_a-getenv_r.o)
                0x08014494                _findenv_r
 .text._getenv_r
                0x08014508        0xe c:/program files (x86)/embitz/2.64/share/armgcc/bin/../lib/gcc/arm-none-eabi/9.3.1/../../../../arm-none-eabi/lib/thumb/v7-m/nofp\libg_nano.a(lib_a-getenv_r.o)
                0x08014508                _getenv_r
 *fill*         0x08014516        0x2 
 .text.__gettzinfo
                0x08014518        0x8 c:/program files (x86)/embitz/2.64/share/armgcc/bin/../lib/gcc/arm-none-eabi/9.3.1/../../../../arm-none-eabi/lib/thumb/v7-m/nofp\libg_nano.a(lib_a-gettzinfo.o)
                0x08014518                __gettzinfo
 .text.gmtime_r
                0x08014520      0x160 c:/program files (x86)/embitz/2.64/share/armgcc/bin/../lib/gcc/arm-none-eabi/9.3.1/../../../../arm-none-eabi/lib/thumb/v7-m/nofp\libg_nano.a(lib_a-gmtime_r.o)
                0x08014520                gmtime_r
 .text._localeconv_r
                0x08014680        0x8 c:/program files (x86)/embitz/2.64/share/armgcc/bin/../lib/gcc/arm-none-eabi/9.3.1/../../../../arm-none-eabi/lib/thumb/v7-m/nofp\libg_nano.a(lib_a-localeconv.o)
                0x08014680                _localeconv_r
 .text.__retarget_lock_init_recursive
                0x08014688        0x2 c:/program files (x86)/embitz/2.64/share/armgcc/bin/../lib/gcc/arm-none-eabi/9.3.1/../../../../arm-none-eabi/lib/thumb/v7-m/nofp\libg_nano.a(lib_a-lock.o)
                0x08014688                __retarget_lock_init_recursive
 .text.__retarget_lock_acquire
                0x0801468a        0x2 c:/program files (x86)/embitz/2.64/share/armgcc/bin/../lib/gcc/arm-none-eabi/9.3.1/../../../../arm-none-eabi/lib/thumb/v7-m/nofp\libg_nano.a(lib_a-lock.o)
                0x0801468a                __retarget_lock_acquire
 .text.__retarget_lock_acquire_recursive
                0x0801468c        0x2 c:/program files (x86)/embitz/2.64/share/armgcc/bin/../lib/gcc/arm-none-eabi/9.3.1/../../../../arm-none-eabi/lib/thumb/v7-m/nofp\libg_nano.a(lib_a-lock.o)
                0x0801468c                __retarget_lock_acquire_recursive
 .text.__retarget_lock_release
                0x0801468e        0x2 c:/program files (x86)/embitz/2.64/share/armgcc/bin/../lib/gcc/arm-none-eabi/9.3.1/../../../../arm-none-eabi/lib/thumb/v7-m/nofp\libg_nano.a(lib_a-lock.o)
                0x0801468e                __retarget_lock_release
 .text.__retarget_lock_release_recursive
                0x08014690        0x2 c:/program files (x86)/embitz/2.64/share/armgcc/bin/../lib/gcc/arm-none-eabi/9.3.1/../../../../arm-none-eabi/lib/thumb/v7-m/nofp\libg_nano.a(lib_a-lock.o)
                0x08014690                __retarget_lock_release_recursive
 .text.__swhatbuf_r
                0x08014692       0x48 c:/program files (x86)/embitz/2.64/share/armgcc/bin/../lib/gcc/arm-none-eabi/9.3.1/../../../../arm-none-eabi/lib/thumb/v7-m/nofp\libg_nano.a(lib_a-makebuf.o)
                0x08014692                __swhatbuf_r
 *fill*         0x080146da        0x2 
 .text.__smakebuf_r
                0x080146dc       0x80 c:/program files (x86)/embitz/2.64/share/armgcc/bin/../lib/gcc/arm-none-eabi/9.3.1/../../../../arm-none-eabi/lib/thumb/v7-m/nofp\libg_nano.a(lib_a-makebuf.o)
                0x080146dc                __smakebuf_r
 .text.__ascii_mbtowc
                0x0801475c       0x24 c:/program files (x86)/embitz/2.64/share/armgcc/bin/../lib/gcc/arm-none-eabi/9.3.1/../../../../arm-none-eabi/lib/thumb/v7-m/nofp\libg_nano.a(lib_a-mbtowc_r.o)
                0x0801475c                __ascii_mbtowc
 .text.memchr   0x08014780       0x1c c:/program files (x86)/embitz/2.64/share/armgcc/bin/../lib/gcc/arm-none-eabi/9.3.1/../../../../arm-none-eabi/lib/thumb/v7-m/nofp\libg_nano.a(lib_a-memchr-stub.o)
                0x08014780                memchr
 .text.__malloc_lock
                0x0801479c        0xc c:/program files (x86)/embitz/2.64/share/armgcc/bin/../lib/gcc/arm-none-eabi/9.3.1/../../../../arm-none-eabi/lib/thumb/v7-m/nofp\libg_nano.a(lib_a-mlock.o)
                0x0801479c                __malloc_lock
 .text.__malloc_unlock
                0x080147a8        0xc c:/program files (x86)/embitz/2.64/share/armgcc/bin/../lib/gcc/arm-none-eabi/9.3.1/../../../../arm-none-eabi/lib/thumb/v7-m/nofp\libg_nano.a(lib_a-mlock.o)
                0x080147a8                __malloc_unlock
 .text._Balloc  0x080147b4       0x80 c:/program files (x86)/embitz/2.64/share/armgcc/bin/../lib/gcc/arm-none-eabi/9.3.1/../../../../arm-none-eabi/lib/thumb/v7-m/nofp\libg_nano.a(lib_a-mprec.o)
                0x080147b4                _Balloc
 .text._Bfree   0x08014834       0x44 c:/program files (x86)/embitz/2.64/share/armgcc/bin/../lib/gcc/arm-none-eabi/9.3.1/../../../../arm-none-eabi/lib/thumb/v7-m/nofp\libg_nano.a(lib_a-mprec.o)
                0x08014834                _Bfree
 .text.__multadd
                0x08014878       0x94 c:/program files (x86)/embitz/2.64/share/armgcc/bin/../lib/gcc/arm-none-eabi/9.3.1/../../../../arm-none-eabi/lib/thumb/v7-m/nofp\libg_nano.a(lib_a-mprec.o)
                0x08014878                __multadd
 .text.__s2b    0x0801490c       0x94 c:/program files (x86)/embitz/2.64/share/armgcc/bin/../lib/gcc/arm-none-eabi/9.3.1/../../../../arm-none-eabi/lib/thumb/v7-m/nofp\libg_nano.a(lib_a-mprec.o)
                0x0801490c                __s2b
 .text.__hi0bits
                0x080149a0       0x40 c:/program files (x86)/embitz/2.64/share/armgcc/bin/../lib/gcc/arm-none-eabi/9.3.1/../../../../arm-none-eabi/lib/thumb/v7-m/nofp\libg_nano.a(lib_a-mprec.o)
                0x080149a0                __hi0bits
 .text.__lo0bits